[2023-11-30T22:26:52.017+0000][gc,init] CardTable entry size: 512
[2023-11-30T22:26:52.018+0000][gc     ] Using G1
[2023-11-30T22:26:52.024+0000][gc,init] Version: 18.0.2.1+1-1 (release)
[2023-11-30T22:26:52.024+0000][gc,init] CPUs: 8 total, 8 available
[2023-11-30T22:26:52.024+0000][gc,init] Memory: 7851M
[2023-11-30T22:26:52.024+0000][gc,init] Large Page Support: Disabled
[2023-11-30T22:26:52.024+0000][gc,init] NUMA Support: Disabled
[2023-11-30T22:26:52.024+0000][gc,init] Compressed Oops: Enabled (32-bit)
[2023-11-30T22:26:52.024+0000][gc,init] Heap Region Size: 1M
[2023-11-30T22:26:52.024+0000][gc,init] Heap Min Capacity: 1G
[2023-11-30T22:26:52.025+0000][gc,init] Heap Initial Capacity: 1G
[2023-11-30T22:26:52.025+0000][gc,init] Heap Max Capacity: 1G
[2023-11-30T22:26:52.025+0000][gc,init] Pre-touch: Disabled
[2023-11-30T22:26:52.025+0000][gc,init] Parallel Workers: 8
[2023-11-30T22:26:52.025+0000][gc,init] Concurrent Workers: 2
[2023-11-30T22:26:52.025+0000][gc,init] Concurrent Refinement Workers: 8
[2023-11-30T22:26:52.025+0000][gc,init] Periodic GC: Disabled
[2023-11-30T22:26:52.025+0000][gc,metaspace] CDS archive(s) mapped at: [0x0000000800000000-0x0000000800bc0000-0x0000000800bc0000), size 12320768, SharedBaseAddress: 0x0000000800000000, ArchiveRelocationMode: 0.
[2023-11-30T22:26:52.025+0000][gc,metaspace] Compressed class space mapped at: 0x0000000800c00000-0x0000000840c00000, reserved size: 1073741824
[2023-11-30T22:26:52.026+0000][gc,metaspace] Narrow klass base: 0x0000000800000000, Narrow klass shift: 0, Narrow klass range: 0x100000000
[2023-11-30T22:26:52.597+0000][gc,start    ] GC(0) Pause Young (Normal) (G1 Evacuation Pause)
[2023-11-30T22:26:52.598+0000][gc,task     ] GC(0) Using 8 workers of 8 for evacuation
[2023-11-30T22:26:52.603+0000][gc,phases   ] GC(0)   Pre Evacuate Collection Set: 0.2ms
[2023-11-30T22:26:52.603+0000][gc,phases   ] GC(0)   Merge Heap Roots: 0.1ms
[2023-11-30T22:26:52.603+0000][gc,phases   ] GC(0)   Evacuate Collection Set: 3.2ms
[2023-11-30T22:26:52.603+0000][gc,phases   ] GC(0)   Post Evacuate Collection Set: 0.7ms
[2023-11-30T22:26:52.603+0000][gc,phases   ] GC(0)   Other: 0.8ms
[2023-11-30T22:26:52.603+0000][gc,heap     ] GC(0) Eden regions: 51->0(44)
[2023-11-30T22:26:52.603+0000][gc,heap     ] GC(0) Survivor regions: 0->7(7)
[2023-11-30T22:26:52.604+0000][gc,heap     ] GC(0) Old regions: 0->1
[2023-11-30T22:26:52.604+0000][gc,heap     ] GC(0) Archive regions: 2->2
[2023-11-30T22:26:52.604+0000][gc,heap     ] GC(0) Humongous regions: 0->0
[2023-11-30T22:26:52.604+0000][gc,metaspace] GC(0) Metaspace: 18679K(18880K)->18679K(18880K) NonClass: 16538K(16640K)->16538K(16640K) Class: 2141K(2240K)->2141K(2240K)
[2023-11-30T22:26:52.604+0000][gc          ] GC(0) Pause Young (Normal) (G1 Evacuation Pause) 51M->8M(1024M) 6.543ms
[2023-11-30T22:26:52.604+0000][gc,cpu      ] GC(0) User=0.01s Sys=0.01s Real=0.01s
[2023-11-30T22:26:52.709+0000][gc,start    ] GC(1) Pause Young (Concurrent Start) (Metadata GC Threshold)
[2023-11-30T22:26:52.709+0000][gc,task     ] GC(1) Using 8 workers of 8 for evacuation
[2023-11-30T22:26:52.713+0000][gc,phases   ] GC(1)   Pre Evacuate Collection Set: 0.3ms
[2023-11-30T22:26:52.714+0000][gc,phases   ] GC(1)   Merge Heap Roots: 0.1ms
[2023-11-30T22:26:52.714+0000][gc,phases   ] GC(1)   Evacuate Collection Set: 3.8ms
[2023-11-30T22:26:52.714+0000][gc,phases   ] GC(1)   Post Evacuate Collection Set: 0.4ms
[2023-11-30T22:26:52.714+0000][gc,phases   ] GC(1)   Other: 0.2ms
[2023-11-30T22:26:52.714+0000][gc,heap     ] GC(1) Eden regions: 11->0(50)
[2023-11-30T22:26:52.714+0000][gc,heap     ] GC(1) Survivor regions: 7->1(7)
[2023-11-30T22:26:52.714+0000][gc,heap     ] GC(1) Old regions: 1->8
[2023-11-30T22:26:52.714+0000][gc,heap     ] GC(1) Archive regions: 2->2
[2023-11-30T22:26:52.715+0000][gc,heap     ] GC(1) Humongous regions: 0->0
[2023-11-30T22:26:52.715+0000][gc,metaspace] GC(1) Metaspace: 21279K(21504K)->21279K(21504K) NonClass: 18787K(18880K)->18787K(18880K) Class: 2492K(2624K)->2492K(2624K)
[2023-11-30T22:26:52.715+0000][gc          ] GC(1) Pause Young (Concurrent Start) (Metadata GC Threshold) 18M->9M(1024M) 6.240ms
[2023-11-30T22:26:52.715+0000][gc,cpu      ] GC(1) User=0.01s Sys=0.01s Real=0.00s
[2023-11-30T22:26:52.715+0000][gc          ] GC(2) Concurrent Mark Cycle
[2023-11-30T22:26:52.715+0000][gc,marking  ] GC(2) Concurrent Clear Claimed Marks
[2023-11-30T22:26:52.716+0000][gc,marking  ] GC(2) Concurrent Clear Claimed Marks 0.359ms
[2023-11-30T22:26:52.716+0000][gc,marking  ] GC(2) Concurrent Scan Root Regions
[2023-11-30T22:26:52.717+0000][gc,marking  ] GC(2) Concurrent Scan Root Regions 1.405ms
[2023-11-30T22:26:52.718+0000][gc,marking  ] GC(2) Concurrent Mark
[2023-11-30T22:26:52.718+0000][gc,marking  ] GC(2) Concurrent Mark From Roots
[2023-11-30T22:26:52.718+0000][gc,task     ] GC(2) Using 2 workers of 2 for marking
[2023-11-30T22:26:52.721+0000][gc,marking  ] GC(2) Concurrent Mark From Roots 2.891ms
[2023-11-30T22:26:52.721+0000][gc,marking  ] GC(2) Concurrent Preclean
[2023-11-30T22:26:52.721+0000][gc,marking  ] GC(2) Concurrent Preclean 0.139ms
[2023-11-30T22:26:52.722+0000][gc,start    ] GC(2) Pause Remark
[2023-11-30T22:26:52.723+0000][gc          ] GC(2) Pause Remark 9M->9M(1024M) 1.555ms
[2023-11-30T22:26:52.723+0000][gc,cpu      ] GC(2) User=0.01s Sys=0.00s Real=0.00s
[2023-11-30T22:26:52.723+0000][gc,marking  ] GC(2) Concurrent Mark 5.731ms
[2023-11-30T22:26:52.724+0000][gc,marking  ] GC(2) Concurrent Rebuild Remembered Sets
[2023-11-30T22:26:52.727+0000][gc,marking  ] GC(2) Concurrent Rebuild Remembered Sets 2.715ms
[2023-11-30T22:26:52.727+0000][gc,start    ] GC(2) Pause Cleanup
[2023-11-30T22:26:52.727+0000][gc          ] GC(2) Pause Cleanup 10M->10M(1024M) 0.372ms
[2023-11-30T22:26:52.728+0000][gc,cpu      ] GC(2) User=0.01s Sys=0.00s Real=0.00s
[2023-11-30T22:26:52.728+0000][gc,marking  ] GC(2) Concurrent Cleanup for Next Mark
[2023-11-30T22:26:52.732+0000][gc,marking  ] GC(2) Concurrent Cleanup for Next Mark 4.756ms
[2023-11-30T22:26:52.733+0000][gc          ] GC(2) Concurrent Mark Cycle 17.685ms
[2023-11-30T22:26:53.286+0000][gc,start    ] GC(3) Pause Young (Normal) (G1 Evacuation Pause)
[2023-11-30T22:26:53.286+0000][gc,task     ] GC(3) Using 8 workers of 8 for evacuation
[2023-11-30T22:26:53.289+0000][gc,phases   ] GC(3)   Pre Evacuate Collection Set: 0.2ms
[2023-11-30T22:26:53.289+0000][gc,phases   ] GC(3)   Merge Heap Roots: 0.1ms
[2023-11-30T22:26:53.289+0000][gc,phases   ] GC(3)   Evacuate Collection Set: 2.2ms
[2023-11-30T22:26:53.290+0000][gc,phases   ] GC(3)   Post Evacuate Collection Set: 0.4ms
[2023-11-30T22:26:53.290+0000][gc,phases   ] GC(3)   Other: 0.2ms
[2023-11-30T22:26:53.290+0000][gc,heap     ] GC(3) Eden regions: 50->0(45)
[2023-11-30T22:26:53.290+0000][gc,heap     ] GC(3) Survivor regions: 1->6(7)
[2023-11-30T22:26:53.290+0000][gc,heap     ] GC(3) Old regions: 8->8
[2023-11-30T22:26:53.290+0000][gc,heap     ] GC(3) Archive regions: 2->2
[2023-11-30T22:26:53.290+0000][gc,heap     ] GC(3) Humongous regions: 129->129
[2023-11-30T22:26:53.290+0000][gc,metaspace] GC(3) Metaspace: 30553K(30848K)->30553K(30848K) NonClass: 27177K(27328K)->27177K(27328K) Class: 3375K(3520K)->3375K(3520K)
[2023-11-30T22:26:53.290+0000][gc          ] GC(3) Pause Young (Normal) (G1 Evacuation Pause) 188M->142M(1024M) 4.219ms
[2023-11-30T22:26:53.290+0000][gc,cpu      ] GC(3) User=0.02s Sys=0.00s Real=0.01s
[2023-11-30T22:26:53.533+0000][gc,start    ] GC(4) Pause Young (Concurrent Start) (Metadata GC Threshold)
[2023-11-30T22:26:53.533+0000][gc,task     ] GC(4) Using 8 workers of 8 for evacuation
[2023-11-30T22:26:53.537+0000][gc,phases   ] GC(4)   Pre Evacuate Collection Set: 0.2ms
[2023-11-30T22:26:53.537+0000][gc,phases   ] GC(4)   Merge Heap Roots: 0.1ms
[2023-11-30T22:26:53.537+0000][gc,phases   ] GC(4)   Evacuate Collection Set: 2.9ms
[2023-11-30T22:26:53.537+0000][gc,phases   ] GC(4)   Post Evacuate Collection Set: 0.5ms
[2023-11-30T22:26:53.537+0000][gc,phases   ] GC(4)   Other: 0.2ms
[2023-11-30T22:26:53.537+0000][gc,heap     ] GC(4) Eden regions: 23->0(49)
[2023-11-30T22:26:53.538+0000][gc,heap     ] GC(4) Survivor regions: 6->2(7)
[2023-11-30T22:26:53.538+0000][gc,heap     ] GC(4) Old regions: 8->13
[2023-11-30T22:26:53.538+0000][gc,heap     ] GC(4) Archive regions: 2->2
[2023-11-30T22:26:53.538+0000][gc,heap     ] GC(4) Humongous regions: 129->129
[2023-11-30T22:26:53.538+0000][gc,metaspace] GC(4) Metaspace: 35766K(36096K)->35766K(36096K) NonClass: 31826K(32000K)->31826K(32000K) Class: 3939K(4096K)->3939K(4096K)
[2023-11-30T22:26:53.538+0000][gc          ] GC(4) Pause Young (Concurrent Start) (Metadata GC Threshold) 165M->144M(1024M) 5.698ms
[2023-11-30T22:26:53.538+0000][gc          ] GC(5) Concurrent Mark Cycle
[2023-11-30T22:26:53.538+0000][gc,marking  ] GC(5) Concurrent Clear Claimed Marks
[2023-11-30T22:26:53.539+0000][gc,marking  ] GC(5) Concurrent Clear Claimed Marks 0.136ms
[2023-11-30T22:26:53.539+0000][gc,marking  ] GC(5) Concurrent Scan Root Regions
[2023-11-30T22:26:53.538+0000][gc,cpu      ] GC(4) User=0.01s Sys=0.01s Real=0.01s
[2023-11-30T22:26:53.541+0000][gc,marking  ] GC(5) Concurrent Scan Root Regions 1.836ms
[2023-11-30T22:26:53.541+0000][gc,marking  ] GC(5) Concurrent Mark
[2023-11-30T22:26:53.541+0000][gc,marking  ] GC(5) Concurrent Mark From Roots
[2023-11-30T22:26:53.541+0000][gc,task     ] GC(5) Using 2 workers of 2 for marking
[2023-11-30T22:26:53.544+0000][gc,marking  ] GC(5) Concurrent Mark From Roots 3.528ms
[2023-11-30T22:26:53.545+0000][gc,marking  ] GC(5) Concurrent Preclean
[2023-11-30T22:26:53.545+0000][gc,marking  ] GC(5) Concurrent Preclean 0.166ms
[2023-11-30T22:26:53.545+0000][gc,start    ] GC(5) Pause Remark
[2023-11-30T22:26:53.547+0000][gc          ] GC(5) Pause Remark 145M->145M(1024M) 1.282ms
[2023-11-30T22:26:53.547+0000][gc,cpu      ] GC(5) User=0.00s Sys=0.00s Real=0.00s
[2023-11-30T22:26:53.547+0000][gc,marking  ] GC(5) Concurrent Mark 6.037ms
[2023-11-30T22:26:53.547+0000][gc,marking  ] GC(5) Concurrent Rebuild Remembered Sets
[2023-11-30T22:26:53.547+0000][gc,marking  ] GC(5) Concurrent Rebuild Remembered Sets 0.146ms
[2023-11-30T22:26:53.547+0000][gc,start    ] GC(5) Pause Cleanup
[2023-11-30T22:26:53.547+0000][gc          ] GC(5) Pause Cleanup 145M->145M(1024M) 0.122ms
[2023-11-30T22:26:53.548+0000][gc,cpu      ] GC(5) User=0.00s Sys=0.00s Real=0.00s
[2023-11-30T22:26:53.548+0000][gc,marking  ] GC(5) Concurrent Cleanup for Next Mark
[2023-11-30T22:26:53.551+0000][gc,marking  ] GC(5) Concurrent Cleanup for Next Mark 3.534ms
[2023-11-30T22:26:53.551+0000][gc          ] GC(5) Concurrent Mark Cycle 13.077ms
[2023-11-30T22:37:08.768+0000][gc,start    ] GC(6) Pause Young (Normal) (G1 Evacuation Pause)
[2023-11-30T22:37:08.769+0000][gc,task     ] GC(6) Using 8 workers of 8 for evacuation
[2023-11-30T22:37:08.780+0000][gc,phases   ] GC(6)   Pre Evacuate Collection Set: 0.8ms
[2023-11-30T22:37:08.780+0000][gc,phases   ] GC(6)   Merge Heap Roots: 0.3ms
[2023-11-30T22:37:08.780+0000][gc,phases   ] GC(6)   Evacuate Collection Set: 7.1ms
[2023-11-30T22:37:08.780+0000][gc,phases   ] GC(6)   Post Evacuate Collection Set: 1.6ms
[2023-11-30T22:37:08.781+0000][gc,phases   ] GC(6)   Other: 0.5ms
[2023-11-30T22:37:08.781+0000][gc,heap     ] GC(6) Eden regions: 49->0(47)
[2023-11-30T22:37:08.781+0000][gc,heap     ] GC(6) Survivor regions: 2->4(7)
[2023-11-30T22:37:08.781+0000][gc,heap     ] GC(6) Old regions: 13->13
[2023-11-30T22:37:08.781+0000][gc,heap     ] GC(6) Archive regions: 2->2
[2023-11-30T22:37:08.782+0000][gc,heap     ] GC(6) Humongous regions: 159->129
[2023-11-30T22:37:08.782+0000][gc,metaspace] GC(6) Metaspace: 40489K(41152K)->40489K(41152K) NonClass: 35717K(36096K)->35717K(36096K) Class: 4771K(5056K)->4771K(5056K)
[2023-11-30T22:37:08.782+0000][gc          ] GC(6) Pause Young (Normal) (G1 Evacuation Pause) 223M->145M(1024M) 14.042ms
[2023-11-30T22:37:08.782+0000][gc,cpu      ] GC(6) User=0.07s Sys=0.00s Real=0.01s
[2023-11-30T22:37:08.791+0000][gc,heap,exit] Heap
[2023-11-30T22:37:08.791+0000][gc,heap,exit]  garbage-first heap   total 1048576K, used 150574K [0x00000000c0000000, 0x0000000100000000)
[2023-11-30T22:37:08.791+0000][gc,heap,exit]   region size 1024K, 6 young (6144K), 4 survivors (4096K)
[2023-11-30T22:37:08.791+0000][gc,heap,exit]  Metaspace       used 40513K, committed 41152K, reserved 1114112K
[2023-11-30T22:37:08.791+0000][gc,heap,exit]   class space    used 4778K, committed 5056K, reserved 1048576K
