[2023-12-06T13:06:41.677+0000][gc,init] CardTable entry size: 512
[2023-12-06T13:06:41.677+0000][gc     ] Using G1
[2023-12-06T13:06:41.684+0000][gc,init] Version: 18.0.2.1+1-1 (release)
[2023-12-06T13:06:41.684+0000][gc,init] CPUs: 8 total, 8 available
[2023-12-06T13:06:41.684+0000][gc,init] Memory: 7851M
[2023-12-06T13:06:41.684+0000][gc,init] Large Page Support: Disabled
[2023-12-06T13:06:41.684+0000][gc,init] NUMA Support: Disabled
[2023-12-06T13:06:41.684+0000][gc,init] Compressed Oops: Enabled (32-bit)
[2023-12-06T13:06:41.684+0000][gc,init] Heap Region Size: 1M
[2023-12-06T13:06:41.684+0000][gc,init] Heap Min Capacity: 1G
[2023-12-06T13:06:41.684+0000][gc,init] Heap Initial Capacity: 1G
[2023-12-06T13:06:41.685+0000][gc,init] Heap Max Capacity: 1G
[2023-12-06T13:06:41.685+0000][gc,init] Pre-touch: Disabled
[2023-12-06T13:06:41.685+0000][gc,init] Parallel Workers: 8
[2023-12-06T13:06:41.685+0000][gc,init] Concurrent Workers: 2
[2023-12-06T13:06:41.685+0000][gc,init] Concurrent Refinement Workers: 8
[2023-12-06T13:06:41.685+0000][gc,init] Periodic GC: Disabled
[2023-12-06T13:06:41.685+0000][gc,metaspace] CDS archive(s) mapped at: [0x0000000800000000-0x0000000800bc0000-0x0000000800bc0000), size 12320768, SharedBaseAddress: 0x0000000800000000, ArchiveRelocationMode: 0.
[2023-12-06T13:06:41.685+0000][gc,metaspace] Compressed class space mapped at: 0x0000000800c00000-0x0000000840c00000, reserved size: 1073741824
[2023-12-06T13:06:41.685+0000][gc,metaspace] Narrow klass base: 0x0000000800000000, Narrow klass shift: 0, Narrow klass range: 0x100000000
[2023-12-06T13:06:42.243+0000][gc,start    ] GC(0) Pause Young (Normal) (G1 Evacuation Pause)
[2023-12-06T13:06:42.244+0000][gc,task     ] GC(0) Using 8 workers of 8 for evacuation
[2023-12-06T13:06:42.248+0000][gc,phases   ] GC(0)   Pre Evacuate Collection Set: 0.1ms
[2023-12-06T13:06:42.248+0000][gc,phases   ] GC(0)   Merge Heap Roots: 0.1ms
[2023-12-06T13:06:42.248+0000][gc,phases   ] GC(0)   Evacuate Collection Set: 3.1ms
[2023-12-06T13:06:42.248+0000][gc,phases   ] GC(0)   Post Evacuate Collection Set: 0.5ms
[2023-12-06T13:06:42.248+0000][gc,phases   ] GC(0)   Other: 0.8ms
[2023-12-06T13:06:42.248+0000][gc,heap     ] GC(0) Eden regions: 51->0(44)
[2023-12-06T13:06:42.248+0000][gc,heap     ] GC(0) Survivor regions: 0->7(7)
[2023-12-06T13:06:42.249+0000][gc,heap     ] GC(0) Old regions: 0->1
[2023-12-06T13:06:42.249+0000][gc,heap     ] GC(0) Archive regions: 2->2
[2023-12-06T13:06:42.249+0000][gc,heap     ] GC(0) Humongous regions: 0->0
[2023-12-06T13:06:42.249+0000][gc,metaspace] GC(0) Metaspace: 18449K(18624K)->18449K(18624K) NonClass: 16339K(16448K)->16339K(16448K) Class: 2109K(2176K)->2109K(2176K)
[2023-12-06T13:06:42.249+0000][gc          ] GC(0) Pause Young (Normal) (G1 Evacuation Pause) 51M->8M(1024M) 6.062ms
[2023-12-06T13:06:42.249+0000][gc,cpu      ] GC(0) User=0.01s Sys=0.01s Real=0.01s
[2023-12-06T13:06:42.472+0000][gc,start    ] GC(1) Pause Young (Concurrent Start) (Metadata GC Threshold)
[2023-12-06T13:06:42.472+0000][gc,task     ] GC(1) Using 8 workers of 8 for evacuation
[2023-12-06T13:06:42.476+0000][gc,phases   ] GC(1)   Pre Evacuate Collection Set: 0.3ms
[2023-12-06T13:06:42.477+0000][gc,phases   ] GC(1)   Merge Heap Roots: 0.0ms
[2023-12-06T13:06:42.477+0000][gc,phases   ] GC(1)   Evacuate Collection Set: 3.7ms
[2023-12-06T13:06:42.477+0000][gc,phases   ] GC(1)   Post Evacuate Collection Set: 0.4ms
[2023-12-06T13:06:42.477+0000][gc,phases   ] GC(1)   Other: 0.2ms
[2023-12-06T13:06:42.477+0000][gc,heap     ] GC(1) Eden regions: 13->0(49)
[2023-12-06T13:06:42.477+0000][gc,heap     ] GC(1) Survivor regions: 7->2(7)
[2023-12-06T13:06:42.478+0000][gc,heap     ] GC(1) Old regions: 1->8
[2023-12-06T13:06:42.478+0000][gc,heap     ] GC(1) Archive regions: 2->2
[2023-12-06T13:06:42.478+0000][gc,heap     ] GC(1) Humongous regions: 129->129
[2023-12-06T13:06:42.478+0000][gc,metaspace] GC(1) Metaspace: 21212K(21504K)->21212K(21504K) NonClass: 18756K(18880K)->18756K(18880K) Class: 2456K(2624K)->2456K(2624K)
[2023-12-06T13:06:42.478+0000][gc          ] GC(1) Pause Young (Concurrent Start) (Metadata GC Threshold) 150M->139M(1024M) 6.761ms
[2023-12-06T13:06:42.479+0000][gc,cpu      ] GC(1) User=0.01s Sys=0.01s Real=0.01s
[2023-12-06T13:06:42.479+0000][gc          ] GC(2) Concurrent Mark Cycle
[2023-12-06T13:06:42.479+0000][gc,marking  ] GC(2) Concurrent Clear Claimed Marks
[2023-12-06T13:06:42.479+0000][gc,marking  ] GC(2) Concurrent Clear Claimed Marks 0.220ms
[2023-12-06T13:06:42.479+0000][gc,marking  ] GC(2) Concurrent Scan Root Regions
[2023-12-06T13:06:42.482+0000][gc,marking  ] GC(2) Concurrent Scan Root Regions 2.244ms
[2023-12-06T13:06:42.482+0000][gc,marking  ] GC(2) Concurrent Mark
[2023-12-06T13:06:42.482+0000][gc,marking  ] GC(2) Concurrent Mark From Roots
[2023-12-06T13:06:42.482+0000][gc,task     ] GC(2) Using 2 workers of 2 for marking
[2023-12-06T13:06:42.484+0000][gc,marking  ] GC(2) Concurrent Mark From Roots 2.029ms
[2023-12-06T13:06:42.485+0000][gc,marking  ] GC(2) Concurrent Preclean
[2023-12-06T13:06:42.485+0000][gc,marking  ] GC(2) Concurrent Preclean 0.209ms
[2023-12-06T13:06:42.485+0000][gc,start    ] GC(2) Pause Remark
[2023-12-06T13:06:42.488+0000][gc          ] GC(2) Pause Remark 140M->140M(1024M) 2.381ms
[2023-12-06T13:06:42.488+0000][gc,cpu      ] GC(2) User=0.01s Sys=0.00s Real=0.01s
[2023-12-06T13:06:42.488+0000][gc,marking  ] GC(2) Concurrent Mark 6.072ms
[2023-12-06T13:06:42.488+0000][gc,marking  ] GC(2) Concurrent Rebuild Remembered Sets
[2023-12-06T13:06:42.490+0000][gc,marking  ] GC(2) Concurrent Rebuild Remembered Sets 1.878ms
[2023-12-06T13:06:42.491+0000][gc,start    ] GC(2) Pause Cleanup
[2023-12-06T13:06:42.491+0000][gc          ] GC(2) Pause Cleanup 140M->140M(1024M) 0.399ms
[2023-12-06T13:06:42.491+0000][gc,cpu      ] GC(2) User=0.00s Sys=0.00s Real=0.00s
[2023-12-06T13:06:42.491+0000][gc,marking  ] GC(2) Concurrent Cleanup for Next Mark
[2023-12-06T13:06:42.498+0000][gc,marking  ] GC(2) Concurrent Cleanup for Next Mark 7.096ms
[2023-12-06T13:06:42.499+0000][gc          ] GC(2) Concurrent Mark Cycle 19.959ms
[2023-12-06T13:06:42.916+0000][gc,start    ] GC(3) Pause Young (Normal) (G1 Evacuation Pause)
[2023-12-06T13:06:42.916+0000][gc,task     ] GC(3) Using 8 workers of 8 for evacuation
[2023-12-06T13:06:42.919+0000][gc,phases   ] GC(3)   Pre Evacuate Collection Set: 0.2ms
[2023-12-06T13:06:42.919+0000][gc,phases   ] GC(3)   Merge Heap Roots: 0.1ms
[2023-12-06T13:06:42.919+0000][gc,phases   ] GC(3)   Evacuate Collection Set: 1.9ms
[2023-12-06T13:06:42.919+0000][gc,phases   ] GC(3)   Post Evacuate Collection Set: 0.5ms
[2023-12-06T13:06:42.919+0000][gc,phases   ] GC(3)   Other: 0.2ms
[2023-12-06T13:06:42.920+0000][gc,heap     ] GC(3) Eden regions: 49->0(45)
[2023-12-06T13:06:42.920+0000][gc,heap     ] GC(3) Survivor regions: 2->6(7)
[2023-12-06T13:06:42.920+0000][gc,heap     ] GC(3) Old regions: 8->8
[2023-12-06T13:06:42.920+0000][gc,heap     ] GC(3) Archive regions: 2->2
[2023-12-06T13:06:42.920+0000][gc,heap     ] GC(3) Humongous regions: 129->129
[2023-12-06T13:06:42.920+0000][gc,metaspace] GC(3) Metaspace: 32471K(32704K)->32471K(32704K) NonClass: 29019K(29120K)->29019K(29120K) Class: 3452K(3584K)->3452K(3584K)
[2023-12-06T13:06:42.920+0000][gc          ] GC(3) Pause Young (Normal) (G1 Evacuation Pause) 188M->143M(1024M) 4.381ms
[2023-12-06T13:06:42.920+0000][gc,cpu      ] GC(3) User=0.02s Sys=0.00s Real=0.01s
[2023-12-06T13:07:42.097+0000][gc,start    ] GC(4) Pause Young (Concurrent Start) (Metadata GC Threshold)
[2023-12-06T13:07:42.097+0000][gc,task     ] GC(4) Using 8 workers of 8 for evacuation
[2023-12-06T13:07:42.103+0000][gc,phases   ] GC(4)   Pre Evacuate Collection Set: 0.3ms
[2023-12-06T13:07:42.103+0000][gc,phases   ] GC(4)   Merge Heap Roots: 0.1ms
[2023-12-06T13:07:42.103+0000][gc,phases   ] GC(4)   Evacuate Collection Set: 4.3ms
[2023-12-06T13:07:42.103+0000][gc,phases   ] GC(4)   Post Evacuate Collection Set: 0.4ms
[2023-12-06T13:07:42.103+0000][gc,phases   ] GC(4)   Other: 0.2ms
[2023-12-06T13:07:42.103+0000][gc,heap     ] GC(4) Eden regions: 20->0(49)
[2023-12-06T13:07:42.103+0000][gc,heap     ] GC(4) Survivor regions: 6->2(7)
[2023-12-06T13:07:42.103+0000][gc,heap     ] GC(4) Old regions: 8->14
[2023-12-06T13:07:42.104+0000][gc,heap     ] GC(4) Archive regions: 2->2
[2023-12-06T13:07:42.104+0000][gc,heap     ] GC(4) Humongous regions: 129->129
[2023-12-06T13:07:42.104+0000][gc,metaspace] GC(4) Metaspace: 35656K(35968K)->35656K(35968K) NonClass: 31699K(31872K)->31699K(31872K) Class: 3957K(4096K)->3957K(4096K)
[2023-12-06T13:07:42.104+0000][gc          ] GC(4) Pause Young (Concurrent Start) (Metadata GC Threshold) 162M->144M(1024M) 6.870ms
[2023-12-06T13:07:42.104+0000][gc          ] GC(5) Concurrent Mark Cycle
[2023-12-06T13:07:42.104+0000][gc,marking  ] GC(5) Concurrent Clear Claimed Marks
[2023-12-06T13:07:42.104+0000][gc,cpu      ] GC(4) User=0.02s Sys=0.00s Real=0.00s
[2023-12-06T13:07:42.104+0000][gc,marking  ] GC(5) Concurrent Clear Claimed Marks 0.123ms
[2023-12-06T13:07:42.105+0000][gc,marking  ] GC(5) Concurrent Scan Root Regions
[2023-12-06T13:07:42.107+0000][gc,marking  ] GC(5) Concurrent Scan Root Regions 2.736ms
[2023-12-06T13:07:42.108+0000][gc,marking  ] GC(5) Concurrent Mark
[2023-12-06T13:07:42.108+0000][gc,marking  ] GC(5) Concurrent Mark From Roots
[2023-12-06T13:07:42.108+0000][gc,task     ] GC(5) Using 2 workers of 2 for marking
[2023-12-06T13:07:42.111+0000][gc,marking  ] GC(5) Concurrent Mark From Roots 3.480ms
[2023-12-06T13:07:42.111+0000][gc,marking  ] GC(5) Concurrent Preclean
[2023-12-06T13:07:42.112+0000][gc,marking  ] GC(5) Concurrent Preclean 0.168ms
[2023-12-06T13:07:42.112+0000][gc,start    ] GC(5) Pause Remark
[2023-12-06T13:07:42.113+0000][gc          ] GC(5) Pause Remark 145M->145M(1024M) 1.534ms
[2023-12-06T13:07:42.113+0000][gc,cpu      ] GC(5) User=0.01s Sys=0.00s Real=0.00s
[2023-12-06T13:07:42.114+0000][gc,marking  ] GC(5) Concurrent Mark 6.091ms
[2023-12-06T13:07:42.114+0000][gc,marking  ] GC(5) Concurrent Rebuild Remembered Sets
[2023-12-06T13:07:42.117+0000][gc,marking  ] GC(5) Concurrent Rebuild Remembered Sets 3.187ms
[2023-12-06T13:07:42.117+0000][gc,start    ] GC(5) Pause Cleanup
[2023-12-06T13:07:42.118+0000][gc          ] GC(5) Pause Cleanup 145M->145M(1024M) 0.283ms
[2023-12-06T13:07:42.118+0000][gc,cpu      ] GC(5) User=0.00s Sys=0.00s Real=0.00s
[2023-12-06T13:07:42.118+0000][gc,marking  ] GC(5) Concurrent Cleanup for Next Mark
[2023-12-06T13:07:42.121+0000][gc,marking  ] GC(5) Concurrent Cleanup for Next Mark 2.604ms
[2023-12-06T13:07:42.121+0000][gc          ] GC(5) Concurrent Mark Cycle 16.907ms
[2023-12-06T13:09:33.174+0000][gc,start    ] GC(6) Pause Young (Prepare Mixed) (G1 Evacuation Pause)
[2023-12-06T13:09:33.175+0000][gc,task     ] GC(6) Using 8 workers of 8 for evacuation
[2023-12-06T13:09:33.178+0000][gc,phases   ] GC(6)   Pre Evacuate Collection Set: 0.3ms
[2023-12-06T13:09:33.178+0000][gc,phases   ] GC(6)   Merge Heap Roots: 0.1ms
[2023-12-06T13:09:33.178+0000][gc,phases   ] GC(6)   Evacuate Collection Set: 1.8ms
[2023-12-06T13:09:33.178+0000][gc,phases   ] GC(6)   Post Evacuate Collection Set: 0.5ms
[2023-12-06T13:09:33.178+0000][gc,phases   ] GC(6)   Other: 0.3ms
[2023-12-06T13:09:33.178+0000][gc,heap     ] GC(6) Eden regions: 49->0(48)
[2023-12-06T13:09:33.178+0000][gc,heap     ] GC(6) Survivor regions: 2->3(7)
[2023-12-06T13:09:33.179+0000][gc,heap     ] GC(6) Old regions: 14->14
[2023-12-06T13:09:33.179+0000][gc,heap     ] GC(6) Archive regions: 2->2
[2023-12-06T13:09:33.179+0000][gc,heap     ] GC(6) Humongous regions: 129->129
[2023-12-06T13:09:33.179+0000][gc,metaspace] GC(6) Metaspace: 37204K(37504K)->37204K(37504K) NonClass: 33121K(33280K)->33121K(33280K) Class: 4083K(4224K)->4083K(4224K)
[2023-12-06T13:09:33.179+0000][gc          ] GC(6) Pause Young (Prepare Mixed) (G1 Evacuation Pause) 193M->145M(1024M) 5.254ms
[2023-12-06T13:09:33.179+0000][gc,cpu      ] GC(6) User=0.01s Sys=0.00s Real=0.00s
[2023-12-06T13:14:17.331+0000][gc,start    ] GC(7) Pause Young (Mixed) (G1 Evacuation Pause)
[2023-12-06T13:14:17.332+0000][gc,task     ] GC(7) Using 8 workers of 8 for evacuation
[2023-12-06T13:14:17.341+0000][gc,phases   ] GC(7)   Pre Evacuate Collection Set: 0.7ms
[2023-12-06T13:14:17.341+0000][gc,phases   ] GC(7)   Merge Heap Roots: 0.2ms
[2023-12-06T13:14:17.342+0000][gc,phases   ] GC(7)   Evacuate Collection Set: 6.0ms
[2023-12-06T13:14:17.342+0000][gc,phases   ] GC(7)   Post Evacuate Collection Set: 1.2ms
[2023-12-06T13:14:17.342+0000][gc,phases   ] GC(7)   Other: 0.5ms
[2023-12-06T13:14:17.342+0000][gc,heap     ] GC(7) Eden regions: 48->0(48)
[2023-12-06T13:14:17.343+0000][gc,heap     ] GC(7) Survivor regions: 3->3(7)
[2023-12-06T13:14:17.343+0000][gc,heap     ] GC(7) Old regions: 14->14
[2023-12-06T13:14:17.343+0000][gc,heap     ] GC(7) Archive regions: 2->2
[2023-12-06T13:14:17.343+0000][gc,heap     ] GC(7) Humongous regions: 129->129
[2023-12-06T13:14:17.344+0000][gc,metaspace] GC(7) Metaspace: 37217K(37504K)->37217K(37504K) NonClass: 33133K(33280K)->33133K(33280K) Class: 4084K(4224K)->4084K(4224K)
[2023-12-06T13:14:17.344+0000][gc          ] GC(7) Pause Young (Mixed) (G1 Evacuation Pause) 193M->145M(1024M) 12.853ms
[2023-12-06T13:14:17.344+0000][gc,cpu      ] GC(7) User=0.04s Sys=0.01s Real=0.01s
[2023-12-06T15:37:16.557+0000][gc,start    ] GC(8) Pause Young (Normal) (G1 Evacuation Pause)
[2023-12-06T15:37:16.559+0000][gc,task     ] GC(8) Using 8 workers of 8 for evacuation
[2023-12-06T15:37:16.566+0000][gc,phases   ] GC(8)   Pre Evacuate Collection Set: 1.1ms
[2023-12-06T15:37:16.567+0000][gc,phases   ] GC(8)   Merge Heap Roots: 0.2ms
[2023-12-06T15:37:16.567+0000][gc,phases   ] GC(8)   Evacuate Collection Set: 4.8ms
[2023-12-06T15:37:16.567+0000][gc,phases   ] GC(8)   Post Evacuate Collection Set: 1.2ms
[2023-12-06T15:37:16.567+0000][gc,phases   ] GC(8)   Other: 0.6ms
[2023-12-06T15:37:16.568+0000][gc,heap     ] GC(8) Eden regions: 48->0(55)
[2023-12-06T15:37:16.568+0000][gc,heap     ] GC(8) Survivor regions: 3->3(7)
[2023-12-06T15:37:16.568+0000][gc,heap     ] GC(8) Old regions: 14->14
[2023-12-06T15:37:16.568+0000][gc,heap     ] GC(8) Archive regions: 2->2
[2023-12-06T15:37:16.568+0000][gc,heap     ] GC(8) Humongous regions: 129->129
[2023-12-06T15:37:16.568+0000][gc,metaspace] GC(8) Metaspace: 37223K(37504K)->37223K(37504K) NonClass: 33139K(33280K)->33139K(33280K) Class: 4084K(4224K)->4084K(4224K)
[2023-12-06T15:37:16.568+0000][gc          ] GC(8) Pause Young (Normal) (G1 Evacuation Pause) 193M->145M(1024M) 11.873ms
[2023-12-06T15:37:16.569+0000][gc,cpu      ] GC(8) User=0.03s Sys=0.00s Real=0.01s
[2023-12-06T15:41:12.613+0000][gc,start    ] GC(9) Pause Young (Normal) (G1 Evacuation Pause)
[2023-12-06T15:41:12.615+0000][gc,task     ] GC(9) Using 8 workers of 8 for evacuation
[2023-12-06T15:41:12.628+0000][gc,phases   ] GC(9)   Pre Evacuate Collection Set: 1.5ms
[2023-12-06T15:41:12.629+0000][gc,phases   ] GC(9)   Merge Heap Roots: 0.3ms
[2023-12-06T15:41:12.629+0000][gc,phases   ] GC(9)   Evacuate Collection Set: 9.3ms
[2023-12-06T15:41:12.629+0000][gc,phases   ] GC(9)   Post Evacuate Collection Set: 1.6ms
[2023-12-06T15:41:12.630+0000][gc,phases   ] GC(9)   Other: 1.1ms
[2023-12-06T15:41:12.630+0000][gc,heap     ] GC(9) Eden regions: 55->0(215)
[2023-12-06T15:41:12.630+0000][gc,heap     ] GC(9) Survivor regions: 3->3(8)
[2023-12-06T15:41:12.630+0000][gc,heap     ] GC(9) Old regions: 14->14
[2023-12-06T15:41:12.631+0000][gc,heap     ] GC(9) Archive regions: 2->2
[2023-12-06T15:41:12.631+0000][gc,heap     ] GC(9) Humongous regions: 129->129
[2023-12-06T15:41:12.631+0000][gc,metaspace] GC(9) Metaspace: 37247K(37632K)->37247K(37632K) NonClass: 33162K(33408K)->33162K(33408K) Class: 4085K(4224K)->4085K(4224K)
[2023-12-06T15:41:12.632+0000][gc          ] GC(9) Pause Young (Normal) (G1 Evacuation Pause) 200M->145M(1024M) 18.969ms
[2023-12-06T15:41:12.632+0000][gc,cpu      ] GC(9) User=0.05s Sys=0.01s Real=0.02s
[2023-12-06T15:56:40.991+0000][gc,start    ] GC(10) Pause Young (Normal) (G1 Evacuation Pause)
[2023-12-06T15:56:40.993+0000][gc,task     ] GC(10) Using 8 workers of 8 for evacuation
[2023-12-06T15:56:41.014+0000][gc,phases   ] GC(10)   Pre Evacuate Collection Set: 1.9ms
[2023-12-06T15:56:41.014+0000][gc,phases   ] GC(10)   Merge Heap Roots: 0.6ms
[2023-12-06T15:56:41.015+0000][gc,phases   ] GC(10)   Evacuate Collection Set: 12.7ms
[2023-12-06T15:56:41.015+0000][gc,phases   ] GC(10)   Post Evacuate Collection Set: 3.4ms
[2023-12-06T15:56:41.015+0000][gc,phases   ] GC(10)   Other: 1.9ms
[2023-12-06T15:56:41.016+0000][gc,heap     ] GC(10) Eden regions: 215->0(178)
[2023-12-06T15:56:41.016+0000][gc,heap     ] GC(10) Survivor regions: 3->3(28)
[2023-12-06T15:56:41.017+0000][gc,heap     ] GC(10) Old regions: 14->14
[2023-12-06T15:56:41.017+0000][gc,heap     ] GC(10) Archive regions: 2->2
[2023-12-06T15:56:41.017+0000][gc,heap     ] GC(10) Humongous regions: 129->129
[2023-12-06T15:56:41.018+0000][gc,metaspace] GC(10) Metaspace: 37302K(37632K)->37302K(37632K) NonClass: 33216K(33408K)->33216K(33408K) Class: 4085K(4224K)->4085K(4224K)
[2023-12-06T15:56:41.018+0000][gc          ] GC(10) Pause Young (Normal) (G1 Evacuation Pause) 360M->145M(1024M) 26.576ms
[2023-12-06T15:56:41.018+0000][gc,cpu      ] GC(10) User=0.07s Sys=0.02s Real=0.03s
[2023-12-06T16:09:34.522+0000][gc,start    ] GC(11) Pause Young (Normal) (G1 Evacuation Pause)
[2023-12-06T16:09:34.523+0000][gc,task     ] GC(11) Using 8 workers of 8 for evacuation
[2023-12-06T16:09:34.531+0000][gc,phases   ] GC(11)   Pre Evacuate Collection Set: 0.9ms
[2023-12-06T16:09:34.531+0000][gc,phases   ] GC(11)   Merge Heap Roots: 0.2ms
[2023-12-06T16:09:34.531+0000][gc,phases   ] GC(11)   Evacuate Collection Set: 4.6ms
[2023-12-06T16:09:34.531+0000][gc,phases   ] GC(11)   Post Evacuate Collection Set: 1.6ms
[2023-12-06T16:09:34.531+0000][gc,phases   ] GC(11)   Other: 0.5ms
[2023-12-06T16:09:34.531+0000][gc,heap     ] GC(11) Eden regions: 178->0(485)
[2023-12-06T16:09:34.532+0000][gc,heap     ] GC(11) Survivor regions: 3->3(23)
[2023-12-06T16:09:34.532+0000][gc,heap     ] GC(11) Old regions: 14->14
[2023-12-06T16:09:34.532+0000][gc,heap     ] GC(11) Archive regions: 2->2
[2023-12-06T16:09:34.532+0000][gc,heap     ] GC(11) Humongous regions: 129->129
[2023-12-06T16:09:34.532+0000][gc,metaspace] GC(11) Metaspace: 37376K(37696K)->37376K(37696K) NonClass: 33291K(33472K)->33291K(33472K) Class: 4085K(4224K)->4085K(4224K)
[2023-12-06T16:09:34.532+0000][gc          ] GC(11) Pause Young (Normal) (G1 Evacuation Pause) 323M->145M(1024M) 10.478ms
[2023-12-06T16:09:34.533+0000][gc,cpu      ] GC(11) User=0.04s Sys=0.00s Real=0.01s
[2023-12-06T16:44:55.350+0000][gc,start    ] GC(12) Pause Young (Normal) (G1 Evacuation Pause)
[2023-12-06T16:44:55.352+0000][gc,task     ] GC(12) Using 8 workers of 8 for evacuation
[2023-12-06T16:44:55.369+0000][gc,phases   ] GC(12)   Pre Evacuate Collection Set: 0.5ms
[2023-12-06T16:44:55.369+0000][gc,phases   ] GC(12)   Merge Heap Roots: 0.2ms
[2023-12-06T16:44:55.369+0000][gc,phases   ] GC(12)   Evacuate Collection Set: 14.4ms
[2023-12-06T16:44:55.369+0000][gc,phases   ] GC(12)   Post Evacuate Collection Set: 1.8ms
[2023-12-06T16:44:55.369+0000][gc,phases   ] GC(12)   Other: 0.4ms
[2023-12-06T16:44:55.369+0000][gc,heap     ] GC(12) Eden regions: 485->0(376)
[2023-12-06T16:44:55.370+0000][gc,heap     ] GC(12) Survivor regions: 3->3(61)
[2023-12-06T16:44:55.370+0000][gc,heap     ] GC(12) Old regions: 14->14
[2023-12-06T16:44:55.370+0000][gc,heap     ] GC(12) Archive regions: 2->2
[2023-12-06T16:44:55.370+0000][gc,heap     ] GC(12) Humongous regions: 129->129
[2023-12-06T16:44:55.370+0000][gc,metaspace] GC(12) Metaspace: 37532K(37888K)->37532K(37888K) NonClass: 33443K(33664K)->33443K(33664K) Class: 4088K(4224K)->4088K(4224K)
[2023-12-06T16:44:55.370+0000][gc          ] GC(12) Pause Young (Normal) (G1 Evacuation Pause) 630M->145M(1024M) 19.806ms
[2023-12-06T16:44:55.370+0000][gc,cpu      ] GC(12) User=0.05s Sys=0.07s Real=0.02s
[2023-12-07T01:36:12.221+0000][gc,start    ] GC(13) Pause Young (Normal) (G1 Evacuation Pause)
[2023-12-07T01:36:12.222+0000][gc,task     ] GC(13) Using 8 workers of 8 for evacuation
[2023-12-07T01:36:12.232+0000][gc,phases   ] GC(13)   Pre Evacuate Collection Set: 0.7ms
[2023-12-07T01:36:12.232+0000][gc,phases   ] GC(13)   Merge Heap Roots: 0.2ms
[2023-12-07T01:36:12.232+0000][gc,phases   ] GC(13)   Evacuate Collection Set: 6.3ms
[2023-12-07T01:36:12.232+0000][gc,phases   ] GC(13)   Post Evacuate Collection Set: 1.9ms
[2023-12-07T01:36:12.232+0000][gc,phases   ] GC(13)   Other: 0.3ms
[2023-12-07T01:36:12.232+0000][gc,heap     ] GC(13) Eden regions: 376->0(611)
[2023-12-07T01:36:12.233+0000][gc,heap     ] GC(13) Survivor regions: 3->3(48)
[2023-12-07T01:36:12.233+0000][gc,heap     ] GC(13) Old regions: 14->14
[2023-12-07T01:36:12.233+0000][gc,heap     ] GC(13) Archive regions: 2->2
[2023-12-07T01:36:12.233+0000][gc,heap     ] GC(13) Humongous regions: 129->129
[2023-12-07T01:36:12.233+0000][gc,metaspace] GC(13) Metaspace: 37587K(37888K)->37587K(37888K) NonClass: 33498K(33664K)->33498K(33664K) Class: 4088K(4224K)->4088K(4224K)
[2023-12-07T01:36:12.233+0000][gc          ] GC(13) Pause Young (Normal) (G1 Evacuation Pause) 521M->145M(1024M) 12.033ms
[2023-12-07T01:36:12.233+0000][gc,cpu      ] GC(13) User=0.05s Sys=0.01s Real=0.01s
[2023-12-07T11:50:13.762+0000][gc,start    ] GC(14) Pause Young (Normal) (G1 Evacuation Pause)
[2023-12-07T11:50:13.762+0000][gc,task     ] GC(14) Using 8 workers of 8 for evacuation
[2023-12-07T11:50:13.773+0000][gc,phases   ] GC(14)   Pre Evacuate Collection Set: 0.7ms
[2023-12-07T11:50:13.773+0000][gc,phases   ] GC(14)   Merge Heap Roots: 0.2ms
[2023-12-07T11:50:13.773+0000][gc,phases   ] GC(14)   Evacuate Collection Set: 6.8ms
[2023-12-07T11:50:13.773+0000][gc,phases   ] GC(14)   Post Evacuate Collection Set: 2.4ms
[2023-12-07T11:50:13.774+0000][gc,phases   ] GC(14)   Other: 0.5ms
[2023-12-07T11:50:13.774+0000][gc,heap     ] GC(14) Eden regions: 611->0(611)
[2023-12-07T11:50:13.774+0000][gc,heap     ] GC(14) Survivor regions: 3->3(77)
[2023-12-07T11:50:13.774+0000][gc,heap     ] GC(14) Old regions: 14->14
[2023-12-07T11:50:13.774+0000][gc,heap     ] GC(14) Archive regions: 2->2
[2023-12-07T11:50:13.774+0000][gc,heap     ] GC(14) Humongous regions: 129->129
[2023-12-07T11:50:13.774+0000][gc,metaspace] GC(14) Metaspace: 37685K(38016K)->37685K(38016K) NonClass: 33597K(33792K)->33597K(33792K) Class: 4088K(4224K)->4088K(4224K)
[2023-12-07T11:50:13.774+0000][gc          ] GC(14) Pause Young (Normal) (G1 Evacuation Pause) 756M->145M(1024M) 12.544ms
[2023-12-07T11:50:13.775+0000][gc,cpu      ] GC(14) User=0.04s Sys=0.01s Real=0.01s
