[2023-12-05T13:43:46.483+0000][gc,init] CardTable entry size: 512
[2023-12-05T13:43:46.483+0000][gc     ] Using G1
[2023-12-05T13:43:46.489+0000][gc,init] Version: 18.0.2.1+1-1 (release)
[2023-12-05T13:43:46.489+0000][gc,init] CPUs: 8 total, 8 available
[2023-12-05T13:43:46.489+0000][gc,init] Memory: 7851M
[2023-12-05T13:43:46.489+0000][gc,init] Large Page Support: Disabled
[2023-12-05T13:43:46.489+0000][gc,init] NUMA Support: Disabled
[2023-12-05T13:43:46.489+0000][gc,init] Compressed Oops: Enabled (32-bit)
[2023-12-05T13:43:46.489+0000][gc,init] Heap Region Size: 1M
[2023-12-05T13:43:46.489+0000][gc,init] Heap Min Capacity: 1G
[2023-12-05T13:43:46.490+0000][gc,init] Heap Initial Capacity: 1G
[2023-12-05T13:43:46.490+0000][gc,init] Heap Max Capacity: 1G
[2023-12-05T13:43:46.490+0000][gc,init] Pre-touch: Disabled
[2023-12-05T13:43:46.490+0000][gc,init] Parallel Workers: 8
[2023-12-05T13:43:46.490+0000][gc,init] Concurrent Workers: 2
[2023-12-05T13:43:46.490+0000][gc,init] Concurrent Refinement Workers: 8
[2023-12-05T13:43:46.490+0000][gc,init] Periodic GC: Disabled
[2023-12-05T13:43:46.490+0000][gc,metaspace] CDS archive(s) mapped at: [0x0000000800000000-0x0000000800bc0000-0x0000000800bc0000), size 12320768, SharedBaseAddress: 0x0000000800000000, ArchiveRelocationMode: 0.
[2023-12-05T13:43:46.490+0000][gc,metaspace] Compressed class space mapped at: 0x0000000800c00000-0x0000000840c00000, reserved size: 1073741824
[2023-12-05T13:43:46.490+0000][gc,metaspace] Narrow klass base: 0x0000000800000000, Narrow klass shift: 0, Narrow klass range: 0x100000000
[2023-12-05T13:43:47.074+0000][gc,start    ] GC(0) Pause Young (Normal) (G1 Evacuation Pause)
[2023-12-05T13:43:47.075+0000][gc,task     ] GC(0) Using 8 workers of 8 for evacuation
[2023-12-05T13:43:47.079+0000][gc,phases   ] GC(0)   Pre Evacuate Collection Set: 0.2ms
[2023-12-05T13:43:47.079+0000][gc,phases   ] GC(0)   Merge Heap Roots: 0.1ms
[2023-12-05T13:43:47.079+0000][gc,phases   ] GC(0)   Evacuate Collection Set: 3.0ms
[2023-12-05T13:43:47.079+0000][gc,phases   ] GC(0)   Post Evacuate Collection Set: 0.5ms
[2023-12-05T13:43:47.079+0000][gc,phases   ] GC(0)   Other: 0.8ms
[2023-12-05T13:43:47.079+0000][gc,heap     ] GC(0) Eden regions: 51->0(44)
[2023-12-05T13:43:47.079+0000][gc,heap     ] GC(0) Survivor regions: 0->7(7)
[2023-12-05T13:43:47.080+0000][gc,heap     ] GC(0) Old regions: 0->1
[2023-12-05T13:43:47.080+0000][gc,heap     ] GC(0) Archive regions: 2->2
[2023-12-05T13:43:47.080+0000][gc,heap     ] GC(0) Humongous regions: 0->0
[2023-12-05T13:43:47.080+0000][gc,metaspace] GC(0) Metaspace: 18641K(18880K)->18641K(18880K) NonClass: 16505K(16640K)->16505K(16640K) Class: 2136K(2240K)->2136K(2240K)
[2023-12-05T13:43:47.080+0000][gc          ] GC(0) Pause Young (Normal) (G1 Evacuation Pause) 51M->8M(1024M) 5.866ms
[2023-12-05T13:43:47.080+0000][gc,cpu      ] GC(0) User=0.01s Sys=0.00s Real=0.01s
[2023-12-05T13:43:47.245+0000][gc,start    ] GC(1) Pause Young (Concurrent Start) (Metadata GC Threshold)
[2023-12-05T13:43:47.245+0000][gc,task     ] GC(1) Using 8 workers of 8 for evacuation
[2023-12-05T13:43:47.249+0000][gc,phases   ] GC(1)   Pre Evacuate Collection Set: 0.2ms
[2023-12-05T13:43:47.249+0000][gc,phases   ] GC(1)   Merge Heap Roots: 0.0ms
[2023-12-05T13:43:47.249+0000][gc,phases   ] GC(1)   Evacuate Collection Set: 3.1ms
[2023-12-05T13:43:47.249+0000][gc,phases   ] GC(1)   Post Evacuate Collection Set: 0.4ms
[2023-12-05T13:43:47.250+0000][gc,phases   ] GC(1)   Other: 0.2ms
[2023-12-05T13:43:47.250+0000][gc,heap     ] GC(1) Eden regions: 11->0(50)
[2023-12-05T13:43:47.250+0000][gc,heap     ] GC(1) Survivor regions: 7->1(7)
[2023-12-05T13:43:47.250+0000][gc,heap     ] GC(1) Old regions: 1->8
[2023-12-05T13:43:47.250+0000][gc,heap     ] GC(1) Archive regions: 2->2
[2023-12-05T13:43:47.250+0000][gc,heap     ] GC(1) Humongous regions: 0->0
[2023-12-05T13:43:47.250+0000][gc,metaspace] GC(1) Metaspace: 21229K(21504K)->21229K(21504K) NonClass: 18767K(18880K)->18767K(18880K) Class: 2461K(2624K)->2461K(2624K)
[2023-12-05T13:43:47.250+0000][gc          ] GC(1) Pause Young (Concurrent Start) (Metadata GC Threshold) 19M->9M(1024M) 5.173ms
[2023-12-05T13:43:47.250+0000][gc,cpu      ] GC(1) User=0.02s Sys=0.00s Real=0.01s
[2023-12-05T13:43:47.250+0000][gc          ] GC(2) Concurrent Mark Cycle
[2023-12-05T13:43:47.251+0000][gc,marking  ] GC(2) Concurrent Clear Claimed Marks
[2023-12-05T13:43:47.251+0000][gc,marking  ] GC(2) Concurrent Clear Claimed Marks 0.287ms
[2023-12-05T13:43:47.251+0000][gc,marking  ] GC(2) Concurrent Scan Root Regions
[2023-12-05T13:43:47.253+0000][gc,marking  ] GC(2) Concurrent Scan Root Regions 1.802ms
[2023-12-05T13:43:47.253+0000][gc,marking  ] GC(2) Concurrent Mark
[2023-12-05T13:43:47.254+0000][gc,marking  ] GC(2) Concurrent Mark From Roots
[2023-12-05T13:43:47.254+0000][gc,task     ] GC(2) Using 2 workers of 2 for marking
[2023-12-05T13:43:47.255+0000][gc,marking  ] GC(2) Concurrent Mark From Roots 1.730ms
[2023-12-05T13:43:47.256+0000][gc,marking  ] GC(2) Concurrent Preclean
[2023-12-05T13:43:47.256+0000][gc,marking  ] GC(2) Concurrent Preclean 0.293ms
[2023-12-05T13:43:47.257+0000][gc,start    ] GC(2) Pause Remark
[2023-12-05T13:43:47.258+0000][gc          ] GC(2) Pause Remark 9M->9M(1024M) 1.439ms
[2023-12-05T13:43:47.258+0000][gc,cpu      ] GC(2) User=0.01s Sys=0.00s Real=0.01s
[2023-12-05T13:43:47.258+0000][gc,marking  ] GC(2) Concurrent Mark 5.013ms
[2023-12-05T13:43:47.259+0000][gc,marking  ] GC(2) Concurrent Rebuild Remembered Sets
[2023-12-05T13:43:47.261+0000][gc,marking  ] GC(2) Concurrent Rebuild Remembered Sets 2.164ms
[2023-12-05T13:43:47.261+0000][gc,start    ] GC(2) Pause Cleanup
[2023-12-05T13:43:47.261+0000][gc          ] GC(2) Pause Cleanup 9M->9M(1024M) 0.254ms
[2023-12-05T13:43:47.262+0000][gc,cpu      ] GC(2) User=0.00s Sys=0.00s Real=0.00s
[2023-12-05T13:43:47.262+0000][gc,marking  ] GC(2) Concurrent Cleanup for Next Mark
[2023-12-05T13:43:47.265+0000][gc,marking  ] GC(2) Concurrent Cleanup for Next Mark 3.507ms
[2023-12-05T13:43:47.266+0000][gc          ] GC(2) Concurrent Mark Cycle 15.346ms
[2023-12-05T13:43:47.923+0000][gc,start    ] GC(3) Pause Young (Normal) (G1 Evacuation Pause)
[2023-12-05T13:43:47.923+0000][gc,task     ] GC(3) Using 8 workers of 8 for evacuation
[2023-12-05T13:43:47.927+0000][gc,phases   ] GC(3)   Pre Evacuate Collection Set: 0.2ms
[2023-12-05T13:43:47.927+0000][gc,phases   ] GC(3)   Merge Heap Roots: 0.1ms
[2023-12-05T13:43:47.928+0000][gc,phases   ] GC(3)   Evacuate Collection Set: 2.7ms
[2023-12-05T13:43:47.928+0000][gc,phases   ] GC(3)   Post Evacuate Collection Set: 0.8ms
[2023-12-05T13:43:47.928+0000][gc,phases   ] GC(3)   Other: 0.2ms
[2023-12-05T13:43:47.928+0000][gc,heap     ] GC(3) Eden regions: 50->0(45)
[2023-12-05T13:43:47.928+0000][gc,heap     ] GC(3) Survivor regions: 1->6(7)
[2023-12-05T13:43:47.928+0000][gc,heap     ] GC(3) Old regions: 8->8
[2023-12-05T13:43:47.928+0000][gc,heap     ] GC(3) Archive regions: 2->2
[2023-12-05T13:43:47.928+0000][gc,heap     ] GC(3) Humongous regions: 129->129
[2023-12-05T13:43:47.928+0000][gc,metaspace] GC(3) Metaspace: 29473K(29760K)->29473K(29760K) NonClass: 26251K(26432K)->26251K(26432K) Class: 3222K(3328K)->3222K(3328K)
[2023-12-05T13:43:47.929+0000][gc          ] GC(3) Pause Young (Normal) (G1 Evacuation Pause) 188M->142M(1024M) 5.664ms
[2023-12-05T13:43:47.929+0000][gc,cpu      ] GC(3) User=0.03s Sys=0.00s Real=0.01s
[2023-12-05T13:43:48.166+0000][gc,start    ] GC(4) Pause Young (Concurrent Start) (Metadata GC Threshold)
[2023-12-05T13:43:48.166+0000][gc,task     ] GC(4) Using 8 workers of 8 for evacuation
[2023-12-05T13:43:48.170+0000][gc,phases   ] GC(4)   Pre Evacuate Collection Set: 0.2ms
[2023-12-05T13:43:48.170+0000][gc,phases   ] GC(4)   Merge Heap Roots: 0.0ms
[2023-12-05T13:43:48.170+0000][gc,phases   ] GC(4)   Evacuate Collection Set: 2.7ms
[2023-12-05T13:43:48.171+0000][gc,phases   ] GC(4)   Post Evacuate Collection Set: 0.5ms
[2023-12-05T13:43:48.171+0000][gc,phases   ] GC(4)   Other: 0.2ms
[2023-12-05T13:43:48.171+0000][gc,heap     ] GC(4) Eden regions: 29->0(48)
[2023-12-05T13:43:48.171+0000][gc,heap     ] GC(4) Survivor regions: 6->3(7)
[2023-12-05T13:43:48.171+0000][gc,heap     ] GC(4) Old regions: 8->13
[2023-12-05T13:43:48.172+0000][gc,heap     ] GC(4) Archive regions: 2->2
[2023-12-05T13:43:48.172+0000][gc,heap     ] GC(4) Humongous regions: 129->129
[2023-12-05T13:43:48.172+0000][gc,metaspace] GC(4) Metaspace: 35664K(35968K)->35664K(35968K) NonClass: 31780K(31936K)->31780K(31936K) Class: 3884K(4032K)->3884K(4032K)
[2023-12-05T13:43:48.172+0000][gc          ] GC(4) Pause Young (Concurrent Start) (Metadata GC Threshold) 171M->145M(1024M) 5.924ms
[2023-12-05T13:43:48.172+0000][gc,cpu      ] GC(4) User=0.02s Sys=0.01s Real=0.01s
[2023-12-05T13:43:48.172+0000][gc          ] GC(5) Concurrent Mark Cycle
[2023-12-05T13:43:48.173+0000][gc,marking  ] GC(5) Concurrent Clear Claimed Marks
[2023-12-05T13:43:48.174+0000][gc,marking  ] GC(5) Concurrent Clear Claimed Marks 0.443ms
[2023-12-05T13:43:48.174+0000][gc,marking  ] GC(5) Concurrent Scan Root Regions
[2023-12-05T13:43:48.176+0000][gc,marking  ] GC(5) Concurrent Scan Root Regions 1.851ms
[2023-12-05T13:43:48.176+0000][gc,marking  ] GC(5) Concurrent Mark
[2023-12-05T13:43:48.177+0000][gc,marking  ] GC(5) Concurrent Mark From Roots
[2023-12-05T13:43:48.177+0000][gc,task     ] GC(5) Using 2 workers of 2 for marking
[2023-12-05T13:43:48.180+0000][gc,marking  ] GC(5) Concurrent Mark From Roots 3.639ms
[2023-12-05T13:43:48.181+0000][gc,marking  ] GC(5) Concurrent Preclean
[2023-12-05T13:43:48.181+0000][gc,marking  ] GC(5) Concurrent Preclean 0.223ms
[2023-12-05T13:43:48.181+0000][gc,start    ] GC(5) Pause Remark
[2023-12-05T13:43:48.183+0000][gc          ] GC(5) Pause Remark 146M->146M(1024M) 1.522ms
[2023-12-05T13:43:48.183+0000][gc,cpu      ] GC(5) User=0.00s Sys=0.00s Real=0.00s
[2023-12-05T13:43:48.183+0000][gc,marking  ] GC(5) Concurrent Mark 6.655ms
[2023-12-05T13:43:48.183+0000][gc,marking  ] GC(5) Concurrent Rebuild Remembered Sets
[2023-12-05T13:43:48.187+0000][gc,marking  ] GC(5) Concurrent Rebuild Remembered Sets 3.558ms
[2023-12-05T13:43:48.187+0000][gc,start    ] GC(5) Pause Cleanup
[2023-12-05T13:43:48.188+0000][gc          ] GC(5) Pause Cleanup 146M->146M(1024M) 0.680ms
[2023-12-05T13:43:48.189+0000][gc,cpu      ] GC(5) User=0.00s Sys=0.00s Real=0.01s
[2023-12-05T13:43:48.189+0000][gc,marking  ] GC(5) Concurrent Cleanup for Next Mark
[2023-12-05T13:43:48.194+0000][gc,marking  ] GC(5) Concurrent Cleanup for Next Mark 4.582ms
[2023-12-05T13:43:48.194+0000][gc          ] GC(5) Concurrent Mark Cycle 21.343ms
[2023-12-05T13:46:15.973+0000][gc,heap,exit] Heap
[2023-12-05T13:46:15.973+0000][gc,heap,exit]  garbage-first heap   total 1048576K, used 198893K [0x00000000c0000000, 0x0000000100000000)
[2023-12-05T13:46:15.974+0000][gc,heap,exit]   region size 1024K, 47 young (48128K), 3 survivors (3072K)
[2023-12-05T13:46:15.974+0000][gc,heap,exit]  Metaspace       used 40392K, committed 40960K, reserved 1114112K
[2023-12-05T13:46:15.974+0000][gc,heap,exit]   class space    used 4716K, committed 4992K, reserved 1048576K
