[2023-12-01T21:15:20.479+0000][gc,init] CardTable entry size: 512
[2023-12-01T21:15:20.479+0000][gc     ] Using G1
[2023-12-01T21:15:20.486+0000][gc,init] Version: 18.0.2.1+1-1 (release)
[2023-12-01T21:15:20.486+0000][gc,init] CPUs: 8 total, 8 available
[2023-12-01T21:15:20.486+0000][gc,init] Memory: 7851M
[2023-12-01T21:15:20.486+0000][gc,init] Large Page Support: Disabled
[2023-12-01T21:15:20.486+0000][gc,init] NUMA Support: Disabled
[2023-12-01T21:15:20.486+0000][gc,init] Compressed Oops: Enabled (32-bit)
[2023-12-01T21:15:20.486+0000][gc,init] Heap Region Size: 1M
[2023-12-01T21:15:20.486+0000][gc,init] Heap Min Capacity: 1G
[2023-12-01T21:15:20.486+0000][gc,init] Heap Initial Capacity: 1G
[2023-12-01T21:15:20.486+0000][gc,init] Heap Max Capacity: 1G
[2023-12-01T21:15:20.487+0000][gc,init] Pre-touch: Disabled
[2023-12-01T21:15:20.487+0000][gc,init] Parallel Workers: 8
[2023-12-01T21:15:20.487+0000][gc,init] Concurrent Workers: 2
[2023-12-01T21:15:20.487+0000][gc,init] Concurrent Refinement Workers: 8
[2023-12-01T21:15:20.487+0000][gc,init] Periodic GC: Disabled
[2023-12-01T21:15:20.487+0000][gc,metaspace] CDS archive(s) mapped at: [0x0000000800000000-0x0000000800bc0000-0x0000000800bc0000), size 12320768, SharedBaseAddress: 0x0000000800000000, ArchiveRelocationMode: 0.
[2023-12-01T21:15:20.487+0000][gc,metaspace] Compressed class space mapped at: 0x0000000800c00000-0x0000000840c00000, reserved size: 1073741824
[2023-12-01T21:15:20.487+0000][gc,metaspace] Narrow klass base: 0x0000000800000000, Narrow klass shift: 0, Narrow klass range: 0x100000000
[2023-12-01T21:15:21.073+0000][gc,start    ] GC(0) Pause Young (Normal) (G1 Evacuation Pause)
[2023-12-01T21:15:21.074+0000][gc,task     ] GC(0) Using 8 workers of 8 for evacuation
[2023-12-01T21:15:21.078+0000][gc,phases   ] GC(0)   Pre Evacuate Collection Set: 0.1ms
[2023-12-01T21:15:21.079+0000][gc,phases   ] GC(0)   Merge Heap Roots: 0.1ms
[2023-12-01T21:15:21.079+0000][gc,phases   ] GC(0)   Evacuate Collection Set: 3.2ms
[2023-12-01T21:15:21.079+0000][gc,phases   ] GC(0)   Post Evacuate Collection Set: 0.6ms
[2023-12-01T21:15:21.079+0000][gc,phases   ] GC(0)   Other: 0.9ms
[2023-12-01T21:15:21.079+0000][gc,heap     ] GC(0) Eden regions: 51->0(44)
[2023-12-01T21:15:21.079+0000][gc,heap     ] GC(0) Survivor regions: 0->7(7)
[2023-12-01T21:15:21.079+0000][gc,heap     ] GC(0) Old regions: 0->1
[2023-12-01T21:15:21.080+0000][gc,heap     ] GC(0) Archive regions: 2->2
[2023-12-01T21:15:21.080+0000][gc,heap     ] GC(0) Humongous regions: 0->0
[2023-12-01T21:15:21.080+0000][gc,metaspace] GC(0) Metaspace: 18640K(18880K)->18640K(18880K) NonClass: 16504K(16640K)->16504K(16640K) Class: 2136K(2240K)->2136K(2240K)
[2023-12-01T21:15:21.080+0000][gc          ] GC(0) Pause Young (Normal) (G1 Evacuation Pause) 51M->8M(1024M) 6.651ms
[2023-12-01T21:15:21.080+0000][gc,cpu      ] GC(0) User=0.02s Sys=0.01s Real=0.00s
[2023-12-01T21:15:21.193+0000][gc,start    ] GC(1) Pause Young (Concurrent Start) (Metadata GC Threshold)
[2023-12-01T21:15:21.193+0000][gc,task     ] GC(1) Using 8 workers of 8 for evacuation
[2023-12-01T21:15:21.197+0000][gc,phases   ] GC(1)   Pre Evacuate Collection Set: 0.3ms
[2023-12-01T21:15:21.197+0000][gc,phases   ] GC(1)   Merge Heap Roots: 0.1ms
[2023-12-01T21:15:21.197+0000][gc,phases   ] GC(1)   Evacuate Collection Set: 3.3ms
[2023-12-01T21:15:21.197+0000][gc,phases   ] GC(1)   Post Evacuate Collection Set: 0.4ms
[2023-12-01T21:15:21.198+0000][gc,phases   ] GC(1)   Other: 0.2ms
[2023-12-01T21:15:21.198+0000][gc,heap     ] GC(1) Eden regions: 11->0(49)
[2023-12-01T21:15:21.198+0000][gc,heap     ] GC(1) Survivor regions: 7->2(7)
[2023-12-01T21:15:21.198+0000][gc,heap     ] GC(1) Old regions: 1->8
[2023-12-01T21:15:21.198+0000][gc,heap     ] GC(1) Archive regions: 2->2
[2023-12-01T21:15:21.198+0000][gc,heap     ] GC(1) Humongous regions: 0->0
[2023-12-01T21:15:21.198+0000][gc,metaspace] GC(1) Metaspace: 21281K(21504K)->21281K(21504K) NonClass: 18789K(18880K)->18789K(18880K) Class: 2492K(2624K)->2492K(2624K)
[2023-12-01T21:15:21.198+0000][gc          ] GC(1) Pause Young (Concurrent Start) (Metadata GC Threshold) 18M->9M(1024M) 5.495ms
[2023-12-01T21:15:21.198+0000][gc,cpu      ] GC(1) User=0.01s Sys=0.01s Real=0.01s
[2023-12-01T21:15:21.198+0000][gc          ] GC(2) Concurrent Mark Cycle
[2023-12-01T21:15:21.199+0000][gc,marking  ] GC(2) Concurrent Clear Claimed Marks
[2023-12-01T21:15:21.199+0000][gc,marking  ] GC(2) Concurrent Clear Claimed Marks 0.189ms
[2023-12-01T21:15:21.199+0000][gc,marking  ] GC(2) Concurrent Scan Root Regions
[2023-12-01T21:15:21.201+0000][gc,marking  ] GC(2) Concurrent Scan Root Regions 1.565ms
[2023-12-01T21:15:21.201+0000][gc,marking  ] GC(2) Concurrent Mark
[2023-12-01T21:15:21.201+0000][gc,marking  ] GC(2) Concurrent Mark From Roots
[2023-12-01T21:15:21.201+0000][gc,task     ] GC(2) Using 2 workers of 2 for marking
[2023-12-01T21:15:21.203+0000][gc,marking  ] GC(2) Concurrent Mark From Roots 2.498ms
[2023-12-01T21:15:21.204+0000][gc,marking  ] GC(2) Concurrent Preclean
[2023-12-01T21:15:21.204+0000][gc,marking  ] GC(2) Concurrent Preclean 0.328ms
[2023-12-01T21:15:21.204+0000][gc,start    ] GC(2) Pause Remark
[2023-12-01T21:15:21.206+0000][gc          ] GC(2) Pause Remark 9M->9M(1024M) 1.248ms
[2023-12-01T21:15:21.206+0000][gc,cpu      ] GC(2) User=0.00s Sys=0.00s Real=0.00s
[2023-12-01T21:15:21.206+0000][gc,marking  ] GC(2) Concurrent Mark 5.174ms
[2023-12-01T21:15:21.206+0000][gc,marking  ] GC(2) Concurrent Rebuild Remembered Sets
[2023-12-01T21:15:21.208+0000][gc,marking  ] GC(2) Concurrent Rebuild Remembered Sets 1.916ms
[2023-12-01T21:15:21.208+0000][gc,start    ] GC(2) Pause Cleanup
[2023-12-01T21:15:21.209+0000][gc          ] GC(2) Pause Cleanup 10M->10M(1024M) 0.219ms
[2023-12-01T21:15:21.209+0000][gc,cpu      ] GC(2) User=0.00s Sys=0.00s Real=0.00s
[2023-12-01T21:15:21.209+0000][gc,marking  ] GC(2) Concurrent Cleanup for Next Mark
[2023-12-01T21:15:21.215+0000][gc,marking  ] GC(2) Concurrent Cleanup for Next Mark 6.058ms
[2023-12-01T21:15:21.215+0000][gc          ] GC(2) Concurrent Mark Cycle 16.781ms
[2023-12-01T21:15:21.846+0000][gc,start    ] GC(3) Pause Young (Normal) (G1 Evacuation Pause)
[2023-12-01T21:15:21.846+0000][gc,task     ] GC(3) Using 8 workers of 8 for evacuation
[2023-12-01T21:15:21.850+0000][gc,phases   ] GC(3)   Pre Evacuate Collection Set: 0.2ms
[2023-12-01T21:15:21.850+0000][gc,phases   ] GC(3)   Merge Heap Roots: 0.1ms
[2023-12-01T21:15:21.850+0000][gc,phases   ] GC(3)   Evacuate Collection Set: 2.6ms
[2023-12-01T21:15:21.850+0000][gc,phases   ] GC(3)   Post Evacuate Collection Set: 0.6ms
[2023-12-01T21:15:21.850+0000][gc,phases   ] GC(3)   Other: 0.2ms
[2023-12-01T21:15:21.850+0000][gc,heap     ] GC(3) Eden regions: 49->0(45)
[2023-12-01T21:15:21.851+0000][gc,heap     ] GC(3) Survivor regions: 2->6(7)
[2023-12-01T21:15:21.851+0000][gc,heap     ] GC(3) Old regions: 8->8
[2023-12-01T21:15:21.851+0000][gc,heap     ] GC(3) Archive regions: 2->2
[2023-12-01T21:15:21.851+0000][gc,heap     ] GC(3) Humongous regions: 129->129
[2023-12-01T21:15:21.851+0000][gc,metaspace] GC(3) Metaspace: 30368K(30720K)->30368K(30720K) NonClass: 27021K(27200K)->27021K(27200K) Class: 3346K(3520K)->3346K(3520K)
[2023-12-01T21:15:21.851+0000][gc          ] GC(3) Pause Young (Normal) (G1 Evacuation Pause) 187M->143M(1024M) 5.444ms
[2023-12-01T21:15:21.851+0000][gc,cpu      ] GC(3) User=0.01s Sys=0.00s Real=0.00s
[2023-12-01T21:15:22.063+0000][gc,start    ] GC(4) Pause Young (Concurrent Start) (Metadata GC Threshold)
[2023-12-01T21:15:22.063+0000][gc,task     ] GC(4) Using 8 workers of 8 for evacuation
[2023-12-01T21:15:22.068+0000][gc,phases   ] GC(4)   Pre Evacuate Collection Set: 0.2ms
[2023-12-01T21:15:22.068+0000][gc,phases   ] GC(4)   Merge Heap Roots: 0.1ms
[2023-12-01T21:15:22.069+0000][gc,phases   ] GC(4)   Evacuate Collection Set: 4.6ms
[2023-12-01T21:15:22.069+0000][gc,phases   ] GC(4)   Post Evacuate Collection Set: 0.5ms
[2023-12-01T21:15:22.069+0000][gc,phases   ] GC(4)   Other: 0.2ms
[2023-12-01T21:15:22.069+0000][gc,heap     ] GC(4) Eden regions: 23->0(48)
[2023-12-01T21:15:22.069+0000][gc,heap     ] GC(4) Survivor regions: 6->3(7)
[2023-12-01T21:15:22.069+0000][gc,heap     ] GC(4) Old regions: 8->14
[2023-12-01T21:15:22.069+0000][gc,heap     ] GC(4) Archive regions: 2->2
[2023-12-01T21:15:22.069+0000][gc,heap     ] GC(4) Humongous regions: 129->129
[2023-12-01T21:15:22.070+0000][gc,metaspace] GC(4) Metaspace: 35757K(36096K)->35757K(36096K) NonClass: 31828K(32000K)->31828K(32000K) Class: 3929K(4096K)->3929K(4096K)
[2023-12-01T21:15:22.070+0000][gc          ] GC(4) Pause Young (Concurrent Start) (Metadata GC Threshold) 165M->145M(1024M) 7.123ms
[2023-12-01T21:15:22.070+0000][gc          ] GC(5) Concurrent Mark Cycle
[2023-12-01T21:15:22.070+0000][gc,marking  ] GC(5) Concurrent Clear Claimed Marks
[2023-12-01T21:15:22.070+0000][gc,cpu      ] GC(4) User=0.02s Sys=0.01s Real=0.01s
[2023-12-01T21:15:22.070+0000][gc,marking  ] GC(5) Concurrent Clear Claimed Marks 0.132ms
[2023-12-01T21:15:22.071+0000][gc,marking  ] GC(5) Concurrent Scan Root Regions
[2023-12-01T21:15:22.073+0000][gc,marking  ] GC(5) Concurrent Scan Root Regions 2.480ms
[2023-12-01T21:15:22.074+0000][gc,marking  ] GC(5) Concurrent Mark
[2023-12-01T21:15:22.074+0000][gc,marking  ] GC(5) Concurrent Mark From Roots
[2023-12-01T21:15:22.074+0000][gc,task     ] GC(5) Using 2 workers of 2 for marking
[2023-12-01T21:15:22.078+0000][gc,marking  ] GC(5) Concurrent Mark From Roots 3.917ms
[2023-12-01T21:15:22.078+0000][gc,marking  ] GC(5) Concurrent Preclean
[2023-12-01T21:15:22.079+0000][gc,marking  ] GC(5) Concurrent Preclean 0.258ms
[2023-12-01T21:15:22.079+0000][gc,start    ] GC(5) Pause Remark
[2023-12-01T21:15:22.081+0000][gc          ] GC(5) Pause Remark 146M->146M(1024M) 1.507ms
[2023-12-01T21:15:22.081+0000][gc,cpu      ] GC(5) User=0.00s Sys=0.00s Real=0.00s
[2023-12-01T21:15:22.081+0000][gc,marking  ] GC(5) Concurrent Mark 7.132ms
[2023-12-01T21:15:22.081+0000][gc,marking  ] GC(5) Concurrent Rebuild Remembered Sets
[2023-12-01T21:15:22.085+0000][gc,marking  ] GC(5) Concurrent Rebuild Remembered Sets 3.722ms
[2023-12-01T21:15:22.085+0000][gc,start    ] GC(5) Pause Cleanup
[2023-12-01T21:15:22.086+0000][gc          ] GC(5) Pause Cleanup 146M->146M(1024M) 0.283ms
[2023-12-01T21:15:22.086+0000][gc,cpu      ] GC(5) User=0.00s Sys=0.00s Real=0.00s
[2023-12-01T21:15:22.086+0000][gc,marking  ] GC(5) Concurrent Cleanup for Next Mark
[2023-12-01T21:15:22.096+0000][gc,marking  ] GC(5) Concurrent Cleanup for Next Mark 9.990ms
[2023-12-01T21:15:22.096+0000][gc          ] GC(5) Concurrent Mark Cycle 26.517ms
[2023-12-01T21:36:00.377+0000][gc,start    ] GC(6) Pause Young (Prepare Mixed) (G1 Evacuation Pause)
[2023-12-01T21:36:00.380+0000][gc,task     ] GC(6) Using 8 workers of 8 for evacuation
[2023-12-01T21:36:00.404+0000][gc,mmu      ] GC(6) MMU target violated: 21.0ms (20.0ms/21.0ms)
[2023-12-01T21:36:00.404+0000][gc,phases   ] GC(6)   Pre Evacuate Collection Set: 2.6ms
[2023-12-01T21:36:00.405+0000][gc,phases   ] GC(6)   Merge Heap Roots: 0.6ms
[2023-12-01T21:36:00.405+0000][gc,phases   ] GC(6)   Evacuate Collection Set: 18.0ms
[2023-12-01T21:36:00.405+0000][gc,phases   ] GC(6)   Post Evacuate Collection Set: 2.4ms
[2023-12-01T21:36:00.405+0000][gc,phases   ] GC(6)   Other: 1.3ms
[2023-12-01T21:36:00.405+0000][gc,heap     ] GC(6) Eden regions: 48->0(48)
[2023-12-01T21:36:00.406+0000][gc,heap     ] GC(6) Survivor regions: 3->3(7)
[2023-12-01T21:36:00.406+0000][gc,heap     ] GC(6) Old regions: 14->14
[2023-12-01T21:36:00.406+0000][gc,heap     ] GC(6) Archive regions: 2->2
[2023-12-01T21:36:00.406+0000][gc,heap     ] GC(6) Humongous regions: 195->129
[2023-12-01T21:36:00.406+0000][gc,metaspace] GC(6) Metaspace: 39092K(39616K)->39092K(39616K) NonClass: 34606K(34880K)->34606K(34880K) Class: 4486K(4736K)->4486K(4736K)
[2023-12-01T21:36:00.406+0000][gc          ] GC(6) Pause Young (Prepare Mixed) (G1 Evacuation Pause) 259M->145M(1024M) 29.231ms
[2023-12-01T21:36:00.407+0000][gc,cpu      ] GC(6) User=0.14s Sys=0.01s Real=0.03s
[2023-12-01T22:45:06.242+0000][gc,start    ] GC(7) Pause Young (Mixed) (G1 Evacuation Pause)
[2023-12-01T22:45:06.244+0000][gc,task     ] GC(7) Using 8 workers of 8 for evacuation
[2023-12-01T22:45:06.271+0000][gc,mmu      ] GC(7) MMU target violated: 21.0ms (20.0ms/21.0ms)
[2023-12-01T22:45:06.272+0000][gc,phases   ] GC(7)   Pre Evacuate Collection Set: 1.9ms
[2023-12-01T22:45:06.272+0000][gc,phases   ] GC(7)   Merge Heap Roots: 0.3ms
[2023-12-01T22:45:06.272+0000][gc,phases   ] GC(7)   Evacuate Collection Set: 23.0ms
[2023-12-01T22:45:06.272+0000][gc,phases   ] GC(7)   Post Evacuate Collection Set: 1.7ms
[2023-12-01T22:45:06.272+0000][gc,phases   ] GC(7)   Other: 1.0ms
[2023-12-01T22:45:06.272+0000][gc,heap     ] GC(7) Eden regions: 48->0(47)
[2023-12-01T22:45:06.273+0000][gc,heap     ] GC(7) Survivor regions: 3->4(7)
[2023-12-01T22:45:06.273+0000][gc,heap     ] GC(7) Old regions: 14->13
[2023-12-01T22:45:06.273+0000][gc,heap     ] GC(7) Archive regions: 2->2
[2023-12-01T22:45:06.273+0000][gc,heap     ] GC(7) Humongous regions: 129->129
[2023-12-01T22:45:06.273+0000][gc,metaspace] GC(7) Metaspace: 39430K(39936K)->39430K(39936K) NonClass: 34936K(35200K)->34936K(35200K) Class: 4493K(4736K)->4493K(4736K)
[2023-12-01T22:45:06.273+0000][gc          ] GC(7) Pause Young (Mixed) (G1 Evacuation Pause) 193M->146M(1024M) 31.257ms
[2023-12-01T22:45:06.273+0000][gc,cpu      ] GC(7) User=0.16s Sys=0.02s Real=0.03s
