[2023-12-02T05:08:00.010+0000][gc,init] CardTable entry size: 512
[2023-12-02T05:08:00.011+0000][gc     ] Using G1
[2023-12-02T05:08:00.018+0000][gc,init] Version: 18.0.2.1+1-1 (release)
[2023-12-02T05:08:00.018+0000][gc,init] CPUs: 8 total, 8 available
[2023-12-02T05:08:00.018+0000][gc,init] Memory: 7851M
[2023-12-02T05:08:00.018+0000][gc,init] Large Page Support: Disabled
[2023-12-02T05:08:00.018+0000][gc,init] NUMA Support: Disabled
[2023-12-02T05:08:00.018+0000][gc,init] Compressed Oops: Enabled (32-bit)
[2023-12-02T05:08:00.018+0000][gc,init] Heap Region Size: 1M
[2023-12-02T05:08:00.018+0000][gc,init] Heap Min Capacity: 1G
[2023-12-02T05:08:00.019+0000][gc,init] Heap Initial Capacity: 1G
[2023-12-02T05:08:00.019+0000][gc,init] Heap Max Capacity: 1G
[2023-12-02T05:08:00.019+0000][gc,init] Pre-touch: Disabled
[2023-12-02T05:08:00.020+0000][gc,init] Parallel Workers: 8
[2023-12-02T05:08:00.020+0000][gc,init] Concurrent Workers: 2
[2023-12-02T05:08:00.020+0000][gc,init] Concurrent Refinement Workers: 8
[2023-12-02T05:08:00.021+0000][gc,init] Periodic GC: Disabled
[2023-12-02T05:08:00.021+0000][gc,metaspace] CDS archive(s) mapped at: [0x0000000800000000-0x0000000800bc0000-0x0000000800bc0000), size 12320768, SharedBaseAddress: 0x0000000800000000, ArchiveRelocationMode: 0.
[2023-12-02T05:08:00.021+0000][gc,metaspace] Compressed class space mapped at: 0x0000000800c00000-0x0000000840c00000, reserved size: 1073741824
[2023-12-02T05:08:00.022+0000][gc,metaspace] Narrow klass base: 0x0000000800000000, Narrow klass shift: 0, Narrow klass range: 0x100000000
[2023-12-02T05:08:00.842+0000][gc,start    ] GC(0) Pause Young (Normal) (G1 Evacuation Pause)
[2023-12-02T05:08:00.843+0000][gc,task     ] GC(0) Using 8 workers of 8 for evacuation
[2023-12-02T05:08:00.853+0000][gc,phases   ] GC(0)   Pre Evacuate Collection Set: 0.2ms
[2023-12-02T05:08:00.854+0000][gc,phases   ] GC(0)   Merge Heap Roots: 0.1ms
[2023-12-02T05:08:00.855+0000][gc,phases   ] GC(0)   Evacuate Collection Set: 8.1ms
[2023-12-02T05:08:00.856+0000][gc,phases   ] GC(0)   Post Evacuate Collection Set: 1.6ms
[2023-12-02T05:08:00.856+0000][gc,phases   ] GC(0)   Other: 1.0ms
[2023-12-02T05:08:00.856+0000][gc,heap     ] GC(0) Eden regions: 51->0(44)
[2023-12-02T05:08:00.856+0000][gc,heap     ] GC(0) Survivor regions: 0->7(7)
[2023-12-02T05:08:00.857+0000][gc,heap     ] GC(0) Old regions: 0->1
[2023-12-02T05:08:00.858+0000][gc,heap     ] GC(0) Archive regions: 2->2
[2023-12-02T05:08:00.858+0000][gc,heap     ] GC(0) Humongous regions: 0->0
[2023-12-02T05:08:00.859+0000][gc,metaspace] GC(0) Metaspace: 18673K(18880K)->18673K(18880K) NonClass: 16531K(16640K)->16531K(16640K) Class: 2141K(2240K)->2141K(2240K)
[2023-12-02T05:08:00.859+0000][gc          ] GC(0) Pause Young (Normal) (G1 Evacuation Pause) 51M->8M(1024M) 17.418ms
[2023-12-02T05:08:00.860+0000][gc,cpu      ] GC(0) User=0.02s Sys=0.01s Real=0.02s
[2023-12-02T05:08:01.044+0000][gc,start    ] GC(1) Pause Young (Concurrent Start) (Metadata GC Threshold)
[2023-12-02T05:08:01.045+0000][gc,task     ] GC(1) Using 8 workers of 8 for evacuation
[2023-12-02T05:08:01.050+0000][gc,phases   ] GC(1)   Pre Evacuate Collection Set: 0.3ms
[2023-12-02T05:08:01.050+0000][gc,phases   ] GC(1)   Merge Heap Roots: 0.1ms
[2023-12-02T05:08:01.051+0000][gc,phases   ] GC(1)   Evacuate Collection Set: 3.5ms
[2023-12-02T05:08:01.051+0000][gc,phases   ] GC(1)   Post Evacuate Collection Set: 0.5ms
[2023-12-02T05:08:01.051+0000][gc,phases   ] GC(1)   Other: 0.4ms
[2023-12-02T05:08:01.051+0000][gc,heap     ] GC(1) Eden regions: 11->0(50)
[2023-12-02T05:08:01.051+0000][gc,heap     ] GC(1) Survivor regions: 7->1(7)
[2023-12-02T05:08:01.051+0000][gc,heap     ] GC(1) Old regions: 1->8
[2023-12-02T05:08:01.052+0000][gc,heap     ] GC(1) Archive regions: 2->2
[2023-12-02T05:08:01.052+0000][gc,heap     ] GC(1) Humongous regions: 0->0
[2023-12-02T05:08:01.052+0000][gc,metaspace] GC(1) Metaspace: 21204K(21504K)->21204K(21504K) NonClass: 18725K(18880K)->18725K(18880K) Class: 2478K(2624K)->2478K(2624K)
[2023-12-02T05:08:01.053+0000][gc          ] GC(1) Pause Young (Concurrent Start) (Metadata GC Threshold) 18M->9M(1024M) 8.590ms
[2023-12-02T05:08:01.053+0000][gc,cpu      ] GC(1) User=0.01s Sys=0.01s Real=0.01s
[2023-12-02T05:08:01.053+0000][gc          ] GC(2) Concurrent Mark Cycle
[2023-12-02T05:08:01.054+0000][gc,marking  ] GC(2) Concurrent Clear Claimed Marks
[2023-12-02T05:08:01.054+0000][gc,marking  ] GC(2) Concurrent Clear Claimed Marks 0.336ms
[2023-12-02T05:08:01.055+0000][gc,marking  ] GC(2) Concurrent Scan Root Regions
[2023-12-02T05:08:01.057+0000][gc,marking  ] GC(2) Concurrent Scan Root Regions 2.052ms
[2023-12-02T05:08:01.057+0000][gc,marking  ] GC(2) Concurrent Mark
[2023-12-02T05:08:01.058+0000][gc,marking  ] GC(2) Concurrent Mark From Roots
[2023-12-02T05:08:01.059+0000][gc,task     ] GC(2) Using 2 workers of 2 for marking
[2023-12-02T05:08:01.062+0000][gc,marking  ] GC(2) Concurrent Mark From Roots 4.143ms
[2023-12-02T05:08:01.063+0000][gc,marking  ] GC(2) Concurrent Preclean
[2023-12-02T05:08:01.063+0000][gc,marking  ] GC(2) Concurrent Preclean 0.233ms
[2023-12-02T05:08:01.064+0000][gc,start    ] GC(2) Pause Remark
[2023-12-02T05:08:01.066+0000][gc          ] GC(2) Pause Remark 9M->9M(1024M) 2.157ms
[2023-12-02T05:08:01.067+0000][gc,cpu      ] GC(2) User=0.00s Sys=0.00s Real=0.00s
[2023-12-02T05:08:01.067+0000][gc,marking  ] GC(2) Concurrent Mark 9.588ms
[2023-12-02T05:08:01.067+0000][gc,marking  ] GC(2) Concurrent Rebuild Remembered Sets
[2023-12-02T05:08:01.069+0000][gc,marking  ] GC(2) Concurrent Rebuild Remembered Sets 2.348ms
[2023-12-02T05:08:01.070+0000][gc,start    ] GC(2) Pause Cleanup
[2023-12-02T05:08:01.070+0000][gc          ] GC(2) Pause Cleanup 10M->10M(1024M) 0.372ms
[2023-12-02T05:08:01.071+0000][gc,cpu      ] GC(2) User=0.00s Sys=0.00s Real=0.00s
[2023-12-02T05:08:01.071+0000][gc,marking  ] GC(2) Concurrent Cleanup for Next Mark
[2023-12-02T05:08:01.074+0000][gc,marking  ] GC(2) Concurrent Cleanup for Next Mark 3.206ms
[2023-12-02T05:08:01.076+0000][gc          ] GC(2) Concurrent Mark Cycle 23.435ms
[2023-12-02T05:08:01.767+0000][gc,start    ] GC(3) Pause Young (Normal) (G1 Evacuation Pause)
[2023-12-02T05:08:01.767+0000][gc,task     ] GC(3) Using 8 workers of 8 for evacuation
[2023-12-02T05:08:01.772+0000][gc,phases   ] GC(3)   Pre Evacuate Collection Set: 0.3ms
[2023-12-02T05:08:01.772+0000][gc,phases   ] GC(3)   Merge Heap Roots: 0.2ms
[2023-12-02T05:08:01.773+0000][gc,phases   ] GC(3)   Evacuate Collection Set: 2.2ms
[2023-12-02T05:08:01.773+0000][gc,phases   ] GC(3)   Post Evacuate Collection Set: 1.2ms
[2023-12-02T05:08:01.774+0000][gc,phases   ] GC(3)   Other: 0.5ms
[2023-12-02T05:08:01.774+0000][gc,heap     ] GC(3) Eden regions: 50->0(45)
[2023-12-02T05:08:01.774+0000][gc,heap     ] GC(3) Survivor regions: 1->6(7)
[2023-12-02T05:08:01.775+0000][gc,heap     ] GC(3) Old regions: 8->8
[2023-12-02T05:08:01.775+0000][gc,heap     ] GC(3) Archive regions: 2->2
[2023-12-02T05:08:01.776+0000][gc,heap     ] GC(3) Humongous regions: 129->129
[2023-12-02T05:08:01.778+0000][gc,metaspace] GC(3) Metaspace: 30556K(30848K)->30556K(30848K) NonClass: 27181K(27328K)->27181K(27328K) Class: 3375K(3520K)->3375K(3520K)
[2023-12-02T05:08:01.780+0000][gc          ] GC(3) Pause Young (Normal) (G1 Evacuation Pause) 188M->143M(1024M) 12.523ms
[2023-12-02T05:08:01.780+0000][gc,cpu      ] GC(3) User=0.01s Sys=0.01s Real=0.02s
[2023-12-02T05:08:02.169+0000][gc,start    ] GC(4) Pause Young (Concurrent Start) (Metadata GC Threshold)
[2023-12-02T05:08:02.169+0000][gc,task     ] GC(4) Using 8 workers of 8 for evacuation
[2023-12-02T05:08:02.174+0000][gc,phases   ] GC(4)   Pre Evacuate Collection Set: 0.3ms
[2023-12-02T05:08:02.174+0000][gc,phases   ] GC(4)   Merge Heap Roots: 0.1ms
[2023-12-02T05:08:02.174+0000][gc,phases   ] GC(4)   Evacuate Collection Set: 3.7ms
[2023-12-02T05:08:02.174+0000][gc,phases   ] GC(4)   Post Evacuate Collection Set: 0.7ms
[2023-12-02T05:08:02.175+0000][gc,phases   ] GC(4)   Other: 0.2ms
[2023-12-02T05:08:02.175+0000][gc,heap     ] GC(4) Eden regions: 24->0(49)
[2023-12-02T05:08:02.175+0000][gc,heap     ] GC(4) Survivor regions: 6->2(7)
[2023-12-02T05:08:02.175+0000][gc,heap     ] GC(4) Old regions: 8->14
[2023-12-02T05:08:02.175+0000][gc,heap     ] GC(4) Archive regions: 2->2
[2023-12-02T05:08:02.175+0000][gc,heap     ] GC(4) Humongous regions: 129->129
[2023-12-02T05:08:02.175+0000][gc,metaspace] GC(4) Metaspace: 35801K(36096K)->35801K(36096K) NonClass: 31860K(32000K)->31860K(32000K) Class: 3940K(4096K)->3940K(4096K)
[2023-12-02T05:08:02.176+0000][gc          ] GC(4) Pause Young (Concurrent Start) (Metadata GC Threshold) 166M->144M(1024M) 6.859ms
[2023-12-02T05:08:02.176+0000][gc          ] GC(5) Concurrent Mark Cycle
[2023-12-02T05:08:02.176+0000][gc,marking  ] GC(5) Concurrent Clear Claimed Marks
[2023-12-02T05:08:02.176+0000][gc,marking  ] GC(5) Concurrent Clear Claimed Marks 0.171ms
[2023-12-02T05:08:02.176+0000][gc,marking  ] GC(5) Concurrent Scan Root Regions
[2023-12-02T05:08:02.176+0000][gc,cpu      ] GC(4) User=0.02s Sys=0.01s Real=0.00s
[2023-12-02T05:08:02.178+0000][gc,marking  ] GC(5) Concurrent Scan Root Regions 2.046ms
[2023-12-02T05:08:02.179+0000][gc,marking  ] GC(5) Concurrent Mark
[2023-12-02T05:08:02.179+0000][gc,marking  ] GC(5) Concurrent Mark From Roots
[2023-12-02T05:08:02.179+0000][gc,task     ] GC(5) Using 2 workers of 2 for marking
[2023-12-02T05:08:02.185+0000][gc,marking  ] GC(5) Concurrent Mark From Roots 5.607ms
[2023-12-02T05:08:02.185+0000][gc,marking  ] GC(5) Concurrent Preclean
[2023-12-02T05:08:02.185+0000][gc,marking  ] GC(5) Concurrent Preclean 0.246ms
[2023-12-02T05:08:02.186+0000][gc,start    ] GC(5) Pause Remark
[2023-12-02T05:08:02.187+0000][gc          ] GC(5) Pause Remark 145M->145M(1024M) 1.564ms
[2023-12-02T05:08:02.188+0000][gc,cpu      ] GC(5) User=0.01s Sys=0.00s Real=0.00s
[2023-12-02T05:08:02.188+0000][gc,marking  ] GC(5) Concurrent Mark 9.317ms
[2023-12-02T05:08:02.188+0000][gc,marking  ] GC(5) Concurrent Rebuild Remembered Sets
[2023-12-02T05:08:02.193+0000][gc,marking  ] GC(5) Concurrent Rebuild Remembered Sets 4.422ms
[2023-12-02T05:08:02.194+0000][gc,start    ] GC(5) Pause Cleanup
[2023-12-02T05:08:02.194+0000][gc          ] GC(5) Pause Cleanup 145M->145M(1024M) 0.452ms
[2023-12-02T05:08:02.194+0000][gc,cpu      ] GC(5) User=0.00s Sys=0.00s Real=0.00s
[2023-12-02T05:08:02.194+0000][gc,marking  ] GC(5) Concurrent Cleanup for Next Mark
[2023-12-02T05:08:02.199+0000][gc,marking  ] GC(5) Concurrent Cleanup for Next Mark 4.553ms
[2023-12-02T05:08:02.200+0000][gc          ] GC(5) Concurrent Mark Cycle 23.835ms
[2023-12-02T05:27:53.540+0000][gc,start    ] GC(6) Pause Young (Prepare Mixed) (G1 Evacuation Pause)
[2023-12-02T05:27:53.542+0000][gc,task     ] GC(6) Using 8 workers of 8 for evacuation
[2023-12-02T05:27:53.563+0000][gc,mmu      ] GC(6) MMU target violated: 21.0ms (20.0ms/21.0ms)
[2023-12-02T05:27:53.563+0000][gc,phases   ] GC(6)   Pre Evacuate Collection Set: 1.2ms
[2023-12-02T05:27:53.563+0000][gc,phases   ] GC(6)   Merge Heap Roots: 0.4ms
[2023-12-02T05:27:53.564+0000][gc,phases   ] GC(6)   Evacuate Collection Set: 16.9ms
[2023-12-02T05:27:53.564+0000][gc,phases   ] GC(6)   Post Evacuate Collection Set: 2.4ms
[2023-12-02T05:27:53.564+0000][gc,phases   ] GC(6)   Other: 0.9ms
[2023-12-02T05:27:53.564+0000][gc,heap     ] GC(6) Eden regions: 49->0(48)
[2023-12-02T05:27:53.564+0000][gc,heap     ] GC(6) Survivor regions: 2->3(7)
[2023-12-02T05:27:53.564+0000][gc,heap     ] GC(6) Old regions: 14->14
[2023-12-02T05:27:53.564+0000][gc,heap     ] GC(6) Archive regions: 2->2
[2023-12-02T05:27:53.564+0000][gc,heap     ] GC(6) Humongous regions: 195->129
[2023-12-02T05:27:53.565+0000][gc,metaspace] GC(6) Metaspace: 39188K(39680K)->39188K(39680K) NonClass: 34697K(34944K)->34697K(34944K) Class: 4490K(4736K)->4490K(4736K)
[2023-12-02T05:27:53.565+0000][gc          ] GC(6) Pause Young (Prepare Mixed) (G1 Evacuation Pause) 259M->146M(1024M) 24.543ms
[2023-12-02T05:27:53.565+0000][gc,cpu      ] GC(6) User=0.11s Sys=0.01s Real=0.03s
[2023-12-02T13:17:51.378+0000][gc,heap,exit] Heap
[2023-12-02T13:17:51.379+0000][gc,heap,exit]  garbage-first heap   total 1048576K, used 188842K [0x00000000c0000000, 0x0000000100000000)
[2023-12-02T13:17:51.379+0000][gc,heap,exit]   region size 1024K, 42 young (43008K), 3 survivors (3072K)
[2023-12-02T13:17:51.379+0000][gc,heap,exit]  Metaspace       used 40077K, committed 40576K, reserved 1114112K
[2023-12-02T13:17:51.379+0000][gc,heap,exit]   class space    used 4646K, committed 4864K, reserved 1048576K
