[2023-12-01T18:05:47.373+0000][gc,init] CardTable entry size: 512
[2023-12-01T18:05:47.374+0000][gc     ] Using G1
[2023-12-01T18:05:47.380+0000][gc,init] Version: 18.0.2.1+1-1 (release)
[2023-12-01T18:05:47.380+0000][gc,init] CPUs: 8 total, 8 available
[2023-12-01T18:05:47.380+0000][gc,init] Memory: 7851M
[2023-12-01T18:05:47.380+0000][gc,init] Large Page Support: Disabled
[2023-12-01T18:05:47.380+0000][gc,init] NUMA Support: Disabled
[2023-12-01T18:05:47.380+0000][gc,init] Compressed Oops: Enabled (32-bit)
[2023-12-01T18:05:47.380+0000][gc,init] Heap Region Size: 1M
[2023-12-01T18:05:47.381+0000][gc,init] Heap Min Capacity: 1G
[2023-12-01T18:05:47.381+0000][gc,init] Heap Initial Capacity: 1G
[2023-12-01T18:05:47.381+0000][gc,init] Heap Max Capacity: 1G
[2023-12-01T18:05:47.381+0000][gc,init] Pre-touch: Disabled
[2023-12-01T18:05:47.381+0000][gc,init] Parallel Workers: 8
[2023-12-01T18:05:47.381+0000][gc,init] Concurrent Workers: 2
[2023-12-01T18:05:47.381+0000][gc,init] Concurrent Refinement Workers: 8
[2023-12-01T18:05:47.381+0000][gc,init] Periodic GC: Disabled
[2023-12-01T18:05:47.382+0000][gc,metaspace] CDS archive(s) mapped at: [0x0000000800000000-0x0000000800bc0000-0x0000000800bc0000), size 12320768, SharedBaseAddress: 0x0000000800000000, ArchiveRelocationMode: 0.
[2023-12-01T18:05:47.382+0000][gc,metaspace] Compressed class space mapped at: 0x0000000800c00000-0x0000000840c00000, reserved size: 1073741824
[2023-12-01T18:05:47.382+0000][gc,metaspace] Narrow klass base: 0x0000000800000000, Narrow klass shift: 0, Narrow klass range: 0x100000000
[2023-12-01T18:05:48.023+0000][gc,start    ] GC(0) Pause Young (Normal) (G1 Evacuation Pause)
[2023-12-01T18:05:48.024+0000][gc,task     ] GC(0) Using 8 workers of 8 for evacuation
[2023-12-01T18:05:48.028+0000][gc,phases   ] GC(0)   Pre Evacuate Collection Set: 0.2ms
[2023-12-01T18:05:48.028+0000][gc,phases   ] GC(0)   Merge Heap Roots: 0.1ms
[2023-12-01T18:05:48.029+0000][gc,phases   ] GC(0)   Evacuate Collection Set: 3.1ms
[2023-12-01T18:05:48.029+0000][gc,phases   ] GC(0)   Post Evacuate Collection Set: 0.6ms
[2023-12-01T18:05:48.029+0000][gc,phases   ] GC(0)   Other: 0.9ms
[2023-12-01T18:05:48.029+0000][gc,heap     ] GC(0) Eden regions: 51->0(44)
[2023-12-01T18:05:48.029+0000][gc,heap     ] GC(0) Survivor regions: 0->7(7)
[2023-12-01T18:05:48.029+0000][gc,heap     ] GC(0) Old regions: 0->1
[2023-12-01T18:05:48.029+0000][gc,heap     ] GC(0) Archive regions: 2->2
[2023-12-01T18:05:48.029+0000][gc,heap     ] GC(0) Humongous regions: 0->0
[2023-12-01T18:05:48.029+0000][gc,metaspace] GC(0) Metaspace: 18698K(18944K)->18698K(18944K) NonClass: 16556K(16704K)->16556K(16704K) Class: 2141K(2240K)->2141K(2240K)
[2023-12-01T18:05:48.030+0000][gc          ] GC(0) Pause Young (Normal) (G1 Evacuation Pause) 51M->8M(1024M) 6.596ms
[2023-12-01T18:05:48.030+0000][gc,cpu      ] GC(0) User=0.01s Sys=0.01s Real=0.01s
[2023-12-01T18:05:48.147+0000][gc,start    ] GC(1) Pause Young (Concurrent Start) (Metadata GC Threshold)
[2023-12-01T18:05:48.147+0000][gc,task     ] GC(1) Using 8 workers of 8 for evacuation
[2023-12-01T18:05:48.152+0000][gc,phases   ] GC(1)   Pre Evacuate Collection Set: 0.4ms
[2023-12-01T18:05:48.152+0000][gc,phases   ] GC(1)   Merge Heap Roots: 0.1ms
[2023-12-01T18:05:48.152+0000][gc,phases   ] GC(1)   Evacuate Collection Set: 3.4ms
[2023-12-01T18:05:48.152+0000][gc,phases   ] GC(1)   Post Evacuate Collection Set: 0.4ms
[2023-12-01T18:05:48.152+0000][gc,phases   ] GC(1)   Other: 0.2ms
[2023-12-01T18:05:48.152+0000][gc,heap     ] GC(1) Eden regions: 10->0(50)
[2023-12-01T18:05:48.152+0000][gc,heap     ] GC(1) Survivor regions: 7->1(7)
[2023-12-01T18:05:48.153+0000][gc,heap     ] GC(1) Old regions: 1->8
[2023-12-01T18:05:48.153+0000][gc,heap     ] GC(1) Archive regions: 2->2
[2023-12-01T18:05:48.153+0000][gc,heap     ] GC(1) Humongous regions: 0->0
[2023-12-01T18:05:48.153+0000][gc,metaspace] GC(1) Metaspace: 21294K(21504K)->21294K(21504K) NonClass: 18796K(18880K)->18796K(18880K) Class: 2497K(2624K)->2497K(2624K)
[2023-12-01T18:05:48.153+0000][gc          ] GC(1) Pause Young (Concurrent Start) (Metadata GC Threshold) 18M->9M(1024M) 5.526ms
[2023-12-01T18:05:48.153+0000][gc,cpu      ] GC(1) User=0.01s Sys=0.01s Real=0.00s
[2023-12-01T18:05:48.153+0000][gc          ] GC(2) Concurrent Mark Cycle
[2023-12-01T18:05:48.153+0000][gc,marking  ] GC(2) Concurrent Clear Claimed Marks
[2023-12-01T18:05:48.153+0000][gc,marking  ] GC(2) Concurrent Clear Claimed Marks 0.224ms
[2023-12-01T18:05:48.154+0000][gc,marking  ] GC(2) Concurrent Scan Root Regions
[2023-12-01T18:05:48.156+0000][gc,marking  ] GC(2) Concurrent Scan Root Regions 2.607ms
[2023-12-01T18:05:48.157+0000][gc,marking  ] GC(2) Concurrent Mark
[2023-12-01T18:05:48.158+0000][gc,marking  ] GC(2) Concurrent Mark From Roots
[2023-12-01T18:05:48.159+0000][gc,task     ] GC(2) Using 2 workers of 2 for marking
[2023-12-01T18:05:48.161+0000][gc,marking  ] GC(2) Concurrent Mark From Roots 3.057ms
[2023-12-01T18:05:48.161+0000][gc,marking  ] GC(2) Concurrent Preclean
[2023-12-01T18:05:48.162+0000][gc,marking  ] GC(2) Concurrent Preclean 0.192ms
[2023-12-01T18:05:48.162+0000][gc,start    ] GC(2) Pause Remark
[2023-12-01T18:05:48.163+0000][gc          ] GC(2) Pause Remark 9M->9M(1024M) 1.655ms
[2023-12-01T18:05:48.164+0000][gc,cpu      ] GC(2) User=0.01s Sys=0.00s Real=0.00s
[2023-12-01T18:05:48.164+0000][gc,marking  ] GC(2) Concurrent Mark 6.611ms
[2023-12-01T18:05:48.164+0000][gc,marking  ] GC(2) Concurrent Rebuild Remembered Sets
[2023-12-01T18:05:48.166+0000][gc,marking  ] GC(2) Concurrent Rebuild Remembered Sets 2.076ms
[2023-12-01T18:05:48.167+0000][gc,start    ] GC(2) Pause Cleanup
[2023-12-01T18:05:48.167+0000][gc          ] GC(2) Pause Cleanup 10M->10M(1024M) 0.287ms
[2023-12-01T18:05:48.167+0000][gc,cpu      ] GC(2) User=0.00s Sys=0.00s Real=0.00s
[2023-12-01T18:05:48.167+0000][gc,marking  ] GC(2) Concurrent Cleanup for Next Mark
[2023-12-01T18:05:48.173+0000][gc,marking  ] GC(2) Concurrent Cleanup for Next Mark 5.909ms
[2023-12-01T18:05:48.174+0000][gc          ] GC(2) Concurrent Mark Cycle 20.796ms
[2023-12-01T18:05:48.789+0000][gc,start    ] GC(3) Pause Young (Normal) (G1 Evacuation Pause)
[2023-12-01T18:05:48.789+0000][gc,task     ] GC(3) Using 8 workers of 8 for evacuation
[2023-12-01T18:05:48.794+0000][gc,phases   ] GC(3)   Pre Evacuate Collection Set: 0.2ms
[2023-12-01T18:05:48.794+0000][gc,phases   ] GC(3)   Merge Heap Roots: 0.1ms
[2023-12-01T18:05:48.794+0000][gc,phases   ] GC(3)   Evacuate Collection Set: 3.4ms
[2023-12-01T18:05:48.795+0000][gc,phases   ] GC(3)   Post Evacuate Collection Set: 0.8ms
[2023-12-01T18:05:48.795+0000][gc,phases   ] GC(3)   Other: 0.2ms
[2023-12-01T18:05:48.795+0000][gc,heap     ] GC(3) Eden regions: 50->0(45)
[2023-12-01T18:05:48.795+0000][gc,heap     ] GC(3) Survivor regions: 1->6(7)
[2023-12-01T18:05:48.795+0000][gc,heap     ] GC(3) Old regions: 8->8
[2023-12-01T18:05:48.795+0000][gc,heap     ] GC(3) Archive regions: 2->2
[2023-12-01T18:05:48.796+0000][gc,heap     ] GC(3) Humongous regions: 129->129
[2023-12-01T18:05:48.796+0000][gc,metaspace] GC(3) Metaspace: 30534K(30848K)->30534K(30848K) NonClass: 27167K(27328K)->27167K(27328K) Class: 3367K(3520K)->3367K(3520K)
[2023-12-01T18:05:48.796+0000][gc          ] GC(3) Pause Young (Normal) (G1 Evacuation Pause) 188M->142M(1024M) 6.772ms
[2023-12-01T18:05:48.796+0000][gc,cpu      ] GC(3) User=0.02s Sys=0.01s Real=0.01s
[2023-12-01T18:05:49.045+0000][gc,start    ] GC(4) Pause Young (Concurrent Start) (Metadata GC Threshold)
[2023-12-01T18:05:49.045+0000][gc,task     ] GC(4) Using 8 workers of 8 for evacuation
[2023-12-01T18:05:49.050+0000][gc,phases   ] GC(4)   Pre Evacuate Collection Set: 0.2ms
[2023-12-01T18:05:49.050+0000][gc,phases   ] GC(4)   Merge Heap Roots: 0.1ms
[2023-12-01T18:05:49.050+0000][gc,phases   ] GC(4)   Evacuate Collection Set: 3.3ms
[2023-12-01T18:05:49.050+0000][gc,phases   ] GC(4)   Post Evacuate Collection Set: 0.5ms
[2023-12-01T18:05:49.050+0000][gc,phases   ] GC(4)   Other: 0.2ms
[2023-12-01T18:05:49.050+0000][gc,heap     ] GC(4) Eden regions: 23->0(49)
[2023-12-01T18:05:49.050+0000][gc,heap     ] GC(4) Survivor regions: 6->2(7)
[2023-12-01T18:05:49.050+0000][gc,heap     ] GC(4) Old regions: 8->13
[2023-12-01T18:05:49.051+0000][gc,heap     ] GC(4) Archive regions: 2->2
[2023-12-01T18:05:49.051+0000][gc,heap     ] GC(4) Humongous regions: 129->129
[2023-12-01T18:05:49.051+0000][gc,metaspace] GC(4) Metaspace: 35815K(36160K)->35815K(36160K) NonClass: 31877K(32064K)->31877K(32064K) Class: 3937K(4096K)->3937K(4096K)
[2023-12-01T18:05:49.051+0000][gc          ] GC(4) Pause Young (Concurrent Start) (Metadata GC Threshold) 165M->144M(1024M) 5.903ms
[2023-12-01T18:05:49.051+0000][gc,cpu      ] GC(4) User=0.01s Sys=0.02s Real=0.00s
[2023-12-01T18:05:49.051+0000][gc          ] GC(5) Concurrent Mark Cycle
[2023-12-01T18:05:49.052+0000][gc,marking  ] GC(5) Concurrent Clear Claimed Marks
[2023-12-01T18:05:49.052+0000][gc,marking  ] GC(5) Concurrent Clear Claimed Marks 0.301ms
[2023-12-01T18:05:49.052+0000][gc,marking  ] GC(5) Concurrent Scan Root Regions
[2023-12-01T18:05:49.054+0000][gc,marking  ] GC(5) Concurrent Scan Root Regions 1.972ms
[2023-12-01T18:05:49.054+0000][gc,marking  ] GC(5) Concurrent Mark
[2023-12-01T18:05:49.054+0000][gc,marking  ] GC(5) Concurrent Mark From Roots
[2023-12-01T18:05:49.054+0000][gc,task     ] GC(5) Using 2 workers of 2 for marking
[2023-12-01T18:05:49.058+0000][gc,marking  ] GC(5) Concurrent Mark From Roots 3.568ms
[2023-12-01T18:05:49.058+0000][gc,marking  ] GC(5) Concurrent Preclean
[2023-12-01T18:05:49.058+0000][gc,marking  ] GC(5) Concurrent Preclean 0.142ms
[2023-12-01T18:05:49.059+0000][gc,start    ] GC(5) Pause Remark
[2023-12-01T18:05:49.060+0000][gc          ] GC(5) Pause Remark 145M->145M(1024M) 1.318ms
[2023-12-01T18:05:49.060+0000][gc,cpu      ] GC(5) User=0.01s Sys=0.00s Real=0.00s
[2023-12-01T18:05:49.060+0000][gc,marking  ] GC(5) Concurrent Mark 5.965ms
[2023-12-01T18:05:49.060+0000][gc,marking  ] GC(5) Concurrent Rebuild Remembered Sets
[2023-12-01T18:05:49.063+0000][gc,marking  ] GC(5) Concurrent Rebuild Remembered Sets 2.878ms
[2023-12-01T18:05:49.064+0000][gc,start    ] GC(5) Pause Cleanup
[2023-12-01T18:05:49.064+0000][gc          ] GC(5) Pause Cleanup 145M->145M(1024M) 0.258ms
[2023-12-01T18:05:49.064+0000][gc,cpu      ] GC(5) User=0.00s Sys=0.00s Real=0.00s
[2023-12-01T18:05:49.064+0000][gc,marking  ] GC(5) Concurrent Cleanup for Next Mark
[2023-12-01T18:05:49.070+0000][gc,marking  ] GC(5) Concurrent Cleanup for Next Mark 5.891ms
[2023-12-01T18:05:49.070+0000][gc          ] GC(5) Concurrent Mark Cycle 19.200ms
[2023-12-01T18:28:48.910+0000][gc,start    ] GC(6) Pause Young (Normal) (G1 Evacuation Pause)
[2023-12-01T18:28:48.912+0000][gc,task     ] GC(6) Using 8 workers of 8 for evacuation
[2023-12-01T18:28:48.925+0000][gc,phases   ] GC(6)   Pre Evacuate Collection Set: 1.0ms
[2023-12-01T18:28:48.926+0000][gc,phases   ] GC(6)   Merge Heap Roots: 0.2ms
[2023-12-01T18:28:48.926+0000][gc,phases   ] GC(6)   Evacuate Collection Set: 10.3ms
[2023-12-01T18:28:48.926+0000][gc,phases   ] GC(6)   Post Evacuate Collection Set: 1.5ms
[2023-12-01T18:28:48.926+0000][gc,phases   ] GC(6)   Other: 0.3ms
[2023-12-01T18:28:48.926+0000][gc,heap     ] GC(6) Eden regions: 49->0(48)
[2023-12-01T18:28:48.926+0000][gc,heap     ] GC(6) Survivor regions: 2->3(7)
[2023-12-01T18:28:48.926+0000][gc,heap     ] GC(6) Old regions: 13->13
[2023-12-01T18:28:48.926+0000][gc,heap     ] GC(6) Archive regions: 2->2
[2023-12-01T18:28:48.927+0000][gc,heap     ] GC(6) Humongous regions: 189->129
[2023-12-01T18:28:48.927+0000][gc,metaspace] GC(6) Metaspace: 38775K(39296K)->38775K(39296K) NonClass: 34403K(34688K)->34403K(34688K) Class: 4372K(4608K)->4372K(4608K)
[2023-12-01T18:28:48.927+0000][gc          ] GC(6) Pause Young (Normal) (G1 Evacuation Pause) 253M->145M(1024M) 16.353ms
[2023-12-01T18:28:48.927+0000][gc,cpu      ] GC(6) User=0.08s Sys=0.00s Real=0.02s
