[2023-12-06T12:43:32.098+0000][gc,init] CardTable entry size: 512
[2023-12-06T12:43:32.098+0000][gc     ] Using G1
[2023-12-06T12:43:32.105+0000][gc,init] Version: 18.0.2.1+1-1 (release)
[2023-12-06T12:43:32.105+0000][gc,init] CPUs: 8 total, 8 available
[2023-12-06T12:43:32.105+0000][gc,init] Memory: 7851M
[2023-12-06T12:43:32.105+0000][gc,init] Large Page Support: Disabled
[2023-12-06T12:43:32.105+0000][gc,init] NUMA Support: Disabled
[2023-12-06T12:43:32.105+0000][gc,init] Compressed Oops: Enabled (32-bit)
[2023-12-06T12:43:32.105+0000][gc,init] Heap Region Size: 1M
[2023-12-06T12:43:32.105+0000][gc,init] Heap Min Capacity: 1G
[2023-12-06T12:43:32.105+0000][gc,init] Heap Initial Capacity: 1G
[2023-12-06T12:43:32.106+0000][gc,init] Heap Max Capacity: 1G
[2023-12-06T12:43:32.106+0000][gc,init] Pre-touch: Disabled
[2023-12-06T12:43:32.106+0000][gc,init] Parallel Workers: 8
[2023-12-06T12:43:32.106+0000][gc,init] Concurrent Workers: 2
[2023-12-06T12:43:32.106+0000][gc,init] Concurrent Refinement Workers: 8
[2023-12-06T12:43:32.106+0000][gc,init] Periodic GC: Disabled
[2023-12-06T12:43:32.106+0000][gc,metaspace] CDS archive(s) mapped at: [0x0000000800000000-0x0000000800bc0000-0x0000000800bc0000), size 12320768, SharedBaseAddress: 0x0000000800000000, ArchiveRelocationMode: 0.
[2023-12-06T12:43:32.106+0000][gc,metaspace] Compressed class space mapped at: 0x0000000800c00000-0x0000000840c00000, reserved size: 1073741824
[2023-12-06T12:43:32.106+0000][gc,metaspace] Narrow klass base: 0x0000000800000000, Narrow klass shift: 0, Narrow klass range: 0x100000000
[2023-12-06T12:43:32.633+0000][gc,start    ] GC(0) Pause Young (Normal) (G1 Evacuation Pause)
[2023-12-06T12:43:32.634+0000][gc,task     ] GC(0) Using 8 workers of 8 for evacuation
[2023-12-06T12:43:32.637+0000][gc,phases   ] GC(0)   Pre Evacuate Collection Set: 0.2ms
[2023-12-06T12:43:32.638+0000][gc,phases   ] GC(0)   Merge Heap Roots: 0.1ms
[2023-12-06T12:43:32.638+0000][gc,phases   ] GC(0)   Evacuate Collection Set: 2.4ms
[2023-12-06T12:43:32.638+0000][gc,phases   ] GC(0)   Post Evacuate Collection Set: 0.7ms
[2023-12-06T12:43:32.638+0000][gc,phases   ] GC(0)   Other: 0.8ms
[2023-12-06T12:43:32.638+0000][gc,heap     ] GC(0) Eden regions: 51->0(44)
[2023-12-06T12:43:32.638+0000][gc,heap     ] GC(0) Survivor regions: 0->7(7)
[2023-12-06T12:43:32.638+0000][gc,heap     ] GC(0) Old regions: 0->1
[2023-12-06T12:43:32.638+0000][gc,heap     ] GC(0) Archive regions: 2->2
[2023-12-06T12:43:32.639+0000][gc,heap     ] GC(0) Humongous regions: 0->0
[2023-12-06T12:43:32.639+0000][gc,metaspace] GC(0) Metaspace: 18348K(18496K)->18348K(18496K) NonClass: 16248K(16320K)->16248K(16320K) Class: 2100K(2176K)->2100K(2176K)
[2023-12-06T12:43:32.639+0000][gc          ] GC(0) Pause Young (Normal) (G1 Evacuation Pause) 51M->8M(1024M) 5.697ms
[2023-12-06T12:43:32.639+0000][gc,cpu      ] GC(0) User=0.01s Sys=0.01s Real=0.01s
[2023-12-06T12:43:32.787+0000][gc,start    ] GC(1) Pause Young (Concurrent Start) (Metadata GC Threshold)
[2023-12-06T12:43:32.787+0000][gc,task     ] GC(1) Using 8 workers of 8 for evacuation
[2023-12-06T12:43:32.790+0000][gc,phases   ] GC(1)   Pre Evacuate Collection Set: 0.2ms
[2023-12-06T12:43:32.791+0000][gc,phases   ] GC(1)   Merge Heap Roots: 0.1ms
[2023-12-06T12:43:32.791+0000][gc,phases   ] GC(1)   Evacuate Collection Set: 2.8ms
[2023-12-06T12:43:32.791+0000][gc,phases   ] GC(1)   Post Evacuate Collection Set: 0.5ms
[2023-12-06T12:43:32.791+0000][gc,phases   ] GC(1)   Other: 0.2ms
[2023-12-06T12:43:32.791+0000][gc,heap     ] GC(1) Eden regions: 12->0(49)
[2023-12-06T12:43:32.791+0000][gc,heap     ] GC(1) Survivor regions: 7->2(7)
[2023-12-06T12:43:32.791+0000][gc,heap     ] GC(1) Old regions: 1->8
[2023-12-06T12:43:32.791+0000][gc,heap     ] GC(1) Archive regions: 2->2
[2023-12-06T12:43:32.792+0000][gc,heap     ] GC(1) Humongous regions: 0->0
[2023-12-06T12:43:32.792+0000][gc,metaspace] GC(1) Metaspace: 21249K(21504K)->21249K(21504K) NonClass: 18791K(18944K)->18791K(18944K) Class: 2458K(2560K)->2458K(2560K)
[2023-12-06T12:43:32.792+0000][gc          ] GC(1) Pause Young (Concurrent Start) (Metadata GC Threshold) 19M->9M(1024M) 5.213ms
[2023-12-06T12:43:32.792+0000][gc,cpu      ] GC(1) User=0.01s Sys=0.01s Real=0.01s
[2023-12-06T12:43:32.792+0000][gc          ] GC(2) Concurrent Mark Cycle
[2023-12-06T12:43:32.792+0000][gc,marking  ] GC(2) Concurrent Clear Claimed Marks
[2023-12-06T12:43:32.793+0000][gc,marking  ] GC(2) Concurrent Clear Claimed Marks 0.384ms
[2023-12-06T12:43:32.793+0000][gc,marking  ] GC(2) Concurrent Scan Root Regions
[2023-12-06T12:43:32.794+0000][gc,marking  ] GC(2) Concurrent Scan Root Regions 1.430ms
[2023-12-06T12:43:32.794+0000][gc,marking  ] GC(2) Concurrent Mark
[2023-12-06T12:43:32.794+0000][gc,marking  ] GC(2) Concurrent Mark From Roots
[2023-12-06T12:43:32.795+0000][gc,task     ] GC(2) Using 2 workers of 2 for marking
[2023-12-06T12:43:32.796+0000][gc,marking  ] GC(2) Concurrent Mark From Roots 1.333ms
[2023-12-06T12:43:32.796+0000][gc,marking  ] GC(2) Concurrent Preclean
[2023-12-06T12:43:32.796+0000][gc,marking  ] GC(2) Concurrent Preclean 0.210ms
[2023-12-06T12:43:32.797+0000][gc,start    ] GC(2) Pause Remark
[2023-12-06T12:43:32.798+0000][gc          ] GC(2) Pause Remark 9M->9M(1024M) 1.355ms
[2023-12-06T12:43:32.798+0000][gc,cpu      ] GC(2) User=0.00s Sys=0.00s Real=0.01s
[2023-12-06T12:43:32.798+0000][gc,marking  ] GC(2) Concurrent Mark 3.838ms
[2023-12-06T12:43:32.798+0000][gc,marking  ] GC(2) Concurrent Rebuild Remembered Sets
[2023-12-06T12:43:32.800+0000][gc,marking  ] GC(2) Concurrent Rebuild Remembered Sets 1.777ms
[2023-12-06T12:43:32.801+0000][gc,start    ] GC(2) Pause Cleanup
[2023-12-06T12:43:32.801+0000][gc          ] GC(2) Pause Cleanup 10M->10M(1024M) 0.279ms
[2023-12-06T12:43:32.801+0000][gc,cpu      ] GC(2) User=0.00s Sys=0.00s Real=0.00s
[2023-12-06T12:43:32.801+0000][gc,marking  ] GC(2) Concurrent Cleanup for Next Mark
[2023-12-06T12:43:32.804+0000][gc,marking  ] GC(2) Concurrent Cleanup for Next Mark 2.669ms
[2023-12-06T12:43:32.804+0000][gc          ] GC(2) Concurrent Mark Cycle 12.115ms
[2023-12-06T12:43:33.449+0000][gc,start    ] GC(3) Pause Young (Normal) (G1 Evacuation Pause)
[2023-12-06T12:43:33.449+0000][gc,task     ] GC(3) Using 8 workers of 8 for evacuation
[2023-12-06T12:43:33.452+0000][gc,phases   ] GC(3)   Pre Evacuate Collection Set: 0.2ms
[2023-12-06T12:43:33.452+0000][gc,phases   ] GC(3)   Merge Heap Roots: 0.1ms
[2023-12-06T12:43:33.453+0000][gc,phases   ] GC(3)   Evacuate Collection Set: 1.9ms
[2023-12-06T12:43:33.453+0000][gc,phases   ] GC(3)   Post Evacuate Collection Set: 0.5ms
[2023-12-06T12:43:33.453+0000][gc,phases   ] GC(3)   Other: 0.2ms
[2023-12-06T12:43:33.453+0000][gc,heap     ] GC(3) Eden regions: 49->0(45)
[2023-12-06T12:43:33.453+0000][gc,heap     ] GC(3) Survivor regions: 2->6(7)
[2023-12-06T12:43:33.453+0000][gc,heap     ] GC(3) Old regions: 8->8
[2023-12-06T12:43:33.453+0000][gc,heap     ] GC(3) Archive regions: 2->2
[2023-12-06T12:43:33.453+0000][gc,heap     ] GC(3) Humongous regions: 129->129
[2023-12-06T12:43:33.453+0000][gc,metaspace] GC(3) Metaspace: 28812K(29120K)->28812K(29120K) NonClass: 25667K(25856K)->25667K(25856K) Class: 3144K(3264K)->3144K(3264K)
[2023-12-06T12:43:33.454+0000][gc          ] GC(3) Pause Young (Normal) (G1 Evacuation Pause) 187M->142M(1024M) 4.400ms
[2023-12-06T12:43:33.454+0000][gc,cpu      ] GC(3) User=0.01s Sys=0.00s Real=0.00s
[2023-12-06T12:43:33.713+0000][gc,start    ] GC(4) Pause Young (Concurrent Start) (Metadata GC Threshold)
[2023-12-06T12:43:33.713+0000][gc,task     ] GC(4) Using 8 workers of 8 for evacuation
[2023-12-06T12:43:33.718+0000][gc,phases   ] GC(4)   Pre Evacuate Collection Set: 0.3ms
[2023-12-06T12:43:33.718+0000][gc,phases   ] GC(4)   Merge Heap Roots: 0.1ms
[2023-12-06T12:43:33.718+0000][gc,phases   ] GC(4)   Evacuate Collection Set: 3.5ms
[2023-12-06T12:43:33.719+0000][gc,phases   ] GC(4)   Post Evacuate Collection Set: 0.6ms
[2023-12-06T12:43:33.719+0000][gc,phases   ] GC(4)   Other: 0.3ms
[2023-12-06T12:43:33.719+0000][gc,heap     ] GC(4) Eden regions: 32->0(48)
[2023-12-06T12:43:33.719+0000][gc,heap     ] GC(4) Survivor regions: 6->3(7)
[2023-12-06T12:43:33.719+0000][gc,heap     ] GC(4) Old regions: 8->13
[2023-12-06T12:43:33.720+0000][gc,heap     ] GC(4) Archive regions: 2->2
[2023-12-06T12:43:33.720+0000][gc,heap     ] GC(4) Humongous regions: 129->129
[2023-12-06T12:43:33.720+0000][gc,metaspace] GC(4) Metaspace: 35693K(35968K)->35693K(35968K) NonClass: 31832K(32000K)->31832K(32000K) Class: 3861K(3968K)->3861K(3968K)
[2023-12-06T12:43:33.720+0000][gc          ] GC(4) Pause Young (Concurrent Start) (Metadata GC Threshold) 173M->145M(1024M) 7.455ms
[2023-12-06T12:43:33.721+0000][gc,cpu      ] GC(4) User=0.02s Sys=0.01s Real=0.01s
[2023-12-06T12:43:33.721+0000][gc          ] GC(5) Concurrent Mark Cycle
[2023-12-06T12:43:33.721+0000][gc,marking  ] GC(5) Concurrent Clear Claimed Marks
[2023-12-06T12:43:33.722+0000][gc,marking  ] GC(5) Concurrent Clear Claimed Marks 0.270ms
[2023-12-06T12:43:33.722+0000][gc,marking  ] GC(5) Concurrent Scan Root Regions
[2023-12-06T12:43:33.724+0000][gc,marking  ] GC(5) Concurrent Scan Root Regions 1.761ms
[2023-12-06T12:43:33.724+0000][gc,marking  ] GC(5) Concurrent Mark
[2023-12-06T12:43:33.725+0000][gc,marking  ] GC(5) Concurrent Mark From Roots
[2023-12-06T12:43:33.727+0000][gc,task     ] GC(5) Using 2 workers of 2 for marking
[2023-12-06T12:43:33.733+0000][gc,marking  ] GC(5) Concurrent Mark From Roots 8.085ms
[2023-12-06T12:43:33.734+0000][gc,marking  ] GC(5) Concurrent Preclean
[2023-12-06T12:43:33.734+0000][gc,marking  ] GC(5) Concurrent Preclean 0.285ms
[2023-12-06T12:43:33.734+0000][gc,start    ] GC(5) Pause Remark
[2023-12-06T12:43:33.736+0000][gc          ] GC(5) Pause Remark 148M->148M(1024M) 1.519ms
[2023-12-06T12:43:33.736+0000][gc,cpu      ] GC(5) User=0.00s Sys=0.00s Real=0.00s
[2023-12-06T12:43:33.736+0000][gc,marking  ] GC(5) Concurrent Mark 12.080ms
[2023-12-06T12:43:33.736+0000][gc,marking  ] GC(5) Concurrent Rebuild Remembered Sets
[2023-12-06T12:43:33.739+0000][gc,marking  ] GC(5) Concurrent Rebuild Remembered Sets 3.103ms
[2023-12-06T12:43:33.740+0000][gc,start    ] GC(5) Pause Cleanup
[2023-12-06T12:43:33.740+0000][gc          ] GC(5) Pause Cleanup 148M->148M(1024M) 0.259ms
[2023-12-06T12:43:33.740+0000][gc,cpu      ] GC(5) User=0.00s Sys=0.00s Real=0.00s
[2023-12-06T12:43:33.740+0000][gc,marking  ] GC(5) Concurrent Cleanup for Next Mark
[2023-12-06T12:43:33.751+0000][gc,marking  ] GC(5) Concurrent Cleanup for Next Mark 10.532ms
[2023-12-06T12:43:33.751+0000][gc          ] GC(5) Concurrent Mark Cycle 30.317ms
[2023-12-06T12:45:33.379+0000][gc,start    ] GC(6) Pause Young (Normal) (G1 Evacuation Pause)
[2023-12-06T12:45:33.380+0000][gc,task     ] GC(6) Using 8 workers of 8 for evacuation
[2023-12-06T12:45:33.384+0000][gc,phases   ] GC(6)   Pre Evacuate Collection Set: 0.2ms
[2023-12-06T12:45:33.385+0000][gc,phases   ] GC(6)   Merge Heap Roots: 0.1ms
[2023-12-06T12:45:33.385+0000][gc,phases   ] GC(6)   Evacuate Collection Set: 3.5ms
[2023-12-06T12:45:33.385+0000][gc,phases   ] GC(6)   Post Evacuate Collection Set: 0.8ms
[2023-12-06T12:45:33.385+0000][gc,phases   ] GC(6)   Other: 0.2ms
[2023-12-06T12:45:33.385+0000][gc,heap     ] GC(6) Eden regions: 48->0(44)
[2023-12-06T12:45:33.385+0000][gc,heap     ] GC(6) Survivor regions: 3->7(7)
[2023-12-06T12:45:33.385+0000][gc,heap     ] GC(6) Old regions: 13->13
[2023-12-06T12:45:33.385+0000][gc,heap     ] GC(6) Archive regions: 2->2
[2023-12-06T12:45:33.385+0000][gc,heap     ] GC(6) Humongous regions: 273->129
[2023-12-06T12:45:33.386+0000][gc,metaspace] GC(6) Metaspace: 41440K(42112K)->41440K(42112K) NonClass: 36672K(37056K)->36672K(37056K) Class: 4767K(5056K)->4767K(5056K)
[2023-12-06T12:45:33.386+0000][gc          ] GC(6) Pause Young (Normal) (G1 Evacuation Pause) 337M->148M(1024M) 7.134ms
[2023-12-06T12:45:33.386+0000][gc,cpu      ] GC(6) User=0.02s Sys=0.00s Real=0.00s
[2023-12-06T12:54:00.334+0000][gc,start    ] GC(7) Pause Young (Normal) (G1 Evacuation Pause)
[2023-12-06T12:54:00.335+0000][gc,task     ] GC(7) Using 8 workers of 8 for evacuation
[2023-12-06T12:54:00.342+0000][gc,phases   ] GC(7)   Pre Evacuate Collection Set: 0.4ms
[2023-12-06T12:54:00.342+0000][gc,phases   ] GC(7)   Merge Heap Roots: 0.1ms
[2023-12-06T12:54:00.342+0000][gc,phases   ] GC(7)   Evacuate Collection Set: 5.4ms
[2023-12-06T12:54:00.342+0000][gc,phases   ] GC(7)   Post Evacuate Collection Set: 0.7ms
[2023-12-06T12:54:00.342+0000][gc,phases   ] GC(7)   Other: 0.3ms
[2023-12-06T12:54:00.342+0000][gc,heap     ] GC(7) Eden regions: 44->0(45)
[2023-12-06T12:54:00.343+0000][gc,heap     ] GC(7) Survivor regions: 7->6(7)
[2023-12-06T12:54:00.343+0000][gc,heap     ] GC(7) Old regions: 13->16
[2023-12-06T12:54:00.343+0000][gc,heap     ] GC(7) Archive regions: 2->2
[2023-12-06T12:54:00.343+0000][gc,heap     ] GC(7) Humongous regions: 129->129
[2023-12-06T12:54:00.343+0000][gc,metaspace] GC(7) Metaspace: 41992K(42688K)->41992K(42688K) NonClass: 37194K(37568K)->37194K(37568K) Class: 4798K(5120K)->4798K(5120K)
[2023-12-06T12:54:00.343+0000][gc          ] GC(7) Pause Young (Normal) (G1 Evacuation Pause) 192M->150M(1024M) 9.278ms
[2023-12-06T12:54:00.343+0000][gc,cpu      ] GC(7) User=0.04s Sys=0.00s Real=0.01s
[2023-12-06T12:59:41.815+0000][gc,start    ] GC(8) Pause Young (Normal) (G1 Evacuation Pause)
[2023-12-06T12:59:41.817+0000][gc,task     ] GC(8) Using 8 workers of 8 for evacuation
[2023-12-06T12:59:41.833+0000][gc,phases   ] GC(8)   Pre Evacuate Collection Set: 0.9ms
[2023-12-06T12:59:41.833+0000][gc,phases   ] GC(8)   Merge Heap Roots: 0.4ms
[2023-12-06T12:59:41.833+0000][gc,phases   ] GC(8)   Evacuate Collection Set: 12.7ms
[2023-12-06T12:59:41.834+0000][gc,phases   ] GC(8)   Post Evacuate Collection Set: 1.0ms
[2023-12-06T12:59:41.834+0000][gc,phases   ] GC(8)   Other: 0.7ms
[2023-12-06T12:59:41.834+0000][gc,heap     ] GC(8) Eden regions: 45->0(48)
[2023-12-06T12:59:41.834+0000][gc,heap     ] GC(8) Survivor regions: 6->3(7)
[2023-12-06T12:59:41.834+0000][gc,heap     ] GC(8) Old regions: 16->19
[2023-12-06T12:59:41.834+0000][gc,heap     ] GC(8) Archive regions: 2->2
[2023-12-06T12:59:41.835+0000][gc,heap     ] GC(8) Humongous regions: 129->129
[2023-12-06T12:59:41.835+0000][gc,metaspace] GC(8) Metaspace: 42089K(42752K)->42089K(42752K) NonClass: 37288K(37632K)->37288K(37632K) Class: 4800K(5120K)->4800K(5120K)
[2023-12-06T12:59:41.835+0000][gc          ] GC(8) Pause Young (Normal) (G1 Evacuation Pause) 195M->150M(1024M) 19.733ms
[2023-12-06T12:59:41.835+0000][gc,cpu      ] GC(8) User=0.07s Sys=0.00s Real=0.02s
[2023-12-06T13:06:08.926+0000][gc,start    ] GC(9) Pause Young (Normal) (G1 Evacuation Pause)
[2023-12-06T13:06:08.928+0000][gc,task     ] GC(9) Using 8 workers of 8 for evacuation
[2023-12-06T13:06:08.939+0000][gc,phases   ] GC(9)   Pre Evacuate Collection Set: 0.6ms
[2023-12-06T13:06:08.940+0000][gc,phases   ] GC(9)   Merge Heap Roots: 0.3ms
[2023-12-06T13:06:08.940+0000][gc,phases   ] GC(9)   Evacuate Collection Set: 8.7ms
[2023-12-06T13:06:08.940+0000][gc,phases   ] GC(9)   Post Evacuate Collection Set: 1.3ms
[2023-12-06T13:06:08.941+0000][gc,phases   ] GC(9)   Other: 0.9ms
[2023-12-06T13:06:08.941+0000][gc,heap     ] GC(9) Eden regions: 48->0(51)
[2023-12-06T13:06:08.941+0000][gc,heap     ] GC(9) Survivor regions: 3->4(7)
[2023-12-06T13:06:08.942+0000][gc,heap     ] GC(9) Old regions: 19->19
[2023-12-06T13:06:08.942+0000][gc,heap     ] GC(9) Archive regions: 2->2
[2023-12-06T13:06:08.942+0000][gc,heap     ] GC(9) Humongous regions: 129->129
[2023-12-06T13:06:08.943+0000][gc,metaspace] GC(9) Metaspace: 42141K(42880K)->42141K(42880K) NonClass: 37341K(37760K)->37341K(37760K) Class: 4800K(5120K)->4800K(5120K)
[2023-12-06T13:06:08.943+0000][gc          ] GC(9) Pause Young (Normal) (G1 Evacuation Pause) 198M->151M(1024M) 17.674ms
[2023-12-06T13:06:08.944+0000][gc,cpu      ] GC(9) User=0.04s Sys=0.00s Real=0.02s
[2023-12-06T13:07:42.057+0000][gc,heap,exit] Heap
[2023-12-06T13:07:42.058+0000][gc,heap,exit]  garbage-first heap   total 1048576K, used 178441K [0x00000000c0000000, 0x0000000100000000)
[2023-12-06T13:07:42.058+0000][gc,heap,exit]   region size 1024K, 27 young (27648K), 4 survivors (4096K)
[2023-12-06T13:07:42.059+0000][gc,heap,exit]  Metaspace       used 42852K, committed 43520K, reserved 1114112K
[2023-12-06T13:07:42.060+0000][gc,heap,exit]   class space    used 4976K, committed 5248K, reserved 1048576K
