[2023-12-05T14:41:57.080+0000][gc,init] CardTable entry size: 512
[2023-12-05T14:41:57.080+0000][gc     ] Using G1
[2023-12-05T14:41:57.087+0000][gc,init] Version: 18.0.2.1+1-1 (release)
[2023-12-05T14:41:57.087+0000][gc,init] CPUs: 8 total, 8 available
[2023-12-05T14:41:57.087+0000][gc,init] Memory: 7851M
[2023-12-05T14:41:57.087+0000][gc,init] Large Page Support: Disabled
[2023-12-05T14:41:57.087+0000][gc,init] NUMA Support: Disabled
[2023-12-05T14:41:57.087+0000][gc,init] Compressed Oops: Enabled (32-bit)
[2023-12-05T14:41:57.087+0000][gc,init] Heap Region Size: 1M
[2023-12-05T14:41:57.088+0000][gc,init] Heap Min Capacity: 1G
[2023-12-05T14:41:57.088+0000][gc,init] Heap Initial Capacity: 1G
[2023-12-05T14:41:57.088+0000][gc,init] Heap Max Capacity: 1G
[2023-12-05T14:41:57.088+0000][gc,init] Pre-touch: Disabled
[2023-12-05T14:41:57.088+0000][gc,init] Parallel Workers: 8
[2023-12-05T14:41:57.088+0000][gc,init] Concurrent Workers: 2
[2023-12-05T14:41:57.088+0000][gc,init] Concurrent Refinement Workers: 8
[2023-12-05T14:41:57.088+0000][gc,init] Periodic GC: Disabled
[2023-12-05T14:41:57.088+0000][gc,metaspace] CDS archive(s) mapped at: [0x0000000800000000-0x0000000800bc0000-0x0000000800bc0000), size 12320768, SharedBaseAddress: 0x0000000800000000, ArchiveRelocationMode: 0.
[2023-12-05T14:41:57.089+0000][gc,metaspace] Compressed class space mapped at: 0x0000000800c00000-0x0000000840c00000, reserved size: 1073741824
[2023-12-05T14:41:57.089+0000][gc,metaspace] Narrow klass base: 0x0000000800000000, Narrow klass shift: 0, Narrow klass range: 0x100000000
[2023-12-05T14:41:57.632+0000][gc,start    ] GC(0) Pause Young (Normal) (G1 Evacuation Pause)
[2023-12-05T14:41:57.633+0000][gc,task     ] GC(0) Using 8 workers of 8 for evacuation
[2023-12-05T14:41:57.637+0000][gc,phases   ] GC(0)   Pre Evacuate Collection Set: 0.2ms
[2023-12-05T14:41:57.637+0000][gc,phases   ] GC(0)   Merge Heap Roots: 0.1ms
[2023-12-05T14:41:57.637+0000][gc,phases   ] GC(0)   Evacuate Collection Set: 2.6ms
[2023-12-05T14:41:57.637+0000][gc,phases   ] GC(0)   Post Evacuate Collection Set: 0.6ms
[2023-12-05T14:41:57.637+0000][gc,phases   ] GC(0)   Other: 0.8ms
[2023-12-05T14:41:57.637+0000][gc,heap     ] GC(0) Eden regions: 51->0(44)
[2023-12-05T14:41:57.638+0000][gc,heap     ] GC(0) Survivor regions: 0->7(7)
[2023-12-05T14:41:57.638+0000][gc,heap     ] GC(0) Old regions: 0->1
[2023-12-05T14:41:57.638+0000][gc,heap     ] GC(0) Archive regions: 2->2
[2023-12-05T14:41:57.638+0000][gc,heap     ] GC(0) Humongous regions: 0->0
[2023-12-05T14:41:57.638+0000][gc,metaspace] GC(0) Metaspace: 18699K(18944K)->18699K(18944K) NonClass: 16557K(16704K)->16557K(16704K) Class: 2141K(2240K)->2141K(2240K)
[2023-12-05T14:41:57.638+0000][gc          ] GC(0) Pause Young (Normal) (G1 Evacuation Pause) 51M->8M(1024M) 5.699ms
[2023-12-05T14:41:57.638+0000][gc,cpu      ] GC(0) User=0.01s Sys=0.00s Real=0.00s
[2023-12-05T14:41:57.774+0000][gc,start    ] GC(1) Pause Young (Concurrent Start) (Metadata GC Threshold)
[2023-12-05T14:41:57.774+0000][gc,task     ] GC(1) Using 8 workers of 8 for evacuation
[2023-12-05T14:41:57.778+0000][gc,phases   ] GC(1)   Pre Evacuate Collection Set: 0.2ms
[2023-12-05T14:41:57.778+0000][gc,phases   ] GC(1)   Merge Heap Roots: 0.1ms
[2023-12-05T14:41:57.778+0000][gc,phases   ] GC(1)   Evacuate Collection Set: 2.6ms
[2023-12-05T14:41:57.778+0000][gc,phases   ] GC(1)   Post Evacuate Collection Set: 0.4ms
[2023-12-05T14:41:57.778+0000][gc,phases   ] GC(1)   Other: 0.2ms
[2023-12-05T14:41:57.778+0000][gc,heap     ] GC(1) Eden regions: 11->0(49)
[2023-12-05T14:41:57.778+0000][gc,heap     ] GC(1) Survivor regions: 7->2(7)
[2023-12-05T14:41:57.779+0000][gc,heap     ] GC(1) Old regions: 1->8
[2023-12-05T14:41:57.779+0000][gc,heap     ] GC(1) Archive regions: 2->2
[2023-12-05T14:41:57.779+0000][gc,heap     ] GC(1) Humongous regions: 0->0
[2023-12-05T14:41:57.779+0000][gc,metaspace] GC(1) Metaspace: 21223K(21504K)->21223K(21504K) NonClass: 18760K(18880K)->18760K(18880K) Class: 2463K(2624K)->2463K(2624K)
[2023-12-05T14:41:57.779+0000][gc          ] GC(1) Pause Young (Concurrent Start) (Metadata GC Threshold) 18M->9M(1024M) 5.122ms
[2023-12-05T14:41:57.779+0000][gc,cpu      ] GC(1) User=0.01s Sys=0.01s Real=0.00s
[2023-12-05T14:41:57.779+0000][gc          ] GC(2) Concurrent Mark Cycle
[2023-12-05T14:41:57.780+0000][gc,marking  ] GC(2) Concurrent Clear Claimed Marks
[2023-12-05T14:41:57.780+0000][gc,marking  ] GC(2) Concurrent Clear Claimed Marks 0.428ms
[2023-12-05T14:41:57.780+0000][gc,marking  ] GC(2) Concurrent Scan Root Regions
[2023-12-05T14:41:57.782+0000][gc,marking  ] GC(2) Concurrent Scan Root Regions 2.137ms
[2023-12-05T14:41:57.783+0000][gc,marking  ] GC(2) Concurrent Mark
[2023-12-05T14:41:57.783+0000][gc,marking  ] GC(2) Concurrent Mark From Roots
[2023-12-05T14:41:57.783+0000][gc,task     ] GC(2) Using 2 workers of 2 for marking
[2023-12-05T14:41:57.784+0000][gc,marking  ] GC(2) Concurrent Mark From Roots 1.435ms
[2023-12-05T14:41:57.785+0000][gc,marking  ] GC(2) Concurrent Preclean
[2023-12-05T14:41:57.785+0000][gc,marking  ] GC(2) Concurrent Preclean 0.184ms
[2023-12-05T14:41:57.785+0000][gc,start    ] GC(2) Pause Remark
[2023-12-05T14:41:57.787+0000][gc          ] GC(2) Pause Remark 10M->10M(1024M) 1.383ms
[2023-12-05T14:41:57.787+0000][gc,cpu      ] GC(2) User=0.00s Sys=0.01s Real=0.00s
[2023-12-05T14:41:57.787+0000][gc,marking  ] GC(2) Concurrent Mark 4.344ms
[2023-12-05T14:41:57.787+0000][gc,marking  ] GC(2) Concurrent Rebuild Remembered Sets
[2023-12-05T14:41:57.790+0000][gc,marking  ] GC(2) Concurrent Rebuild Remembered Sets 2.770ms
[2023-12-05T14:41:57.791+0000][gc,start    ] GC(2) Pause Cleanup
[2023-12-05T14:41:57.791+0000][gc          ] GC(2) Pause Cleanup 10M->10M(1024M) 0.432ms
[2023-12-05T14:41:57.792+0000][gc,cpu      ] GC(2) User=0.01s Sys=0.00s Real=0.00s
[2023-12-05T14:41:57.792+0000][gc,marking  ] GC(2) Concurrent Cleanup for Next Mark
[2023-12-05T14:41:57.795+0000][gc,marking  ] GC(2) Concurrent Cleanup for Next Mark 3.422ms
[2023-12-05T14:41:57.796+0000][gc          ] GC(2) Concurrent Mark Cycle 16.392ms
[2023-12-05T14:41:58.305+0000][gc,start    ] GC(3) Pause Young (Normal) (G1 Evacuation Pause)
[2023-12-05T14:41:58.305+0000][gc,task     ] GC(3) Using 8 workers of 8 for evacuation
[2023-12-05T14:41:58.309+0000][gc,phases   ] GC(3)   Pre Evacuate Collection Set: 0.2ms
[2023-12-05T14:41:58.309+0000][gc,phases   ] GC(3)   Merge Heap Roots: 0.1ms
[2023-12-05T14:41:58.309+0000][gc,phases   ] GC(3)   Evacuate Collection Set: 2.6ms
[2023-12-05T14:41:58.309+0000][gc,phases   ] GC(3)   Post Evacuate Collection Set: 0.6ms
[2023-12-05T14:41:58.309+0000][gc,phases   ] GC(3)   Other: 0.2ms
[2023-12-05T14:41:58.309+0000][gc,heap     ] GC(3) Eden regions: 49->0(45)
[2023-12-05T14:41:58.309+0000][gc,heap     ] GC(3) Survivor regions: 2->6(7)
[2023-12-05T14:41:58.309+0000][gc,heap     ] GC(3) Old regions: 8->8
[2023-12-05T14:41:58.310+0000][gc,heap     ] GC(3) Archive regions: 2->2
[2023-12-05T14:41:58.310+0000][gc,heap     ] GC(3) Humongous regions: 129->129
[2023-12-05T14:41:58.310+0000][gc,metaspace] GC(3) Metaspace: 29622K(29952K)->29622K(29952K) NonClass: 26380K(26560K)->26380K(26560K) Class: 3241K(3392K)->3241K(3392K)
[2023-12-05T14:41:58.310+0000][gc          ] GC(3) Pause Young (Normal) (G1 Evacuation Pause) 187M->143M(1024M) 5.291ms
[2023-12-05T14:41:58.310+0000][gc,cpu      ] GC(3) User=0.02s Sys=0.00s Real=0.00s
[2023-12-05T14:41:58.512+0000][gc,start    ] GC(4) Pause Young (Concurrent Start) (Metadata GC Threshold)
[2023-12-05T14:41:58.512+0000][gc,task     ] GC(4) Using 8 workers of 8 for evacuation
[2023-12-05T14:41:58.516+0000][gc,phases   ] GC(4)   Pre Evacuate Collection Set: 0.3ms
[2023-12-05T14:41:58.516+0000][gc,phases   ] GC(4)   Merge Heap Roots: 0.1ms
[2023-12-05T14:41:58.516+0000][gc,phases   ] GC(4)   Evacuate Collection Set: 2.7ms
[2023-12-05T14:41:58.516+0000][gc,phases   ] GC(4)   Post Evacuate Collection Set: 0.4ms
[2023-12-05T14:41:58.516+0000][gc,phases   ] GC(4)   Other: 0.2ms
[2023-12-05T14:41:58.517+0000][gc,heap     ] GC(4) Eden regions: 28->0(48)
[2023-12-05T14:41:58.517+0000][gc,heap     ] GC(4) Survivor regions: 6->3(7)
[2023-12-05T14:41:58.517+0000][gc,heap     ] GC(4) Old regions: 8->14
[2023-12-05T14:41:58.517+0000][gc,heap     ] GC(4) Archive regions: 2->2
[2023-12-05T14:41:58.517+0000][gc,heap     ] GC(4) Humongous regions: 129->129
[2023-12-05T14:41:58.517+0000][gc,metaspace] GC(4) Metaspace: 35755K(36096K)->35755K(36096K) NonClass: 31858K(32000K)->31858K(32000K) Class: 3897K(4096K)->3897K(4096K)
[2023-12-05T14:41:58.517+0000][gc          ] GC(4) Pause Young (Concurrent Start) (Metadata GC Threshold) 170M->145M(1024M) 5.206ms
[2023-12-05T14:41:58.517+0000][gc,cpu      ] GC(4) User=0.02s Sys=0.01s Real=0.00s
[2023-12-05T14:41:58.517+0000][gc          ] GC(5) Concurrent Mark Cycle
[2023-12-05T14:41:58.518+0000][gc,marking  ] GC(5) Concurrent Clear Claimed Marks
[2023-12-05T14:41:58.518+0000][gc,marking  ] GC(5) Concurrent Clear Claimed Marks 0.236ms
[2023-12-05T14:41:58.518+0000][gc,marking  ] GC(5) Concurrent Scan Root Regions
[2023-12-05T14:41:58.520+0000][gc,marking  ] GC(5) Concurrent Scan Root Regions 1.727ms
[2023-12-05T14:41:58.520+0000][gc,marking  ] GC(5) Concurrent Mark
[2023-12-05T14:41:58.520+0000][gc,marking  ] GC(5) Concurrent Mark From Roots
[2023-12-05T14:41:58.521+0000][gc,task     ] GC(5) Using 2 workers of 2 for marking
[2023-12-05T14:41:58.524+0000][gc,marking  ] GC(5) Concurrent Mark From Roots 3.670ms
[2023-12-05T14:41:58.524+0000][gc,marking  ] GC(5) Concurrent Preclean
[2023-12-05T14:41:58.525+0000][gc,marking  ] GC(5) Concurrent Preclean 0.194ms
[2023-12-05T14:41:58.525+0000][gc,start    ] GC(5) Pause Remark
[2023-12-05T14:41:58.527+0000][gc          ] GC(5) Pause Remark 146M->146M(1024M) 2.209ms
[2023-12-05T14:41:58.527+0000][gc,cpu      ] GC(5) User=0.01s Sys=0.00s Real=0.00s
[2023-12-05T14:41:58.528+0000][gc,marking  ] GC(5) Concurrent Mark 7.342ms
[2023-12-05T14:41:58.528+0000][gc,marking  ] GC(5) Concurrent Rebuild Remembered Sets
[2023-12-05T14:41:58.531+0000][gc,marking  ] GC(5) Concurrent Rebuild Remembered Sets 3.002ms
[2023-12-05T14:41:58.531+0000][gc,start    ] GC(5) Pause Cleanup
[2023-12-05T14:41:58.531+0000][gc          ] GC(5) Pause Cleanup 146M->146M(1024M) 0.256ms
[2023-12-05T14:41:58.531+0000][gc,cpu      ] GC(5) User=0.00s Sys=0.00s Real=0.00s
[2023-12-05T14:41:58.532+0000][gc,marking  ] GC(5) Concurrent Cleanup for Next Mark
[2023-12-05T14:41:58.534+0000][gc,marking  ] GC(5) Concurrent Cleanup for Next Mark 1.990ms
[2023-12-05T14:41:58.534+0000][gc          ] GC(5) Concurrent Mark Cycle 16.316ms
[2023-12-05T14:46:08.785+0000][gc,start    ] GC(6) Pause Young (Prepare Mixed) (G1 Evacuation Pause)
[2023-12-05T14:46:08.786+0000][gc,task     ] GC(6) Using 8 workers of 8 for evacuation
[2023-12-05T14:46:08.792+0000][gc,phases   ] GC(6)   Pre Evacuate Collection Set: 0.3ms
[2023-12-05T14:46:08.792+0000][gc,phases   ] GC(6)   Merge Heap Roots: 0.2ms
[2023-12-05T14:46:08.792+0000][gc,phases   ] GC(6)   Evacuate Collection Set: 4.2ms
[2023-12-05T14:46:08.793+0000][gc,phases   ] GC(6)   Post Evacuate Collection Set: 1.0ms
[2023-12-05T14:46:08.793+0000][gc,phases   ] GC(6)   Other: 0.3ms
[2023-12-05T14:46:08.793+0000][gc,heap     ] GC(6) Eden regions: 48->0(45)
[2023-12-05T14:46:08.793+0000][gc,heap     ] GC(6) Survivor regions: 3->6(7)
[2023-12-05T14:46:08.793+0000][gc,heap     ] GC(6) Old regions: 14->14
[2023-12-05T14:46:08.794+0000][gc,heap     ] GC(6) Archive regions: 2->2
[2023-12-05T14:46:08.794+0000][gc,heap     ] GC(6) Humongous regions: 135->129
[2023-12-05T14:46:08.794+0000][gc,metaspace] GC(6) Metaspace: 40802K(41408K)->40802K(41408K) NonClass: 36127K(36480K)->36127K(36480K) Class: 4674K(4928K)->4674K(4928K)
[2023-12-05T14:46:08.794+0000][gc          ] GC(6) Pause Young (Prepare Mixed) (G1 Evacuation Pause) 199M->148M(1024M) 8.679ms
[2023-12-05T14:46:08.794+0000][gc,cpu      ] GC(6) User=0.02s Sys=0.00s Real=0.00s
[2023-12-05T15:03:31.558+0000][gc,start    ] GC(7) Pause Young (Mixed) (G1 Evacuation Pause)
[2023-12-05T15:03:31.560+0000][gc,task     ] GC(7) Using 8 workers of 8 for evacuation
[2023-12-05T15:03:31.583+0000][gc,mmu      ] GC(7) MMU target violated: 21.0ms (20.0ms/21.0ms)
[2023-12-05T15:03:31.583+0000][gc,phases   ] GC(7)   Pre Evacuate Collection Set: 2.0ms
[2023-12-05T15:03:31.584+0000][gc,phases   ] GC(7)   Merge Heap Roots: 0.4ms
[2023-12-05T15:03:31.584+0000][gc,phases   ] GC(7)   Evacuate Collection Set: 18.4ms
[2023-12-05T15:03:31.584+0000][gc,phases   ] GC(7)   Post Evacuate Collection Set: 1.7ms
[2023-12-05T15:03:31.584+0000][gc,phases   ] GC(7)   Other: 1.1ms
[2023-12-05T15:03:31.584+0000][gc,heap     ] GC(7) Eden regions: 45->0(44)
[2023-12-05T15:03:31.584+0000][gc,heap     ] GC(7) Survivor regions: 6->7(7)
[2023-12-05T15:03:31.584+0000][gc,heap     ] GC(7) Old regions: 14->16
[2023-12-05T15:03:31.585+0000][gc,heap     ] GC(7) Archive regions: 2->2
[2023-12-05T15:03:31.585+0000][gc,heap     ] GC(7) Humongous regions: 129->129
[2023-12-05T15:03:31.585+0000][gc,metaspace] GC(7) Metaspace: 42034K(42752K)->42034K(42752K) NonClass: 37173K(37568K)->37173K(37568K) Class: 4861K(5184K)->4861K(5184K)
[2023-12-05T15:03:31.585+0000][gc          ] GC(7) Pause Young (Mixed) (G1 Evacuation Pause) 193M->151M(1024M) 27.180ms
[2023-12-05T15:03:31.585+0000][gc,cpu      ] GC(7) User=0.16s Sys=0.00s Real=0.02s
[2023-12-05T15:15:03.377+0000][gc,start    ] GC(8) Pause Young (Normal) (G1 Evacuation Pause)
[2023-12-05T15:15:03.380+0000][gc,task     ] GC(8) Using 8 workers of 8 for evacuation
[2023-12-05T15:15:03.404+0000][gc,mmu      ] GC(8) MMU target violated: 21.0ms (20.0ms/21.0ms)
[2023-12-05T15:15:03.405+0000][gc,phases   ] GC(8)   Pre Evacuate Collection Set: 1.6ms
[2023-12-05T15:15:03.405+0000][gc,phases   ] GC(8)   Merge Heap Roots: 0.4ms
[2023-12-05T15:15:03.405+0000][gc,phases   ] GC(8)   Evacuate Collection Set: 19.5ms
[2023-12-05T15:15:03.406+0000][gc,phases   ] GC(8)   Post Evacuate Collection Set: 1.8ms
[2023-12-05T15:15:03.406+0000][gc,phases   ] GC(8)   Other: 1.5ms
[2023-12-05T15:15:03.406+0000][gc,heap     ] GC(8) Eden regions: 44->0(47)
[2023-12-05T15:15:03.407+0000][gc,heap     ] GC(8) Survivor regions: 7->4(7)
[2023-12-05T15:15:03.407+0000][gc,heap     ] GC(8) Old regions: 16->19
[2023-12-05T15:15:03.407+0000][gc,heap     ] GC(8) Archive regions: 2->2
[2023-12-05T15:15:03.408+0000][gc,heap     ] GC(8) Humongous regions: 129->129
[2023-12-05T15:15:03.408+0000][gc,metaspace] GC(8) Metaspace: 42254K(42944K)->42254K(42944K) NonClass: 37379K(37760K)->37379K(37760K) Class: 4875K(5184K)->4875K(5184K)
[2023-12-05T15:15:03.409+0000][gc          ] GC(8) Pause Young (Normal) (G1 Evacuation Pause) 195M->151M(1024M) 31.311ms
[2023-12-05T15:15:03.409+0000][gc,cpu      ] GC(8) User=0.15s Sys=0.01s Real=0.04s
[2023-12-05T15:24:08.377+0000][gc,start    ] GC(9) Pause Young (Normal) (G1 Evacuation Pause)
[2023-12-05T15:24:08.379+0000][gc,task     ] GC(9) Using 8 workers of 8 for evacuation
[2023-12-05T15:24:08.395+0000][gc,phases   ] GC(9)   Pre Evacuate Collection Set: 1.7ms
[2023-12-05T15:24:08.395+0000][gc,phases   ] GC(9)   Merge Heap Roots: 0.5ms
[2023-12-05T15:24:08.395+0000][gc,phases   ] GC(9)   Evacuate Collection Set: 11.2ms
[2023-12-05T15:24:08.396+0000][gc,phases   ] GC(9)   Post Evacuate Collection Set: 1.6ms
[2023-12-05T15:24:08.396+0000][gc,phases   ] GC(9)   Other: 0.7ms
[2023-12-05T15:24:08.396+0000][gc,heap     ] GC(9) Eden regions: 47->0(47)
[2023-12-05T15:24:08.397+0000][gc,heap     ] GC(9) Survivor regions: 4->4(7)
[2023-12-05T15:24:08.397+0000][gc,heap     ] GC(9) Old regions: 19->19
[2023-12-05T15:24:08.397+0000][gc,heap     ] GC(9) Archive regions: 2->2
[2023-12-05T15:24:08.397+0000][gc,heap     ] GC(9) Humongous regions: 129->129
[2023-12-05T15:24:08.398+0000][gc,metaspace] GC(9) Metaspace: 42700K(43392K)->42700K(43392K) NonClass: 37820K(38208K)->37820K(38208K) Class: 4879K(5184K)->4879K(5184K)
[2023-12-05T15:24:08.398+0000][gc          ] GC(9) Pause Young (Normal) (G1 Evacuation Pause) 198M->152M(1024M) 20.586ms
[2023-12-05T15:24:08.398+0000][gc,cpu      ] GC(9) User=0.08s Sys=0.01s Real=0.02s
[2023-12-05T15:30:19.231+0000][gc,start    ] GC(10) Pause Young (Normal) (G1 Evacuation Pause)
[2023-12-05T15:30:19.233+0000][gc,task     ] GC(10) Using 8 workers of 8 for evacuation
[2023-12-05T15:30:19.249+0000][gc,phases   ] GC(10)   Pre Evacuate Collection Set: 1.2ms
[2023-12-05T15:30:19.249+0000][gc,phases   ] GC(10)   Merge Heap Roots: 0.3ms
[2023-12-05T15:30:19.249+0000][gc,phases   ] GC(10)   Evacuate Collection Set: 12.9ms
[2023-12-05T15:30:19.249+0000][gc,phases   ] GC(10)   Post Evacuate Collection Set: 1.1ms
[2023-12-05T15:30:19.250+0000][gc,phases   ] GC(10)   Other: 0.5ms
[2023-12-05T15:30:19.250+0000][gc,heap     ] GC(10) Eden regions: 47->0(45)
[2023-12-05T15:30:19.250+0000][gc,heap     ] GC(10) Survivor regions: 4->6(7)
[2023-12-05T15:30:19.250+0000][gc,heap     ] GC(10) Old regions: 19->20
[2023-12-05T15:30:19.250+0000][gc,heap     ] GC(10) Archive regions: 2->2
[2023-12-05T15:30:19.250+0000][gc,heap     ] GC(10) Humongous regions: 129->129
[2023-12-05T15:30:19.251+0000][gc,metaspace] GC(10) Metaspace: 42886K(43584K)->42886K(43584K) NonClass: 38006K(38400K)->38006K(38400K) Class: 4879K(5184K)->4879K(5184K)
[2023-12-05T15:30:19.251+0000][gc          ] GC(10) Pause Young (Normal) (G1 Evacuation Pause) 199M->155M(1024M) 19.901ms
[2023-12-05T15:30:19.251+0000][gc,cpu      ] GC(10) User=0.10s Sys=0.01s Real=0.02s
[2023-12-05T15:35:53.874+0000][gc,start    ] GC(11) Pause Young (Normal) (G1 Evacuation Pause)
[2023-12-05T15:35:53.876+0000][gc,task     ] GC(11) Using 8 workers of 8 for evacuation
[2023-12-05T15:35:53.894+0000][gc,phases   ] GC(11)   Pre Evacuate Collection Set: 1.4ms
[2023-12-05T15:35:53.894+0000][gc,phases   ] GC(11)   Merge Heap Roots: 0.3ms
[2023-12-05T15:35:53.894+0000][gc,phases   ] GC(11)   Evacuate Collection Set: 14.7ms
[2023-12-05T15:35:53.894+0000][gc,phases   ] GC(11)   Post Evacuate Collection Set: 1.0ms
[2023-12-05T15:35:53.894+0000][gc,phases   ] GC(11)   Other: 0.8ms
[2023-12-05T15:35:53.895+0000][gc,heap     ] GC(11) Eden regions: 45->0(44)
[2023-12-05T15:35:53.895+0000][gc,heap     ] GC(11) Survivor regions: 6->7(7)
[2023-12-05T15:35:53.895+0000][gc,heap     ] GC(11) Old regions: 20->22
[2023-12-05T15:35:53.895+0000][gc,heap     ] GC(11) Archive regions: 2->2
[2023-12-05T15:35:53.895+0000][gc,heap     ] GC(11) Humongous regions: 129->129
[2023-12-05T15:35:53.895+0000][gc,metaspace] GC(11) Metaspace: 42938K(43648K)->42938K(43648K) NonClass: 38058K(38464K)->38058K(38464K) Class: 4879K(5184K)->4879K(5184K)
[2023-12-05T15:35:53.895+0000][gc          ] GC(11) Pause Young (Normal) (G1 Evacuation Pause) 200M->158M(1024M) 21.881ms
[2023-12-05T15:35:53.896+0000][gc,cpu      ] GC(11) User=0.09s Sys=0.01s Real=0.02s
[2023-12-05T15:41:23.354+0000][gc,start    ] GC(12) Pause Young (Normal) (G1 Evacuation Pause)
[2023-12-05T15:41:23.356+0000][gc,task     ] GC(12) Using 8 workers of 8 for evacuation
[2023-12-05T15:41:23.367+0000][gc,phases   ] GC(12)   Pre Evacuate Collection Set: 0.9ms
[2023-12-05T15:41:23.368+0000][gc,phases   ] GC(12)   Merge Heap Roots: 0.2ms
[2023-12-05T15:41:23.368+0000][gc,phases   ] GC(12)   Evacuate Collection Set: 9.5ms
[2023-12-05T15:41:23.368+0000][gc,phases   ] GC(12)   Post Evacuate Collection Set: 1.0ms
[2023-12-05T15:41:23.368+0000][gc,phases   ] GC(12)   Other: 0.4ms
[2023-12-05T15:41:23.368+0000][gc,heap     ] GC(12) Eden regions: 44->0(45)
[2023-12-05T15:41:23.369+0000][gc,heap     ] GC(12) Survivor regions: 7->6(7)
[2023-12-05T15:41:23.369+0000][gc,heap     ] GC(12) Old regions: 22->27
[2023-12-05T15:41:23.369+0000][gc,heap     ] GC(12) Archive regions: 2->2
[2023-12-05T15:41:23.369+0000][gc,heap     ] GC(12) Humongous regions: 129->129
[2023-12-05T15:41:23.369+0000][gc,metaspace] GC(12) Metaspace: 42947K(43648K)->42947K(43648K) NonClass: 38067K(38464K)->38067K(38464K) Class: 4879K(5184K)->4879K(5184K)
[2023-12-05T15:41:23.369+0000][gc          ] GC(12) Pause Young (Normal) (G1 Evacuation Pause) 202M->161M(1024M) 15.277ms
[2023-12-05T15:41:23.369+0000][gc,cpu      ] GC(12) User=0.08s Sys=0.00s Real=0.02s
[2023-12-05T15:47:00.013+0000][gc,start    ] GC(13) Pause Young (Normal) (G1 Evacuation Pause)
[2023-12-05T15:47:00.015+0000][gc,task     ] GC(13) Using 8 workers of 8 for evacuation
[2023-12-05T15:47:00.031+0000][gc,phases   ] GC(13)   Pre Evacuate Collection Set: 0.9ms
[2023-12-05T15:47:00.031+0000][gc,phases   ] GC(13)   Merge Heap Roots: 0.4ms
[2023-12-05T15:47:00.032+0000][gc,phases   ] GC(13)   Evacuate Collection Set: 13.8ms
[2023-12-05T15:47:00.032+0000][gc,phases   ] GC(13)   Post Evacuate Collection Set: 0.7ms
[2023-12-05T15:47:00.032+0000][gc,phases   ] GC(13)   Other: 0.7ms
[2023-12-05T15:47:00.032+0000][gc,heap     ] GC(13) Eden regions: 45->0(66)
[2023-12-05T15:47:00.032+0000][gc,heap     ] GC(13) Survivor regions: 6->4(7)
[2023-12-05T15:47:00.032+0000][gc,heap     ] GC(13) Old regions: 27->30
[2023-12-05T15:47:00.032+0000][gc,heap     ] GC(13) Archive regions: 2->2
[2023-12-05T15:47:00.033+0000][gc,heap     ] GC(13) Humongous regions: 129->129
[2023-12-05T15:47:00.033+0000][gc,metaspace] GC(13) Metaspace: 42974K(43648K)->42974K(43648K) NonClass: 38094K(38464K)->38094K(38464K) Class: 4879K(5184K)->4879K(5184K)
[2023-12-05T15:47:00.033+0000][gc          ] GC(13) Pause Young (Normal) (G1 Evacuation Pause) 206M->163M(1024M) 20.139ms
[2023-12-05T15:47:00.033+0000][gc,cpu      ] GC(13) User=0.08s Sys=0.01s Real=0.02s
[2023-12-05T15:54:24.091+0000][gc,start    ] GC(14) Pause Young (Normal) (G1 Evacuation Pause)
[2023-12-05T15:54:24.092+0000][gc,task     ] GC(14) Using 8 workers of 8 for evacuation
[2023-12-05T15:54:24.107+0000][gc,phases   ] GC(14)   Pre Evacuate Collection Set: 0.7ms
[2023-12-05T15:54:24.108+0000][gc,phases   ] GC(14)   Merge Heap Roots: 0.3ms
[2023-12-05T15:54:24.108+0000][gc,phases   ] GC(14)   Evacuate Collection Set: 12.4ms
[2023-12-05T15:54:24.108+0000][gc,phases   ] GC(14)   Post Evacuate Collection Set: 1.4ms
[2023-12-05T15:54:24.109+0000][gc,phases   ] GC(14)   Other: 0.7ms
[2023-12-05T15:54:24.109+0000][gc,heap     ] GC(14) Eden regions: 64->0(50)
[2023-12-05T15:54:24.109+0000][gc,heap     ] GC(14) Survivor regions: 4->9(9)
[2023-12-05T15:54:24.109+0000][gc,heap     ] GC(14) Old regions: 30->30
[2023-12-05T15:54:24.110+0000][gc,heap     ] GC(14) Archive regions: 2->2
[2023-12-05T15:54:24.110+0000][gc,heap     ] GC(14) Humongous regions: 129->129
[2023-12-05T15:54:24.110+0000][gc,metaspace] GC(14) Metaspace: 43020K(43648K)->43020K(43648K) NonClass: 38137K(38464K)->38137K(38464K) Class: 4883K(5184K)->4883K(5184K)
[2023-12-05T15:54:24.111+0000][gc          ] GC(14) Pause Young (Normal) (G1 Evacuation Pause) 227M->167M(1024M) 19.852ms
[2023-12-05T15:54:24.111+0000][gc,cpu      ] GC(14) User=0.03s Sys=0.01s Real=0.02s
[2023-12-05T16:00:30.816+0000][gc,start    ] GC(15) Pause Young (Normal) (G1 Evacuation Pause)
[2023-12-05T16:00:30.818+0000][gc,task     ] GC(15) Using 8 workers of 8 for evacuation
[2023-12-05T16:00:30.845+0000][gc,mmu      ] GC(15) MMU target violated: 21.0ms (20.0ms/21.0ms)
[2023-12-05T16:00:30.845+0000][gc,phases   ] GC(15)   Pre Evacuate Collection Set: 3.0ms
[2023-12-05T16:00:30.846+0000][gc,phases   ] GC(15)   Merge Heap Roots: 0.6ms
[2023-12-05T16:00:30.846+0000][gc,phases   ] GC(15)   Evacuate Collection Set: 20.2ms
[2023-12-05T16:00:30.846+0000][gc,phases   ] GC(15)   Post Evacuate Collection Set: 1.8ms
[2023-12-05T16:00:30.846+0000][gc,phases   ] GC(15)   Other: 2.0ms
[2023-12-05T16:00:30.847+0000][gc,heap     ] GC(15) Eden regions: 49->0(68)
[2023-12-05T16:00:30.847+0000][gc,heap     ] GC(15) Survivor regions: 9->4(8)
[2023-12-05T16:00:30.847+0000][gc,heap     ] GC(15) Old regions: 30->37
[2023-12-05T16:00:30.848+0000][gc,heap     ] GC(15) Archive regions: 2->2
[2023-12-05T16:00:30.848+0000][gc,heap     ] GC(15) Humongous regions: 129->129
[2023-12-05T16:00:30.848+0000][gc,metaspace] GC(15) Metaspace: 43041K(43712K)->43041K(43712K) NonClass: 38157K(38528K)->38157K(38528K) Class: 4883K(5184K)->4883K(5184K)
[2023-12-05T16:00:30.849+0000][gc          ] GC(15) Pause Young (Normal) (G1 Evacuation Pause) 216M->169M(1024M) 33.232ms
[2023-12-05T16:00:30.849+0000][gc,cpu      ] GC(15) User=0.14s Sys=0.02s Real=0.03s
[2023-12-05T16:08:59.495+0000][gc,start    ] GC(16) Pause Young (Normal) (G1 Evacuation Pause)
[2023-12-05T16:08:59.496+0000][gc,task     ] GC(16) Using 8 workers of 8 for evacuation
[2023-12-05T16:08:59.505+0000][gc,phases   ] GC(16)   Pre Evacuate Collection Set: 0.5ms
[2023-12-05T16:08:59.505+0000][gc,phases   ] GC(16)   Merge Heap Roots: 0.2ms
[2023-12-05T16:08:59.505+0000][gc,phases   ] GC(16)   Evacuate Collection Set: 6.3ms
[2023-12-05T16:08:59.506+0000][gc,phases   ] GC(16)   Post Evacuate Collection Set: 0.8ms
[2023-12-05T16:08:59.506+0000][gc,phases   ] GC(16)   Other: 0.4ms
[2023-12-05T16:08:59.506+0000][gc,heap     ] GC(16) Eden regions: 68->0(64)
[2023-12-05T16:08:59.507+0000][gc,heap     ] GC(16) Survivor regions: 4->7(9)
[2023-12-05T16:08:59.507+0000][gc,heap     ] GC(16) Old regions: 37->37
[2023-12-05T16:08:59.507+0000][gc,heap     ] GC(16) Archive regions: 2->2
[2023-12-05T16:08:59.507+0000][gc,heap     ] GC(16) Humongous regions: 129->129
[2023-12-05T16:08:59.508+0000][gc,metaspace] GC(16) Metaspace: 43050K(43712K)->43050K(43712K) NonClass: 38167K(38528K)->38167K(38528K) Class: 4883K(5184K)->4883K(5184K)
[2023-12-05T16:08:59.508+0000][gc          ] GC(16) Pause Young (Normal) (G1 Evacuation Pause) 237M->172M(1024M) 13.044ms
[2023-12-05T16:08:59.508+0000][gc,cpu      ] GC(16) User=0.04s Sys=0.00s Real=0.02s
[2023-12-05T16:27:18.657+0000][gc,start    ] GC(17) Pause Young (Normal) (G1 Evacuation Pause)
[2023-12-05T16:27:18.660+0000][gc,task     ] GC(17) Using 8 workers of 8 for evacuation
[2023-12-05T16:27:18.692+0000][gc,mmu      ] GC(17) MMU target violated: 21.0ms (20.0ms/21.0ms)
[2023-12-05T16:27:18.692+0000][gc,phases   ] GC(17)   Pre Evacuate Collection Set: 2.6ms
[2023-12-05T16:27:18.693+0000][gc,phases   ] GC(17)   Merge Heap Roots: 0.6ms
[2023-12-05T16:27:18.693+0000][gc,phases   ] GC(17)   Evacuate Collection Set: 25.4ms
[2023-12-05T16:27:18.693+0000][gc,phases   ] GC(17)   Post Evacuate Collection Set: 2.5ms
[2023-12-05T16:27:18.694+0000][gc,phases   ] GC(17)   Other: 1.8ms
[2023-12-05T16:27:18.694+0000][gc,heap     ] GC(17) Eden regions: 64->0(51)
[2023-12-05T16:27:18.694+0000][gc,heap     ] GC(17) Survivor regions: 7->5(9)
[2023-12-05T16:27:18.695+0000][gc,heap     ] GC(17) Old regions: 37->42
[2023-12-05T16:27:18.695+0000][gc,heap     ] GC(17) Archive regions: 2->2
[2023-12-05T16:27:18.695+0000][gc,heap     ] GC(17) Humongous regions: 129->129
[2023-12-05T16:27:18.696+0000][gc,metaspace] GC(17) Metaspace: 43063K(43712K)->43063K(43712K) NonClass: 38179K(38528K)->38179K(38528K) Class: 4883K(5184K)->4883K(5184K)
[2023-12-05T16:27:18.696+0000][gc          ] GC(17) Pause Young (Normal) (G1 Evacuation Pause) 236M->175M(1024M) 39.074ms
[2023-12-05T16:27:18.696+0000][gc,cpu      ] GC(17) User=0.18s Sys=0.02s Real=0.04s
[2023-12-05T16:34:06.088+0000][gc,start    ] GC(18) Pause Young (Normal) (G1 Evacuation Pause)
[2023-12-05T16:34:06.090+0000][gc,task     ] GC(18) Using 8 workers of 8 for evacuation
[2023-12-05T16:34:06.115+0000][gc,mmu      ] GC(18) MMU target violated: 21.0ms (20.0ms/21.0ms)
[2023-12-05T16:34:06.116+0000][gc,phases   ] GC(18)   Pre Evacuate Collection Set: 3.3ms
[2023-12-05T16:34:06.116+0000][gc,phases   ] GC(18)   Merge Heap Roots: 0.7ms
[2023-12-05T16:34:06.117+0000][gc,phases   ] GC(18)   Evacuate Collection Set: 18.6ms
[2023-12-05T16:34:06.117+0000][gc,phases   ] GC(18)   Post Evacuate Collection Set: 1.7ms
[2023-12-05T16:34:06.117+0000][gc,phases   ] GC(18)   Other: 1.6ms
[2023-12-05T16:34:06.118+0000][gc,heap     ] GC(18) Eden regions: 51->0(57)
[2023-12-05T16:34:06.118+0000][gc,heap     ] GC(18) Survivor regions: 5->4(7)
[2023-12-05T16:34:06.118+0000][gc,heap     ] GC(18) Old regions: 42->45
[2023-12-05T16:34:06.119+0000][gc,heap     ] GC(18) Archive regions: 2->2
[2023-12-05T16:34:06.119+0000][gc,heap     ] GC(18) Humongous regions: 129->129
[2023-12-05T16:34:06.119+0000][gc,metaspace] GC(18) Metaspace: 43098K(43776K)->43098K(43776K) NonClass: 38213K(38592K)->38213K(38592K) Class: 4884K(5184K)->4884K(5184K)
[2023-12-05T16:34:06.120+0000][gc          ] GC(18) Pause Young (Normal) (G1 Evacuation Pause) 226M->177M(1024M) 32.105ms
[2023-12-05T16:34:06.120+0000][gc,cpu      ] GC(18) User=0.12s Sys=0.02s Real=0.04s
[2023-12-05T16:40:36.617+0000][gc,start    ] GC(19) Pause Young (Normal) (G1 Evacuation Pause)
[2023-12-05T16:40:36.619+0000][gc,task     ] GC(19) Using 8 workers of 8 for evacuation
[2023-12-05T16:40:36.641+0000][gc,mmu      ] GC(19) MMU target violated: 21.0ms (20.0ms/21.0ms)
[2023-12-05T16:40:36.642+0000][gc,phases   ] GC(19)   Pre Evacuate Collection Set: 1.8ms
[2023-12-05T16:40:36.642+0000][gc,phases   ] GC(19)   Merge Heap Roots: 0.4ms
[2023-12-05T16:40:36.643+0000][gc,phases   ] GC(19)   Evacuate Collection Set: 17.4ms
[2023-12-05T16:40:36.643+0000][gc,phases   ] GC(19)   Post Evacuate Collection Set: 1.5ms
[2023-12-05T16:40:36.643+0000][gc,phases   ] GC(19)   Other: 1.4ms
[2023-12-05T16:40:36.644+0000][gc,heap     ] GC(19) Eden regions: 57->0(43)
[2023-12-05T16:40:36.644+0000][gc,heap     ] GC(19) Survivor regions: 4->8(8)
[2023-12-05T16:40:36.644+0000][gc,heap     ] GC(19) Old regions: 45->45
[2023-12-05T16:40:36.644+0000][gc,heap     ] GC(19) Archive regions: 2->2
[2023-12-05T16:40:36.645+0000][gc,heap     ] GC(19) Humongous regions: 129->129
[2023-12-05T16:40:36.645+0000][gc,metaspace] GC(19) Metaspace: 43143K(43840K)->43143K(43840K) NonClass: 38258K(38656K)->38258K(38656K) Class: 4884K(5184K)->4884K(5184K)
[2023-12-05T16:40:36.645+0000][gc          ] GC(19) Pause Young (Normal) (G1 Evacuation Pause) 234M->182M(1024M) 28.321ms
[2023-12-05T16:40:36.646+0000][gc,cpu      ] GC(19) User=0.13s Sys=0.00s Real=0.03s
[2023-12-05T16:48:04.415+0000][gc,start    ] GC(20) Pause Young (Normal) (G1 Evacuation Pause)
[2023-12-05T16:48:04.417+0000][gc,task     ] GC(20) Using 8 workers of 8 for evacuation
[2023-12-05T16:48:04.444+0000][gc,mmu      ] GC(20) MMU target violated: 21.0ms (20.0ms/21.0ms)
[2023-12-05T16:48:04.444+0000][gc,phases   ] GC(20)   Pre Evacuate Collection Set: 0.8ms
[2023-12-05T16:48:04.445+0000][gc,phases   ] GC(20)   Merge Heap Roots: 0.3ms
[2023-12-05T16:48:04.445+0000][gc,phases   ] GC(20)   Evacuate Collection Set: 23.7ms
[2023-12-05T16:48:04.445+0000][gc,phases   ] GC(20)   Post Evacuate Collection Set: 1.3ms
[2023-12-05T16:48:04.446+0000][gc,phases   ] GC(20)   Other: 1.0ms
[2023-12-05T16:48:04.446+0000][gc,heap     ] GC(20) Eden regions: 43->0(48)
[2023-12-05T16:48:04.446+0000][gc,heap     ] GC(20) Survivor regions: 8->5(7)
[2023-12-05T16:48:04.447+0000][gc,heap     ] GC(20) Old regions: 45->51
[2023-12-05T16:48:04.447+0000][gc,heap     ] GC(20) Archive regions: 2->2
[2023-12-05T16:48:04.447+0000][gc,heap     ] GC(20) Humongous regions: 129->129
[2023-12-05T16:48:04.447+0000][gc,metaspace] GC(20) Metaspace: 43147K(43840K)->43147K(43840K) NonClass: 38262K(38656K)->38262K(38656K) Class: 4884K(5184K)->4884K(5184K)
[2023-12-05T16:48:04.448+0000][gc          ] GC(20) Pause Young (Normal) (G1 Evacuation Pause) 225M->185M(1024M) 32.922ms
[2023-12-05T16:48:04.448+0000][gc,cpu      ] GC(20) User=0.11s Sys=0.03s Real=0.03s
[2023-12-05T18:15:38.137+0000][gc,start    ] GC(21) Pause Young (Normal) (G1 Evacuation Pause)
[2023-12-05T18:15:38.140+0000][gc,task     ] GC(21) Using 8 workers of 8 for evacuation
[2023-12-05T18:15:38.168+0000][gc,mmu      ] GC(21) MMU target violated: 21.0ms (20.0ms/21.0ms)
[2023-12-05T18:15:38.168+0000][gc,phases   ] GC(21)   Pre Evacuate Collection Set: 3.7ms
[2023-12-05T18:15:38.168+0000][gc,phases   ] GC(21)   Merge Heap Roots: 1.4ms
[2023-12-05T18:15:38.169+0000][gc,phases   ] GC(21)   Evacuate Collection Set: 19.6ms
[2023-12-05T18:15:38.169+0000][gc,phases   ] GC(21)   Post Evacuate Collection Set: 2.2ms
[2023-12-05T18:15:38.169+0000][gc,phases   ] GC(21)   Other: 1.5ms
[2023-12-05T18:15:38.169+0000][gc,heap     ] GC(21) Eden regions: 48->0(51)
[2023-12-05T18:15:38.170+0000][gc,heap     ] GC(21) Survivor regions: 5->4(7)
[2023-12-05T18:15:38.170+0000][gc,heap     ] GC(21) Old regions: 51->54
[2023-12-05T18:15:38.170+0000][gc,heap     ] GC(21) Archive regions: 2->2
[2023-12-05T18:15:38.170+0000][gc,heap     ] GC(21) Humongous regions: 129->129
[2023-12-05T18:15:38.171+0000][gc,metaspace] GC(21) Metaspace: 43197K(43840K)->43197K(43840K) NonClass: 38312K(38656K)->38312K(38656K) Class: 4884K(5184K)->4884K(5184K)
[2023-12-05T18:15:38.171+0000][gc          ] GC(21) Pause Young (Normal) (G1 Evacuation Pause) 233M->186M(1024M) 33.384ms
[2023-12-05T18:15:38.171+0000][gc,cpu      ] GC(21) User=0.12s Sys=0.01s Real=0.03s
[2023-12-05T18:21:57.727+0000][gc,start    ] GC(22) Pause Young (Normal) (G1 Evacuation Pause)
[2023-12-05T18:21:57.729+0000][gc,task     ] GC(22) Using 8 workers of 8 for evacuation
[2023-12-05T18:21:57.746+0000][gc,phases   ] GC(22)   Pre Evacuate Collection Set: 0.7ms
[2023-12-05T18:21:57.747+0000][gc,phases   ] GC(22)   Merge Heap Roots: 0.2ms
[2023-12-05T18:21:57.747+0000][gc,phases   ] GC(22)   Evacuate Collection Set: 14.6ms
[2023-12-05T18:21:57.747+0000][gc,phases   ] GC(22)   Post Evacuate Collection Set: 0.9ms
[2023-12-05T18:21:57.748+0000][gc,phases   ] GC(22)   Other: 0.6ms
[2023-12-05T18:21:57.748+0000][gc,heap     ] GC(22) Eden regions: 51->0(44)
[2023-12-05T18:21:57.749+0000][gc,heap     ] GC(22) Survivor regions: 4->7(7)
[2023-12-05T18:21:57.749+0000][gc,heap     ] GC(22) Old regions: 54->54
[2023-12-05T18:21:57.750+0000][gc,heap     ] GC(22) Archive regions: 2->2
[2023-12-05T18:21:57.750+0000][gc,heap     ] GC(22) Humongous regions: 129->129
[2023-12-05T18:21:57.750+0000][gc,metaspace] GC(22) Metaspace: 43198K(43840K)->43198K(43840K) NonClass: 38313K(38656K)->38313K(38656K) Class: 4884K(5184K)->4884K(5184K)
[2023-12-05T18:21:57.750+0000][gc          ] GC(22) Pause Young (Normal) (G1 Evacuation Pause) 237M->190M(1024M) 23.216ms
[2023-12-05T18:21:57.751+0000][gc,cpu      ] GC(22) User=0.09s Sys=0.01s Real=0.02s
[2023-12-05T18:27:21.902+0000][gc,start    ] GC(23) Pause Young (Normal) (G1 Evacuation Pause)
[2023-12-05T18:27:21.905+0000][gc,task     ] GC(23) Using 8 workers of 8 for evacuation
[2023-12-05T18:27:21.926+0000][gc,mmu      ] GC(23) MMU target violated: 20.6ms (20.0ms/21.0ms)
[2023-12-05T18:27:21.926+0000][gc,phases   ] GC(23)   Pre Evacuate Collection Set: 2.1ms
[2023-12-05T18:27:21.927+0000][gc,phases   ] GC(23)   Merge Heap Roots: 0.4ms
[2023-12-05T18:27:21.927+0000][gc,phases   ] GC(23)   Evacuate Collection Set: 16.5ms
[2023-12-05T18:27:21.927+0000][gc,phases   ] GC(23)   Post Evacuate Collection Set: 1.3ms
[2023-12-05T18:27:21.927+0000][gc,phases   ] GC(23)   Other: 1.4ms
[2023-12-05T18:27:21.927+0000][gc,heap     ] GC(23) Eden regions: 44->0(74)
[2023-12-05T18:27:21.927+0000][gc,heap     ] GC(23) Survivor regions: 7->4(7)
[2023-12-05T18:27:21.927+0000][gc,heap     ] GC(23) Old regions: 54->59
[2023-12-05T18:27:21.928+0000][gc,heap     ] GC(23) Archive regions: 2->2
[2023-12-05T18:27:21.928+0000][gc,heap     ] GC(23) Humongous regions: 129->129
[2023-12-05T18:27:21.928+0000][gc,metaspace] GC(23) Metaspace: 43207K(43840K)->43207K(43840K) NonClass: 38322K(38656K)->38322K(38656K) Class: 4884K(5184K)->4884K(5184K)
[2023-12-05T18:27:21.928+0000][gc          ] GC(23) Pause Young (Normal) (G1 Evacuation Pause) 234M->191M(1024M) 25.965ms
[2023-12-05T18:27:21.928+0000][gc,cpu      ] GC(23) User=0.10s Sys=0.02s Real=0.02s
[2023-12-05T18:36:01.387+0000][gc,start    ] GC(24) Pause Young (Normal) (G1 Evacuation Pause)
[2023-12-05T18:36:01.390+0000][gc,task     ] GC(24) Using 8 workers of 8 for evacuation
[2023-12-05T18:36:01.413+0000][gc,mmu      ] GC(24) MMU target violated: 21.0ms (20.0ms/21.0ms)
[2023-12-05T18:36:01.414+0000][gc,phases   ] GC(24)   Pre Evacuate Collection Set: 3.0ms
[2023-12-05T18:36:01.414+0000][gc,phases   ] GC(24)   Merge Heap Roots: 0.6ms
[2023-12-05T18:36:01.414+0000][gc,phases   ] GC(24)   Evacuate Collection Set: 17.4ms
[2023-12-05T18:36:01.414+0000][gc,phases   ] GC(24)   Post Evacuate Collection Set: 1.6ms
[2023-12-05T18:36:01.415+0000][gc,phases   ] GC(24)   Other: 1.3ms
[2023-12-05T18:36:01.415+0000][gc,heap     ] GC(24) Eden regions: 74->0(44)
[2023-12-05T18:36:01.415+0000][gc,heap     ] GC(24) Survivor regions: 4->7(10)
[2023-12-05T18:36:01.415+0000][gc,heap     ] GC(24) Old regions: 59->59
[2023-12-05T18:36:01.416+0000][gc,heap     ] GC(24) Archive regions: 2->2
[2023-12-05T18:36:01.416+0000][gc,heap     ] GC(24) Humongous regions: 129->129
[2023-12-05T18:36:01.416+0000][gc,metaspace] GC(24) Metaspace: 43229K(43904K)->43229K(43904K) NonClass: 38344K(38720K)->38344K(38720K) Class: 4884K(5184K)->4884K(5184K)
[2023-12-05T18:36:01.416+0000][gc          ] GC(24) Pause Young (Normal) (G1 Evacuation Pause) 265M->194M(1024M) 29.364ms
[2023-12-05T18:36:01.417+0000][gc,cpu      ] GC(24) User=0.13s Sys=0.02s Real=0.03s
[2023-12-05T18:41:31.483+0000][gc,start    ] GC(25) Pause Young (Normal) (G1 Evacuation Pause)
[2023-12-05T18:41:31.486+0000][gc,task     ] GC(25) Using 8 workers of 8 for evacuation
[2023-12-05T18:41:31.504+0000][gc,phases   ] GC(25)   Pre Evacuate Collection Set: 1.2ms
[2023-12-05T18:41:31.504+0000][gc,phases   ] GC(25)   Merge Heap Roots: 0.5ms
[2023-12-05T18:41:31.504+0000][gc,phases   ] GC(25)   Evacuate Collection Set: 13.9ms
[2023-12-05T18:41:31.505+0000][gc,phases   ] GC(25)   Post Evacuate Collection Set: 1.2ms
[2023-12-05T18:41:31.505+0000][gc,phases   ] GC(25)   Other: 0.9ms
[2023-12-05T18:41:31.505+0000][gc,heap     ] GC(25) Eden regions: 44->0(80)
[2023-12-05T18:41:31.506+0000][gc,heap     ] GC(25) Survivor regions: 7->3(7)
[2023-12-05T18:41:31.506+0000][gc,heap     ] GC(25) Old regions: 59->63
[2023-12-05T18:41:31.506+0000][gc,heap     ] GC(25) Archive regions: 2->2
[2023-12-05T18:41:31.507+0000][gc,heap     ] GC(25) Humongous regions: 129->129
[2023-12-05T18:41:31.507+0000][gc,metaspace] GC(25) Metaspace: 43233K(43904K)->43233K(43904K) NonClass: 38348K(38720K)->38348K(38720K) Class: 4884K(5184K)->4884K(5184K)
[2023-12-05T18:41:31.507+0000][gc          ] GC(25) Pause Young (Normal) (G1 Evacuation Pause) 238M->195M(1024M) 24.263ms
[2023-12-05T18:41:31.508+0000][gc,cpu      ] GC(25) User=0.08s Sys=0.01s Real=0.02s
[2023-12-05T18:51:31.799+0000][gc,start    ] GC(26) Pause Young (Normal) (G1 Evacuation Pause)
[2023-12-05T18:51:31.800+0000][gc,task     ] GC(26) Using 8 workers of 8 for evacuation
[2023-12-05T18:51:31.810+0000][gc,phases   ] GC(26)   Pre Evacuate Collection Set: 0.7ms
[2023-12-05T18:51:31.810+0000][gc,phases   ] GC(26)   Merge Heap Roots: 0.1ms
[2023-12-05T18:51:31.810+0000][gc,phases   ] GC(26)   Evacuate Collection Set: 7.0ms
[2023-12-05T18:51:31.810+0000][gc,phases   ] GC(26)   Post Evacuate Collection Set: 1.1ms
[2023-12-05T18:51:31.810+0000][gc,phases   ] GC(26)   Other: 0.4ms
[2023-12-05T18:51:31.810+0000][gc,heap     ] GC(26) Eden regions: 80->0(66)
[2023-12-05T18:51:31.811+0000][gc,heap     ] GC(26) Survivor regions: 3->8(11)
[2023-12-05T18:51:31.811+0000][gc,heap     ] GC(26) Old regions: 63->63
[2023-12-05T18:51:31.811+0000][gc,heap     ] GC(26) Archive regions: 2->2
[2023-12-05T18:51:31.811+0000][gc,heap     ] GC(26) Humongous regions: 129->129
[2023-12-05T18:51:31.811+0000][gc,metaspace] GC(26) Metaspace: 43260K(43904K)->43260K(43904K) NonClass: 38375K(38720K)->38375K(38720K) Class: 4884K(5184K)->4884K(5184K)
[2023-12-05T18:51:31.811+0000][gc          ] GC(26) Pause Young (Normal) (G1 Evacuation Pause) 275M->200M(1024M) 12.220ms
[2023-12-05T18:51:31.811+0000][gc,cpu      ] GC(26) User=0.05s Sys=0.01s Real=0.01s
[2023-12-05T18:59:32.791+0000][gc,start    ] GC(27) Pause Young (Normal) (G1 Evacuation Pause)
[2023-12-05T18:59:32.791+0000][gc,task     ] GC(27) Using 8 workers of 8 for evacuation
[2023-12-05T18:59:32.806+0000][gc,phases   ] GC(27)   Pre Evacuate Collection Set: 1.0ms
[2023-12-05T18:59:32.806+0000][gc,phases   ] GC(27)   Merge Heap Roots: 0.2ms
[2023-12-05T18:59:32.806+0000][gc,phases   ] GC(27)   Evacuate Collection Set: 11.7ms
[2023-12-05T18:59:32.806+0000][gc,phases   ] GC(27)   Post Evacuate Collection Set: 1.0ms
[2023-12-05T18:59:32.806+0000][gc,phases   ] GC(27)   Other: 0.4ms
[2023-12-05T18:59:32.806+0000][gc,heap     ] GC(27) Eden regions: 66->0(92)
[2023-12-05T18:59:32.806+0000][gc,heap     ] GC(27) Survivor regions: 8->6(10)
[2023-12-05T18:59:32.807+0000][gc,heap     ] GC(27) Old regions: 63->69
[2023-12-05T18:59:32.807+0000][gc,heap     ] GC(27) Archive regions: 2->2
[2023-12-05T18:59:32.807+0000][gc,heap     ] GC(27) Humongous regions: 129->129
[2023-12-05T18:59:32.807+0000][gc,metaspace] GC(27) Metaspace: 43285K(43904K)->43285K(43904K) NonClass: 38400K(38720K)->38400K(38720K) Class: 4884K(5184K)->4884K(5184K)
[2023-12-05T18:59:32.807+0000][gc          ] GC(27) Pause Young (Normal) (G1 Evacuation Pause) 266M->204M(1024M) 16.323ms
[2023-12-05T18:59:32.807+0000][gc,cpu      ] GC(27) User=0.10s Sys=0.00s Real=0.02s
[2023-12-05T19:09:52.381+0000][gc,start    ] GC(28) Pause Young (Normal) (G1 Evacuation Pause)
[2023-12-05T19:09:52.384+0000][gc,task     ] GC(28) Using 8 workers of 8 for evacuation
[2023-12-05T19:09:52.409+0000][gc,mmu      ] GC(28) MMU target violated: 21.0ms (20.0ms/21.0ms)
[2023-12-05T19:09:52.409+0000][gc,phases   ] GC(28)   Pre Evacuate Collection Set: 2.5ms
[2023-12-05T19:09:52.409+0000][gc,phases   ] GC(28)   Merge Heap Roots: 0.6ms
[2023-12-05T19:09:52.410+0000][gc,phases   ] GC(28)   Evacuate Collection Set: 19.4ms
[2023-12-05T19:09:52.410+0000][gc,phases   ] GC(28)   Post Evacuate Collection Set: 1.6ms
[2023-12-05T19:09:52.410+0000][gc,phases   ] GC(28)   Other: 1.5ms
[2023-12-05T19:09:52.410+0000][gc,heap     ] GC(28) Eden regions: 92->0(49)
[2023-12-05T19:09:52.411+0000][gc,heap     ] GC(28) Survivor regions: 6->10(13)
[2023-12-05T19:09:52.411+0000][gc,heap     ] GC(28) Old regions: 69->69
[2023-12-05T19:09:52.411+0000][gc,heap     ] GC(28) Archive regions: 2->2
[2023-12-05T19:09:52.412+0000][gc,heap     ] GC(28) Humongous regions: 129->129
[2023-12-05T19:09:52.412+0000][gc,metaspace] GC(28) Metaspace: 43298K(43968K)->43298K(43968K) NonClass: 38413K(38784K)->38413K(38784K) Class: 4884K(5184K)->4884K(5184K)
[2023-12-05T19:09:52.412+0000][gc          ] GC(28) Pause Young (Normal) (G1 Evacuation Pause) 296M->207M(1024M) 31.579ms
[2023-12-05T19:09:52.412+0000][gc,cpu      ] GC(28) User=0.15s Sys=0.01s Real=0.03s
[2023-12-05T19:15:16.954+0000][gc,start    ] GC(29) Pause Young (Normal) (G1 Evacuation Pause)
[2023-12-05T19:15:16.955+0000][gc,task     ] GC(29) Using 8 workers of 8 for evacuation
[2023-12-05T19:15:16.966+0000][gc,phases   ] GC(29)   Pre Evacuate Collection Set: 0.6ms
[2023-12-05T19:15:16.966+0000][gc,phases   ] GC(29)   Merge Heap Roots: 0.1ms
[2023-12-05T19:15:16.966+0000][gc,phases   ] GC(29)   Evacuate Collection Set: 8.9ms
[2023-12-05T19:15:16.966+0000][gc,phases   ] GC(29)   Post Evacuate Collection Set: 0.9ms
[2023-12-05T19:15:16.966+0000][gc,phases   ] GC(29)   Other: 0.3ms
[2023-12-05T19:15:16.966+0000][gc,heap     ] GC(29) Eden regions: 49->0(104)
[2023-12-05T19:15:16.966+0000][gc,heap     ] GC(29) Survivor regions: 10->5(8)
[2023-12-05T19:15:16.967+0000][gc,heap     ] GC(29) Old regions: 69->77
[2023-12-05T19:15:16.967+0000][gc,heap     ] GC(29) Archive regions: 2->2
[2023-12-05T19:15:16.967+0000][gc,heap     ] GC(29) Humongous regions: 129->129
[2023-12-05T19:15:16.967+0000][gc,metaspace] GC(29) Metaspace: 43321K(44032K)->43321K(44032K) NonClass: 38436K(38848K)->38436K(38848K) Class: 4884K(5184K)->4884K(5184K)
[2023-12-05T19:15:16.967+0000][gc          ] GC(29) Pause Young (Normal) (G1 Evacuation Pause) 256M->211M(1024M) 12.738ms
[2023-12-05T19:15:16.967+0000][gc,cpu      ] GC(29) User=0.06s Sys=0.01s Real=0.01s
[2023-12-05T19:28:49.941+0000][gc,start    ] GC(30) Pause Young (Normal) (G1 Evacuation Pause)
[2023-12-05T19:28:49.941+0000][gc,task     ] GC(30) Using 8 workers of 8 for evacuation
[2023-12-05T19:28:49.961+0000][gc,phases   ] GC(30)   Pre Evacuate Collection Set: 0.8ms
[2023-12-05T19:28:49.961+0000][gc,phases   ] GC(30)   Merge Heap Roots: 0.2ms
[2023-12-05T19:28:49.961+0000][gc,phases   ] GC(30)   Evacuate Collection Set: 16.6ms
[2023-12-05T19:28:49.961+0000][gc,phases   ] GC(30)   Post Evacuate Collection Set: 1.4ms
[2023-12-05T19:28:49.961+0000][gc,phases   ] GC(30)   Other: 0.3ms
[2023-12-05T19:28:49.961+0000][gc,heap     ] GC(30) Eden regions: 104->0(67)
[2023-12-05T19:28:49.961+0000][gc,heap     ] GC(30) Survivor regions: 5->11(14)
[2023-12-05T19:28:49.962+0000][gc,heap     ] GC(30) Old regions: 77->77
[2023-12-05T19:28:49.962+0000][gc,heap     ] GC(30) Archive regions: 2->2
[2023-12-05T19:28:49.962+0000][gc,heap     ] GC(30) Humongous regions: 129->129
[2023-12-05T19:28:49.962+0000][gc,metaspace] GC(30) Metaspace: 43337K(44032K)->43337K(44032K) NonClass: 38452K(38848K)->38452K(38848K) Class: 4884K(5184K)->4884K(5184K)
[2023-12-05T19:28:49.962+0000][gc          ] GC(30) Pause Young (Normal) (G1 Evacuation Pause) 315M->217M(1024M) 21.402ms
[2023-12-05T19:28:49.962+0000][gc,cpu      ] GC(30) User=0.06s Sys=0.03s Real=0.03s
[2023-12-05T19:37:58.789+0000][gc,start    ] GC(31) Pause Young (Normal) (G1 Evacuation Pause)
[2023-12-05T19:37:58.792+0000][gc,task     ] GC(31) Using 8 workers of 8 for evacuation
[2023-12-05T19:37:58.828+0000][gc,mmu      ] GC(31) MMU target violated: 21.0ms (20.0ms/21.0ms)
[2023-12-05T19:37:58.829+0000][gc,phases   ] GC(31)   Pre Evacuate Collection Set: 2.3ms
[2023-12-05T19:37:58.829+0000][gc,phases   ] GC(31)   Merge Heap Roots: 0.6ms
[2023-12-05T19:37:58.829+0000][gc,phases   ] GC(31)   Evacuate Collection Set: 31.2ms
[2023-12-05T19:37:58.829+0000][gc,phases   ] GC(31)   Post Evacuate Collection Set: 1.1ms
[2023-12-05T19:37:58.829+0000][gc,phases   ] GC(31)   Other: 1.5ms
[2023-12-05T19:37:58.830+0000][gc,heap     ] GC(31) Eden regions: 67->0(91)
[2023-12-05T19:37:58.830+0000][gc,heap     ] GC(31) Survivor regions: 11->4(10)
[2023-12-05T19:37:58.830+0000][gc,heap     ] GC(31) Old regions: 77->86
[2023-12-05T19:37:58.830+0000][gc,heap     ] GC(31) Archive regions: 2->2
[2023-12-05T19:37:58.830+0000][gc,heap     ] GC(31) Humongous regions: 129->129
[2023-12-05T19:37:58.831+0000][gc,metaspace] GC(31) Metaspace: 43339K(44032K)->43339K(44032K) NonClass: 38454K(38848K)->38454K(38848K) Class: 4884K(5184K)->4884K(5184K)
[2023-12-05T19:37:58.831+0000][gc          ] GC(31) Pause Young (Normal) (G1 Evacuation Pause) 284M->219M(1024M) 41.659ms
[2023-12-05T19:37:58.831+0000][gc,cpu      ] GC(31) User=0.13s Sys=0.10s Real=0.04s
[2023-12-05T19:52:17.988+0000][gc,start    ] GC(32) Pause Young (Normal) (G1 Evacuation Pause)
[2023-12-05T19:52:17.989+0000][gc,task     ] GC(32) Using 8 workers of 8 for evacuation
[2023-12-05T19:52:18.000+0000][gc,phases   ] GC(32)   Pre Evacuate Collection Set: 0.8ms
[2023-12-05T19:52:18.000+0000][gc,phases   ] GC(32)   Merge Heap Roots: 0.1ms
[2023-12-05T19:52:18.000+0000][gc,phases   ] GC(32)   Evacuate Collection Set: 8.3ms
[2023-12-05T19:52:18.000+0000][gc,phases   ] GC(32)   Post Evacuate Collection Set: 1.2ms
[2023-12-05T19:52:18.000+0000][gc,phases   ] GC(32)   Other: 0.3ms
[2023-12-05T19:52:18.001+0000][gc,heap     ] GC(32) Eden regions: 91->0(82)
[2023-12-05T19:52:18.001+0000][gc,heap     ] GC(32) Survivor regions: 4->7(12)
[2023-12-05T19:52:18.001+0000][gc,heap     ] GC(32) Old regions: 86->86
[2023-12-05T19:52:18.001+0000][gc,heap     ] GC(32) Archive regions: 2->2
[2023-12-05T19:52:18.001+0000][gc,heap     ] GC(32) Humongous regions: 129->129
[2023-12-05T19:52:18.001+0000][gc,metaspace] GC(32) Metaspace: 43341K(44032K)->43341K(44032K) NonClass: 38456K(38848K)->38456K(38848K) Class: 4884K(5184K)->4884K(5184K)
[2023-12-05T19:52:18.001+0000][gc          ] GC(32) Pause Young (Normal) (G1 Evacuation Pause) 310M->221M(1024M) 13.656ms
[2023-12-05T19:52:18.001+0000][gc,cpu      ] GC(32) User=0.07s Sys=0.00s Real=0.01s
[2023-12-05T20:03:17.123+0000][gc,start    ] GC(33) Pause Young (Normal) (G1 Evacuation Pause)
[2023-12-05T20:03:17.125+0000][gc,task     ] GC(33) Using 8 workers of 8 for evacuation
[2023-12-05T20:03:17.166+0000][gc,mmu      ] GC(33) MMU target violated: 21.0ms (20.0ms/21.0ms)
[2023-12-05T20:03:17.167+0000][gc,phases   ] GC(33)   Pre Evacuate Collection Set: 1.3ms
[2023-12-05T20:03:17.167+0000][gc,phases   ] GC(33)   Merge Heap Roots: 0.4ms
[2023-12-05T20:03:17.167+0000][gc,phases   ] GC(33)   Evacuate Collection Set: 32.1ms
[2023-12-05T20:03:17.167+0000][gc,phases   ] GC(33)   Post Evacuate Collection Set: 6.6ms
[2023-12-05T20:03:17.167+0000][gc,phases   ] GC(33)   Other: 1.1ms
[2023-12-05T20:03:17.167+0000][gc,heap     ] GC(33) Eden regions: 82->0(40)
[2023-12-05T20:03:17.167+0000][gc,heap     ] GC(33) Survivor regions: 7->11(12)
[2023-12-05T20:03:17.168+0000][gc,heap     ] GC(33) Old regions: 86->88
[2023-12-05T20:03:17.168+0000][gc,heap     ] GC(33) Archive regions: 2->2
[2023-12-05T20:03:17.168+0000][gc,heap     ] GC(33) Humongous regions: 129->129
[2023-12-05T20:03:17.168+0000][gc,metaspace] GC(33) Metaspace: 43359K(44032K)->43359K(44032K) NonClass: 38474K(38848K)->38474K(38848K) Class: 4884K(5184K)->4884K(5184K)
[2023-12-05T20:03:17.168+0000][gc          ] GC(33) Pause Young (Normal) (G1 Evacuation Pause) 303M->227M(1024M) 45.147ms
[2023-12-05T20:03:17.169+0000][gc,cpu      ] GC(33) User=0.26s Sys=0.01s Real=0.05s
[2023-12-05T20:09:30.872+0000][gc,start    ] GC(34) Pause Young (Normal) (G1 Evacuation Pause)
[2023-12-05T20:09:30.874+0000][gc,task     ] GC(34) Using 8 workers of 8 for evacuation
[2023-12-05T20:09:30.887+0000][gc,phases   ] GC(34)   Pre Evacuate Collection Set: 0.8ms
[2023-12-05T20:09:30.888+0000][gc,phases   ] GC(34)   Merge Heap Roots: 0.2ms
[2023-12-05T20:09:30.888+0000][gc,phases   ] GC(34)   Evacuate Collection Set: 11.4ms
[2023-12-05T20:09:30.888+0000][gc,phases   ] GC(34)   Post Evacuate Collection Set: 1.0ms
[2023-12-05T20:09:30.888+0000][gc,phases   ] GC(34)   Other: 0.4ms
[2023-12-05T20:09:30.888+0000][gc,heap     ] GC(34) Eden regions: 40->0(60)
[2023-12-05T20:09:30.888+0000][gc,heap     ] GC(34) Survivor regions: 11->5(7)
[2023-12-05T20:09:30.888+0000][gc,heap     ] GC(34) Old regions: 88->95
[2023-12-05T20:09:30.888+0000][gc,heap     ] GC(34) Archive regions: 2->2
[2023-12-05T20:09:30.888+0000][gc,heap     ] GC(34) Humongous regions: 129->129
[2023-12-05T20:09:30.889+0000][gc,metaspace] GC(34) Metaspace: 43363K(44032K)->43363K(44032K) NonClass: 38479K(38848K)->38479K(38848K) Class: 4884K(5184K)->4884K(5184K)
[2023-12-05T20:09:30.889+0000][gc          ] GC(34) Pause Young (Normal) (G1 Evacuation Pause) 267M->229M(1024M) 16.521ms
[2023-12-05T20:09:30.889+0000][gc,cpu      ] GC(34) User=0.08s Sys=0.00s Real=0.02s
[2023-12-05T20:18:56.873+0000][gc,start    ] GC(35) Pause Young (Normal) (G1 Evacuation Pause)
[2023-12-05T20:18:56.876+0000][gc,task     ] GC(35) Using 8 workers of 8 for evacuation
[2023-12-05T20:18:56.896+0000][gc,phases   ] GC(35)   Pre Evacuate Collection Set: 2.3ms
[2023-12-05T20:18:56.897+0000][gc,phases   ] GC(35)   Merge Heap Roots: 0.8ms
[2023-12-05T20:18:56.897+0000][gc,phases   ] GC(35)   Evacuate Collection Set: 14.1ms
[2023-12-05T20:18:56.897+0000][gc,phases   ] GC(35)   Post Evacuate Collection Set: 1.8ms
[2023-12-05T20:18:56.897+0000][gc,phases   ] GC(35)   Other: 1.3ms
[2023-12-05T20:18:56.897+0000][gc,heap     ] GC(35) Eden regions: 60->0(74)
[2023-12-05T20:18:56.897+0000][gc,heap     ] GC(35) Survivor regions: 5->5(9)
[2023-12-05T20:18:56.898+0000][gc,heap     ] GC(35) Old regions: 95->95
[2023-12-05T20:18:56.898+0000][gc,heap     ] GC(35) Archive regions: 2->2
[2023-12-05T20:18:56.898+0000][gc,heap     ] GC(35) Humongous regions: 129->129
[2023-12-05T20:18:56.898+0000][gc,metaspace] GC(35) Metaspace: 43379K(44032K)->43379K(44032K) NonClass: 38494K(38848K)->38494K(38848K) Class: 4884K(5184K)->4884K(5184K)
[2023-12-05T20:18:56.898+0000][gc          ] GC(35) Pause Young (Normal) (G1 Evacuation Pause) 289M->229M(1024M) 24.956ms
[2023-12-05T20:18:56.899+0000][gc,cpu      ] GC(35) User=0.09s Sys=0.00s Real=0.03s
[2023-12-05T22:06:20.661+0000][gc,start    ] GC(36) Pause Young (Normal) (G1 Evacuation Pause)
[2023-12-05T22:06:20.662+0000][gc,task     ] GC(36) Using 8 workers of 8 for evacuation
[2023-12-05T22:06:20.676+0000][gc,phases   ] GC(36)   Pre Evacuate Collection Set: 0.9ms
[2023-12-05T22:06:20.677+0000][gc,phases   ] GC(36)   Merge Heap Roots: 0.2ms
[2023-12-05T22:06:20.677+0000][gc,phases   ] GC(36)   Evacuate Collection Set: 11.3ms
[2023-12-05T22:06:20.677+0000][gc,phases   ] GC(36)   Post Evacuate Collection Set: 1.3ms
[2023-12-05T22:06:20.677+0000][gc,phases   ] GC(36)   Other: 0.4ms
[2023-12-05T22:06:20.677+0000][gc,heap     ] GC(36) Eden regions: 74->0(41)
[2023-12-05T22:06:20.677+0000][gc,heap     ] GC(36) Survivor regions: 5->10(10)
[2023-12-05T22:06:20.677+0000][gc,heap     ] GC(36) Old regions: 95->96
[2023-12-05T22:06:20.677+0000][gc,heap     ] GC(36) Archive regions: 2->2
[2023-12-05T22:06:20.678+0000][gc,heap     ] GC(36) Humongous regions: 129->129
[2023-12-05T22:06:20.678+0000][gc,metaspace] GC(36) Metaspace: 43387K(44032K)->43387K(44032K) NonClass: 38502K(38848K)->38502K(38848K) Class: 4884K(5184K)->4884K(5184K)
[2023-12-05T22:06:20.678+0000][gc          ] GC(36) Pause Young (Normal) (G1 Evacuation Pause) 303M->235M(1024M) 17.068ms
[2023-12-05T22:06:20.678+0000][gc,cpu      ] GC(36) User=0.10s Sys=0.00s Real=0.02s
[2023-12-05T22:15:55.730+0000][gc,start    ] GC(37) Pause Young (Normal) (G1 Evacuation Pause)
[2023-12-05T22:15:55.731+0000][gc,task     ] GC(37) Using 8 workers of 8 for evacuation
[2023-12-05T22:15:55.751+0000][gc,phases   ] GC(37)   Pre Evacuate Collection Set: 0.9ms
[2023-12-05T22:15:55.751+0000][gc,phases   ] GC(37)   Merge Heap Roots: 0.3ms
[2023-12-05T22:15:55.751+0000][gc,phases   ] GC(37)   Evacuate Collection Set: 17.3ms
[2023-12-05T22:15:55.751+0000][gc,phases   ] GC(37)   Post Evacuate Collection Set: 1.1ms
[2023-12-05T22:15:55.752+0000][gc,phases   ] GC(37)   Other: 0.3ms
[2023-12-05T22:15:55.752+0000][gc,heap     ] GC(37) Eden regions: 41->0(83)
[2023-12-05T22:15:55.752+0000][gc,heap     ] GC(37) Survivor regions: 10->4(7)
[2023-12-05T22:15:55.752+0000][gc,heap     ] GC(37) Old regions: 96->105
[2023-12-05T22:15:55.752+0000][gc,heap     ] GC(37) Archive regions: 2->2
[2023-12-05T22:15:55.752+0000][gc,heap     ] GC(37) Humongous regions: 129->129
[2023-12-05T22:15:55.752+0000][gc,metaspace] GC(37) Metaspace: 43390K(44032K)->43390K(44032K) NonClass: 38505K(38848K)->38505K(38848K) Class: 4884K(5184K)->4884K(5184K)
[2023-12-05T22:15:55.752+0000][gc          ] GC(37) Pause Young (Normal) (G1 Evacuation Pause) 276M->238M(1024M) 22.694ms
[2023-12-05T22:15:55.753+0000][gc,cpu      ] GC(37) User=0.10s Sys=0.01s Real=0.02s
[2023-12-05T22:48:00.913+0000][gc,start    ] GC(38) Pause Young (Normal) (G1 Evacuation Pause)
[2023-12-05T22:48:00.916+0000][gc,task     ] GC(38) Using 8 workers of 8 for evacuation
[2023-12-05T22:48:00.939+0000][gc,mmu      ] GC(38) MMU target violated: 21.0ms (20.0ms/21.0ms)
[2023-12-05T22:48:00.940+0000][gc,phases   ] GC(38)   Pre Evacuate Collection Set: 2.0ms
[2023-12-05T22:48:00.941+0000][gc,phases   ] GC(38)   Merge Heap Roots: 0.5ms
[2023-12-05T22:48:00.941+0000][gc,phases   ] GC(38)   Evacuate Collection Set: 17.0ms
[2023-12-05T22:48:00.941+0000][gc,phases   ] GC(38)   Post Evacuate Collection Set: 2.5ms
[2023-12-05T22:48:00.942+0000][gc,phases   ] GC(38)   Other: 1.8ms
[2023-12-05T22:48:00.942+0000][gc,heap     ] GC(38) Eden regions: 83->0(45)
[2023-12-05T22:48:00.943+0000][gc,heap     ] GC(38) Survivor regions: 4->6(11)
[2023-12-05T22:48:00.943+0000][gc,heap     ] GC(38) Old regions: 105->105
[2023-12-05T22:48:00.943+0000][gc,heap     ] GC(38) Archive regions: 2->2
[2023-12-05T22:48:00.944+0000][gc,heap     ] GC(38) Humongous regions: 129->129
[2023-12-05T22:48:00.944+0000][gc,metaspace] GC(38) Metaspace: 43405K(44096K)->43405K(44096K) NonClass: 38520K(38912K)->38520K(38912K) Class: 4884K(5184K)->4884K(5184K)
[2023-12-05T22:48:00.944+0000][gc          ] GC(38) Pause Young (Normal) (G1 Evacuation Pause) 321M->240M(1024M) 30.818ms
[2023-12-05T22:48:00.945+0000][gc,cpu      ] GC(38) User=0.12s Sys=0.01s Real=0.03s
[2023-12-05T23:04:25.274+0000][gc,start    ] GC(39) Pause Young (Normal) (G1 Evacuation Pause)
[2023-12-05T23:04:25.276+0000][gc,task     ] GC(39) Using 8 workers of 8 for evacuation
[2023-12-05T23:04:25.298+0000][gc,mmu      ] GC(39) MMU target violated: 21.0ms (20.0ms/21.0ms)
[2023-12-05T23:04:25.298+0000][gc,phases   ] GC(39)   Pre Evacuate Collection Set: 2.0ms
[2023-12-05T23:04:25.298+0000][gc,phases   ] GC(39)   Merge Heap Roots: 0.5ms
[2023-12-05T23:04:25.299+0000][gc,phases   ] GC(39)   Evacuate Collection Set: 17.4ms
[2023-12-05T23:04:25.299+0000][gc,phases   ] GC(39)   Post Evacuate Collection Set: 1.0ms
[2023-12-05T23:04:25.299+0000][gc,phases   ] GC(39)   Other: 1.2ms
[2023-12-05T23:04:25.299+0000][gc,heap     ] GC(39) Eden regions: 45->0(57)
[2023-12-05T23:04:25.299+0000][gc,heap     ] GC(39) Survivor regions: 6->6(7)
[2023-12-05T23:04:25.299+0000][gc,heap     ] GC(39) Old regions: 105->107
[2023-12-05T23:04:25.299+0000][gc,heap     ] GC(39) Archive regions: 2->2
[2023-12-05T23:04:25.300+0000][gc,heap     ] GC(39) Humongous regions: 129->129
[2023-12-05T23:04:25.300+0000][gc,metaspace] GC(39) Metaspace: 43463K(44096K)->43463K(44096K) NonClass: 38578K(38912K)->38578K(38912K) Class: 4885K(5184K)->4885K(5184K)
[2023-12-05T23:04:25.300+0000][gc          ] GC(39) Pause Young (Normal) (G1 Evacuation Pause) 285M->241M(1024M) 26.227ms
[2023-12-05T23:04:25.300+0000][gc,cpu      ] GC(39) User=0.10s Sys=0.01s Real=0.02s
[2023-12-05T23:19:52.663+0000][gc,start    ] GC(40) Pause Young (Normal) (G1 Evacuation Pause)
[2023-12-05T23:19:52.666+0000][gc,task     ] GC(40) Using 8 workers of 8 for evacuation
[2023-12-05T23:19:52.688+0000][gc,mmu      ] GC(40) MMU target violated: 21.0ms (20.0ms/21.0ms)
[2023-12-05T23:19:52.688+0000][gc,phases   ] GC(40)   Pre Evacuate Collection Set: 2.2ms
[2023-12-05T23:19:52.688+0000][gc,phases   ] GC(40)   Merge Heap Roots: 0.6ms
[2023-12-05T23:19:52.689+0000][gc,phases   ] GC(40)   Evacuate Collection Set: 16.9ms
[2023-12-05T23:19:52.689+0000][gc,phases   ] GC(40)   Post Evacuate Collection Set: 1.3ms
[2023-12-05T23:19:52.689+0000][gc,phases   ] GC(40)   Other: 1.4ms
[2023-12-05T23:19:52.689+0000][gc,heap     ] GC(40) Eden regions: 57->0(45)
[2023-12-05T23:19:52.689+0000][gc,heap     ] GC(40) Survivor regions: 6->7(8)
[2023-12-05T23:19:52.690+0000][gc,heap     ] GC(40) Old regions: 107->109
[2023-12-05T23:19:52.690+0000][gc,heap     ] GC(40) Archive regions: 2->2
[2023-12-05T23:19:52.690+0000][gc,heap     ] GC(40) Humongous regions: 129->129
[2023-12-05T23:19:52.690+0000][gc,metaspace] GC(40) Metaspace: 43486K(44096K)->43486K(44096K) NonClass: 38600K(38912K)->38600K(38912K) Class: 4885K(5184K)->4885K(5184K)
[2023-12-05T23:19:52.691+0000][gc          ] GC(40) Pause Young (Normal) (G1 Evacuation Pause) 298M->245M(1024M) 27.762ms
[2023-12-05T23:19:52.691+0000][gc,cpu      ] GC(40) User=0.12s Sys=0.00s Real=0.03s
[2023-12-05T23:33:21.080+0000][gc,start    ] GC(41) Pause Young (Normal) (G1 Evacuation Pause)
[2023-12-05T23:33:21.081+0000][gc,task     ] GC(41) Using 8 workers of 8 for evacuation
[2023-12-05T23:33:21.104+0000][gc,mmu      ] GC(41) MMU target violated: 21.0ms (20.0ms/21.0ms)
[2023-12-05T23:33:21.104+0000][gc,phases   ] GC(41)   Pre Evacuate Collection Set: 2.1ms
[2023-12-05T23:33:21.104+0000][gc,phases   ] GC(41)   Merge Heap Roots: 0.6ms
[2023-12-05T23:33:21.104+0000][gc,phases   ] GC(41)   Evacuate Collection Set: 18.0ms
[2023-12-05T23:33:21.104+0000][gc,phases   ] GC(41)   Post Evacuate Collection Set: 1.1ms
[2023-12-05T23:33:21.105+0000][gc,phases   ] GC(41)   Other: 1.1ms
[2023-12-05T23:33:21.105+0000][gc,heap     ] GC(41) Eden regions: 45->0(118)
[2023-12-05T23:33:21.105+0000][gc,heap     ] GC(41) Survivor regions: 7->3(7)
[2023-12-05T23:33:21.105+0000][gc,heap     ] GC(41) Old regions: 109->114
[2023-12-05T23:33:21.105+0000][gc,heap     ] GC(41) Archive regions: 2->2
[2023-12-05T23:33:21.105+0000][gc,heap     ] GC(41) Humongous regions: 129->129
[2023-12-05T23:33:21.105+0000][gc,metaspace] GC(41) Metaspace: 43486K(44096K)->43486K(44096K) NonClass: 38601K(38912K)->38601K(38912K) Class: 4885K(5184K)->4885K(5184K)
[2023-12-05T23:33:21.105+0000][gc          ] GC(41) Pause Young (Normal) (G1 Evacuation Pause) 290M->245M(1024M) 25.725ms
[2023-12-05T23:33:21.105+0000][gc,cpu      ] GC(41) User=0.13s Sys=0.01s Real=0.02s
[2023-12-06T00:06:18.663+0000][gc,start    ] GC(42) Pause Young (Normal) (G1 Evacuation Pause)
[2023-12-06T00:06:18.666+0000][gc,task     ] GC(42) Using 8 workers of 8 for evacuation
[2023-12-06T00:06:18.712+0000][gc,mmu      ] GC(42) MMU target violated: 21.0ms (20.0ms/21.0ms)
[2023-12-06T00:06:18.712+0000][gc,phases   ] GC(42)   Pre Evacuate Collection Set: 1.7ms
[2023-12-06T00:06:18.712+0000][gc,phases   ] GC(42)   Merge Heap Roots: 0.3ms
[2023-12-06T00:06:18.713+0000][gc,phases   ] GC(42)   Evacuate Collection Set: 40.6ms
[2023-12-06T00:06:18.713+0000][gc,phases   ] GC(42)   Post Evacuate Collection Set: 2.4ms
[2023-12-06T00:06:18.713+0000][gc,phases   ] GC(42)   Other: 1.3ms
[2023-12-06T00:06:18.713+0000][gc,heap     ] GC(42) Eden regions: 118->0(43)
[2023-12-06T00:06:18.714+0000][gc,heap     ] GC(42) Survivor regions: 3->8(16)
[2023-12-06T00:06:18.714+0000][gc,heap     ] GC(42) Old regions: 114->114
[2023-12-06T00:06:18.714+0000][gc,heap     ] GC(42) Archive regions: 2->2
[2023-12-06T00:06:18.714+0000][gc,heap     ] GC(42) Humongous regions: 129->129
[2023-12-06T00:06:18.715+0000][gc,metaspace] GC(42) Metaspace: 43526K(44224K)->43526K(44224K) NonClass: 38641K(39040K)->38641K(39040K) Class: 4885K(5184K)->4885K(5184K)
[2023-12-06T00:06:18.715+0000][gc          ] GC(42) Pause Young (Normal) (G1 Evacuation Pause) 363M->250M(1024M) 51.437ms
[2023-12-06T00:06:18.715+0000][gc,cpu      ] GC(42) User=0.26s Sys=0.05s Real=0.06s
[2023-12-06T00:54:56.202+0000][gc,start    ] GC(43) Pause Young (Normal) (G1 Evacuation Pause)
[2023-12-06T00:54:56.204+0000][gc,task     ] GC(43) Using 8 workers of 8 for evacuation
[2023-12-06T00:54:56.225+0000][gc,mmu      ] GC(43) MMU target violated: 20.9ms (20.0ms/21.0ms)
[2023-12-06T00:54:56.225+0000][gc,phases   ] GC(43)   Pre Evacuate Collection Set: 1.1ms
[2023-12-06T00:54:56.226+0000][gc,phases   ] GC(43)   Merge Heap Roots: 0.3ms
[2023-12-06T00:54:56.226+0000][gc,phases   ] GC(43)   Evacuate Collection Set: 17.6ms
[2023-12-06T00:54:56.226+0000][gc,phases   ] GC(43)   Post Evacuate Collection Set: 1.7ms
[2023-12-06T00:54:56.226+0000][gc,phases   ] GC(43)   Other: 0.7ms
[2023-12-06T00:54:56.227+0000][gc,heap     ] GC(43) Eden regions: 43->0(46)
[2023-12-06T00:54:56.227+0000][gc,heap     ] GC(43) Survivor regions: 8->5(7)
[2023-12-06T00:54:56.227+0000][gc,heap     ] GC(43) Old regions: 114->120
[2023-12-06T00:54:56.227+0000][gc,heap     ] GC(43) Archive regions: 2->2
[2023-12-06T00:54:56.227+0000][gc,heap     ] GC(43) Humongous regions: 129->129
[2023-12-06T00:54:56.228+0000][gc,metaspace] GC(43) Metaspace: 43527K(44224K)->43527K(44224K) NonClass: 38642K(39040K)->38642K(39040K) Class: 4885K(5184K)->4885K(5184K)
[2023-12-06T00:54:56.228+0000][gc          ] GC(43) Pause Young (Normal) (G1 Evacuation Pause) 293M->254M(1024M) 25.566ms
[2023-12-06T00:54:56.228+0000][gc,cpu      ] GC(43) User=0.09s Sys=0.01s Real=0.03s
[2023-12-06T04:53:56.061+0000][gc,start    ] GC(44) Pause Young (Normal) (G1 Evacuation Pause)
[2023-12-06T04:53:56.062+0000][gc,task     ] GC(44) Using 8 workers of 8 for evacuation
[2023-12-06T04:53:56.081+0000][gc,phases   ] GC(44)   Pre Evacuate Collection Set: 2.1ms
[2023-12-06T04:53:56.081+0000][gc,phases   ] GC(44)   Merge Heap Roots: 0.5ms
[2023-12-06T04:53:56.082+0000][gc,phases   ] GC(44)   Evacuate Collection Set: 14.2ms
[2023-12-06T04:53:56.082+0000][gc,phases   ] GC(44)   Post Evacuate Collection Set: 1.4ms
[2023-12-06T04:53:56.082+0000][gc,phases   ] GC(44)   Other: 0.9ms
[2023-12-06T04:53:56.082+0000][gc,heap     ] GC(44) Eden regions: 46->0(48)
[2023-12-06T04:53:56.082+0000][gc,heap     ] GC(44) Survivor regions: 5->3(7)
[2023-12-06T04:53:56.083+0000][gc,heap     ] GC(44) Old regions: 120->123
[2023-12-06T04:53:56.083+0000][gc,heap     ] GC(44) Archive regions: 2->2
[2023-12-06T04:53:56.083+0000][gc,heap     ] GC(44) Humongous regions: 129->129
[2023-12-06T04:53:56.083+0000][gc,metaspace] GC(44) Metaspace: 43536K(44224K)->43536K(44224K) NonClass: 38651K(39040K)->38651K(39040K) Class: 4885K(5184K)->4885K(5184K)
[2023-12-06T04:53:56.084+0000][gc          ] GC(44) Pause Young (Normal) (G1 Evacuation Pause) 300M->255M(1024M) 22.497ms
[2023-12-06T04:53:56.084+0000][gc,cpu      ] GC(44) User=0.10s Sys=0.01s Real=0.02s
[2023-12-06T09:36:28.157+0000][gc,start    ] GC(45) Pause Young (Normal) (G1 Evacuation Pause)
[2023-12-06T09:36:28.159+0000][gc,task     ] GC(45) Using 8 workers of 8 for evacuation
[2023-12-06T09:36:28.170+0000][gc,phases   ] GC(45)   Pre Evacuate Collection Set: 0.9ms
[2023-12-06T09:36:28.170+0000][gc,phases   ] GC(45)   Merge Heap Roots: 0.3ms
[2023-12-06T09:36:28.170+0000][gc,phases   ] GC(45)   Evacuate Collection Set: 7.7ms
[2023-12-06T09:36:28.171+0000][gc,phases   ] GC(45)   Post Evacuate Collection Set: 1.1ms
[2023-12-06T09:36:28.172+0000][gc,phases   ] GC(45)   Other: 0.5ms
[2023-12-06T09:36:28.172+0000][gc,heap     ] GC(45) Eden regions: 48->0(59)
[2023-12-06T09:36:28.173+0000][gc,heap     ] GC(45) Survivor regions: 3->4(7)
[2023-12-06T09:36:28.173+0000][gc,heap     ] GC(45) Old regions: 123->123
[2023-12-06T09:36:28.173+0000][gc,heap     ] GC(45) Archive regions: 2->2
[2023-12-06T09:36:28.174+0000][gc,heap     ] GC(45) Humongous regions: 129->129
[2023-12-06T09:36:28.174+0000][gc,metaspace] GC(45) Metaspace: 43552K(44224K)->43552K(44224K) NonClass: 38666K(39040K)->38666K(39040K) Class: 4885K(5184K)->4885K(5184K)
[2023-12-06T09:36:28.175+0000][gc          ] GC(45) Pause Young (Normal) (G1 Evacuation Pause) 303M->255M(1024M) 17.293ms
[2023-12-06T09:36:28.175+0000][gc,cpu      ] GC(45) User=0.03s Sys=0.00s Real=0.02s
[2023-12-06T09:46:34.134+0000][gc,start    ] GC(46) Pause Young (Normal) (G1 Evacuation Pause)
[2023-12-06T09:46:34.136+0000][gc,task     ] GC(46) Using 8 workers of 8 for evacuation
[2023-12-06T09:46:34.151+0000][gc,phases   ] GC(46)   Pre Evacuate Collection Set: 0.7ms
[2023-12-06T09:46:34.151+0000][gc,phases   ] GC(46)   Merge Heap Roots: 0.4ms
[2023-12-06T09:46:34.151+0000][gc,phases   ] GC(46)   Evacuate Collection Set: 11.8ms
[2023-12-06T09:46:34.152+0000][gc,phases   ] GC(46)   Post Evacuate Collection Set: 1.2ms
[2023-12-06T09:46:34.152+0000][gc,phases   ] GC(46)   Other: 0.5ms
[2023-12-06T09:46:34.152+0000][gc,heap     ] GC(46) Eden regions: 59->0(65)
[2023-12-06T09:46:34.153+0000][gc,heap     ] GC(46) Survivor regions: 4->5(8)
[2023-12-06T09:46:34.153+0000][gc,heap     ] GC(46) Old regions: 123->123
[2023-12-06T09:46:34.153+0000][gc,heap     ] GC(46) Archive regions: 2->2
[2023-12-06T09:46:34.153+0000][gc,heap     ] GC(46) Humongous regions: 129->129
[2023-12-06T09:46:34.154+0000][gc,metaspace] GC(46) Metaspace: 44056K(44672K)->44056K(44672K) NonClass: 39088K(39424K)->39088K(39424K) Class: 4967K(5248K)->4967K(5248K)
[2023-12-06T09:46:34.154+0000][gc          ] GC(46) Pause Young (Normal) (G1 Evacuation Pause) 314M->257M(1024M) 19.781ms
[2023-12-06T09:46:34.156+0000][gc,cpu      ] GC(46) User=0.06s Sys=0.01s Real=0.02s
[2023-12-06T10:12:43.538+0000][gc,start    ] GC(47) Pause Young (Normal) (G1 Evacuation Pause)
[2023-12-06T10:12:43.540+0000][gc,task     ] GC(47) Using 8 workers of 8 for evacuation
[2023-12-06T10:12:43.546+0000][gc,phases   ] GC(47)   Pre Evacuate Collection Set: 0.4ms
[2023-12-06T10:12:43.547+0000][gc,phases   ] GC(47)   Merge Heap Roots: 0.2ms
[2023-12-06T10:12:43.547+0000][gc,phases   ] GC(47)   Evacuate Collection Set: 5.2ms
[2023-12-06T10:12:43.547+0000][gc,phases   ] GC(47)   Post Evacuate Collection Set: 0.7ms
[2023-12-06T10:12:43.547+0000][gc,phases   ] GC(47)   Other: 0.3ms
[2023-12-06T10:12:43.547+0000][gc,heap     ] GC(47) Eden regions: 65->0(42)
[2023-12-06T10:12:43.547+0000][gc,heap     ] GC(47) Survivor regions: 5->9(9)
[2023-12-06T10:12:43.547+0000][gc,heap     ] GC(47) Old regions: 123->123
[2023-12-06T10:12:43.547+0000][gc,heap     ] GC(47) Archive regions: 2->2
[2023-12-06T10:12:43.547+0000][gc,heap     ] GC(47) Humongous regions: 129->129
[2023-12-06T10:12:43.548+0000][gc,metaspace] GC(47) Metaspace: 44087K(44736K)->44087K(44736K) NonClass: 39120K(39488K)->39120K(39488K) Class: 4967K(5248K)->4967K(5248K)
[2023-12-06T10:12:43.548+0000][gc          ] GC(47) Pause Young (Normal) (G1 Evacuation Pause) 322M->261M(1024M) 9.462ms
[2023-12-06T10:12:43.548+0000][gc,cpu      ] GC(47) User=0.04s Sys=0.00s Real=0.01s
[2023-12-06T10:18:48.297+0000][gc,start    ] GC(48) Pause Young (Normal) (G1 Evacuation Pause)
[2023-12-06T10:18:48.299+0000][gc,task     ] GC(48) Using 8 workers of 8 for evacuation
[2023-12-06T10:18:48.315+0000][gc,phases   ] GC(48)   Pre Evacuate Collection Set: 0.7ms
[2023-12-06T10:18:48.315+0000][gc,phases   ] GC(48)   Merge Heap Roots: 0.3ms
[2023-12-06T10:18:48.316+0000][gc,phases   ] GC(48)   Evacuate Collection Set: 13.6ms
[2023-12-06T10:18:48.316+0000][gc,phases   ] GC(48)   Post Evacuate Collection Set: 0.6ms
[2023-12-06T10:18:48.316+0000][gc,phases   ] GC(48)   Other: 0.7ms
[2023-12-06T10:18:48.316+0000][gc,heap     ] GC(48) Eden regions: 42->0(150)
[2023-12-06T10:18:48.317+0000][gc,heap     ] GC(48) Survivor regions: 9->2(7)
[2023-12-06T10:18:48.317+0000][gc,heap     ] GC(48) Old regions: 123->130
[2023-12-06T10:18:48.317+0000][gc,heap     ] GC(48) Archive regions: 2->2
[2023-12-06T10:18:48.317+0000][gc,heap     ] GC(48) Humongous regions: 129->129
[2023-12-06T10:18:48.317+0000][gc,metaspace] GC(48) Metaspace: 44120K(44736K)->44120K(44736K) NonClass: 39151K(39488K)->39151K(39488K) Class: 4968K(5248K)->4968K(5248K)
[2023-12-06T10:18:48.318+0000][gc          ] GC(48) Pause Young (Normal) (G1 Evacuation Pause) 303M->261M(1024M) 20.975ms
[2023-12-06T10:18:48.318+0000][gc,cpu      ] GC(48) User=0.06s Sys=0.00s Real=0.02s
[2023-12-06T11:55:34.526+0000][gc,start    ] GC(49) Pause Young (Normal) (G1 Evacuation Pause)
[2023-12-06T11:55:34.527+0000][gc,task     ] GC(49) Using 8 workers of 8 for evacuation
[2023-12-06T11:55:34.544+0000][gc,phases   ] GC(49)   Pre Evacuate Collection Set: 0.7ms
[2023-12-06T11:55:34.544+0000][gc,phases   ] GC(49)   Merge Heap Roots: 0.2ms
[2023-12-06T11:55:34.544+0000][gc,phases   ] GC(49)   Evacuate Collection Set: 13.6ms
[2023-12-06T11:55:34.545+0000][gc,phases   ] GC(49)   Post Evacuate Collection Set: 1.6ms
[2023-12-06T11:55:34.545+0000][gc,phases   ] GC(49)   Other: 0.4ms
[2023-12-06T11:55:34.545+0000][gc,heap     ] GC(49) Eden regions: 150->0(40)
[2023-12-06T11:55:34.546+0000][gc,heap     ] GC(49) Survivor regions: 2->11(19)
[2023-12-06T11:55:34.546+0000][gc,heap     ] GC(49) Old regions: 130->130
[2023-12-06T11:55:34.546+0000][gc,heap     ] GC(49) Archive regions: 2->2
[2023-12-06T11:55:34.546+0000][gc,heap     ] GC(49) Humongous regions: 129->129
[2023-12-06T11:55:34.546+0000][gc,metaspace] GC(49) Metaspace: 44169K(44800K)->44169K(44800K) NonClass: 39201K(39552K)->39201K(39552K) Class: 4968K(5248K)->4968K(5248K)
[2023-12-06T11:55:34.546+0000][gc          ] GC(49) Pause Young (Normal) (G1 Evacuation Pause) 411M->269M(1024M) 20.594ms
[2023-12-06T11:55:34.547+0000][gc,cpu      ] GC(49) User=0.09s Sys=0.01s Real=0.02s
[2023-12-06T12:03:00.328+0000][gc,start    ] GC(50) Pause Young (Normal) (G1 Evacuation Pause)
[2023-12-06T12:03:00.331+0000][gc,task     ] GC(50) Using 8 workers of 8 for evacuation
[2023-12-06T12:03:00.349+0000][gc,phases   ] GC(50)   Pre Evacuate Collection Set: 0.6ms
[2023-12-06T12:03:00.349+0000][gc,phases   ] GC(50)   Merge Heap Roots: 0.3ms
[2023-12-06T12:03:00.350+0000][gc,phases   ] GC(50)   Evacuate Collection Set: 15.9ms
[2023-12-06T12:03:00.350+0000][gc,phases   ] GC(50)   Post Evacuate Collection Set: 0.9ms
[2023-12-06T12:03:00.350+0000][gc,phases   ] GC(50)   Other: 0.7ms
[2023-12-06T12:03:00.350+0000][gc,heap     ] GC(50) Eden regions: 40->0(138)
[2023-12-06T12:03:00.351+0000][gc,heap     ] GC(50) Survivor regions: 11->5(7)
[2023-12-06T12:03:00.351+0000][gc,heap     ] GC(50) Old regions: 130->139
[2023-12-06T12:03:00.351+0000][gc,heap     ] GC(50) Archive regions: 2->2
[2023-12-06T12:03:00.352+0000][gc,heap     ] GC(50) Humongous regions: 129->129
[2023-12-06T12:03:00.352+0000][gc,metaspace] GC(50) Metaspace: 44204K(44864K)->44204K(44864K) NonClass: 39236K(39616K)->39236K(39616K) Class: 4968K(5248K)->4968K(5248K)
[2023-12-06T12:03:00.352+0000][gc          ] GC(50) Pause Young (Normal) (G1 Evacuation Pause) 309M->272M(1024M) 23.956ms
[2023-12-06T12:03:00.353+0000][gc,cpu      ] GC(50) User=0.07s Sys=0.02s Real=0.02s
[2023-12-06T12:27:35.985+0000][gc,start    ] GC(51) Pause Young (Normal) (G1 Evacuation Pause)
[2023-12-06T12:27:35.988+0000][gc,task     ] GC(51) Using 8 workers of 8 for evacuation
[2023-12-06T12:27:36.017+0000][gc,mmu      ] GC(51) MMU target violated: 21.0ms (20.0ms/21.0ms)
[2023-12-06T12:27:36.017+0000][gc,phases   ] GC(51)   Pre Evacuate Collection Set: 1.9ms
[2023-12-06T12:27:36.018+0000][gc,phases   ] GC(51)   Merge Heap Roots: 0.4ms
[2023-12-06T12:27:36.018+0000][gc,phases   ] GC(51)   Evacuate Collection Set: 24.8ms
[2023-12-06T12:27:36.018+0000][gc,phases   ] GC(51)   Post Evacuate Collection Set: 1.5ms
[2023-12-06T12:27:36.018+0000][gc,phases   ] GC(51)   Other: 1.4ms
[2023-12-06T12:27:36.018+0000][gc,heap     ] GC(51) Eden regions: 138->0(35)
[2023-12-06T12:27:36.019+0000][gc,heap     ] GC(51) Survivor regions: 5->16(18)
[2023-12-06T12:27:36.019+0000][gc,heap     ] GC(51) Old regions: 139->139
[2023-12-06T12:27:36.019+0000][gc,heap     ] GC(51) Archive regions: 2->2
[2023-12-06T12:27:36.019+0000][gc,heap     ] GC(51) Humongous regions: 129->129
[2023-12-06T12:27:36.019+0000][gc,metaspace] GC(51) Metaspace: 44223K(44864K)->44223K(44864K) NonClass: 39254K(39616K)->39254K(39616K) Class: 4968K(5248K)->4968K(5248K)
[2023-12-06T12:27:36.019+0000][gc          ] GC(51) Pause Young (Normal) (G1 Evacuation Pause) 410M->283M(1024M) 34.062ms
[2023-12-06T12:27:36.020+0000][gc,cpu      ] GC(51) User=0.18s Sys=0.00s Real=0.04s
[2023-12-06T12:33:18.287+0000][gc,start    ] GC(52) Pause Young (Normal) (G1 Evacuation Pause)
[2023-12-06T12:33:18.288+0000][gc,task     ] GC(52) Using 8 workers of 8 for evacuation
[2023-12-06T12:33:18.304+0000][gc,phases   ] GC(52)   Pre Evacuate Collection Set: 0.4ms
[2023-12-06T12:33:18.305+0000][gc,phases   ] GC(52)   Merge Heap Roots: 0.3ms
[2023-12-06T12:33:18.305+0000][gc,phases   ] GC(52)   Evacuate Collection Set: 13.8ms
[2023-12-06T12:33:18.305+0000][gc,phases   ] GC(52)   Post Evacuate Collection Set: 0.9ms
[2023-12-06T12:33:18.306+0000][gc,phases   ] GC(52)   Other: 0.5ms
[2023-12-06T12:33:18.306+0000][gc,heap     ] GC(52) Eden regions: 35->0(95)
[2023-12-06T12:33:18.306+0000][gc,heap     ] GC(52) Survivor regions: 16->6(7)
[2023-12-06T12:33:18.306+0000][gc,heap     ] GC(52) Old regions: 139->153
[2023-12-06T12:33:18.307+0000][gc,heap     ] GC(52) Archive regions: 2->2
[2023-12-06T12:33:18.307+0000][gc,heap     ] GC(52) Humongous regions: 129->129
[2023-12-06T12:33:18.307+0000][gc,metaspace] GC(52) Metaspace: 44236K(44928K)->44236K(44928K) NonClass: 39267K(39680K)->39267K(39680K) Class: 4968K(5248K)->4968K(5248K)
[2023-12-06T12:33:18.307+0000][gc          ] GC(52) Pause Young (Normal) (G1 Evacuation Pause) 318M->287M(1024M) 20.522ms
[2023-12-06T12:33:18.308+0000][gc,cpu      ] GC(52) User=0.10s Sys=0.02s Real=0.03s
[2023-12-06T12:43:09.353+0000][gc,heap,exit] Heap
[2023-12-06T12:43:09.354+0000][gc,heap,exit]  garbage-first heap   total 1048576K, used 359904K [0x00000000c0000000, 0x0000000100000000)
[2023-12-06T12:43:09.354+0000][gc,heap,exit]   region size 1024K, 71 young (72704K), 6 survivors (6144K)
[2023-12-06T12:43:09.354+0000][gc,heap,exit]  Metaspace       used 44895K, committed 45568K, reserved 1114112K
[2023-12-06T12:43:09.354+0000][gc,heap,exit]   class space    used 5123K, committed 5440K, reserved 1048576K
