[2023-12-02T23:23:51.728+0000][gc,init] CardTable entry size: 512
[2023-12-02T23:23:51.729+0000][gc     ] Using G1
[2023-12-02T23:23:51.738+0000][gc,init] Version: 18.0.2.1+1-1 (release)
[2023-12-02T23:23:51.738+0000][gc,init] CPUs: 8 total, 8 available
[2023-12-02T23:23:51.739+0000][gc,init] Memory: 7851M
[2023-12-02T23:23:51.739+0000][gc,init] Large Page Support: Disabled
[2023-12-02T23:23:51.740+0000][gc,init] NUMA Support: Disabled
[2023-12-02T23:23:51.741+0000][gc,init] Compressed Oops: Enabled (32-bit)
[2023-12-02T23:23:51.741+0000][gc,init] Heap Region Size: 1M
[2023-12-02T23:23:51.742+0000][gc,init] Heap Min Capacity: 1G
[2023-12-02T23:23:51.743+0000][gc,init] Heap Initial Capacity: 1G
[2023-12-02T23:23:51.743+0000][gc,init] Heap Max Capacity: 1G
[2023-12-02T23:23:51.743+0000][gc,init] Pre-touch: Disabled
[2023-12-02T23:23:51.744+0000][gc,init] Parallel Workers: 8
[2023-12-02T23:23:51.745+0000][gc,init] Concurrent Workers: 2
[2023-12-02T23:23:51.746+0000][gc,init] Concurrent Refinement Workers: 8
[2023-12-02T23:23:51.747+0000][gc,init] Periodic GC: Disabled
[2023-12-02T23:23:51.747+0000][gc,metaspace] CDS archive(s) mapped at: [0x0000000800000000-0x0000000800bc0000-0x0000000800bc0000), size 12320768, SharedBaseAddress: 0x0000000800000000, ArchiveRelocationMode: 0.
[2023-12-02T23:23:51.747+0000][gc,metaspace] Compressed class space mapped at: 0x0000000800c00000-0x0000000840c00000, reserved size: 1073741824
[2023-12-02T23:23:51.747+0000][gc,metaspace] Narrow klass base: 0x0000000800000000, Narrow klass shift: 0, Narrow klass range: 0x100000000
[2023-12-02T23:23:52.984+0000][gc,start    ] GC(0) Pause Young (Normal) (G1 Evacuation Pause)
[2023-12-02T23:23:52.985+0000][gc,task     ] GC(0) Using 8 workers of 8 for evacuation
[2023-12-02T23:23:52.991+0000][gc,phases   ] GC(0)   Pre Evacuate Collection Set: 0.3ms
[2023-12-02T23:23:52.992+0000][gc,phases   ] GC(0)   Merge Heap Roots: 0.2ms
[2023-12-02T23:23:52.992+0000][gc,phases   ] GC(0)   Evacuate Collection Set: 4.1ms
[2023-12-02T23:23:52.992+0000][gc,phases   ] GC(0)   Post Evacuate Collection Set: 1.2ms
[2023-12-02T23:23:52.992+0000][gc,phases   ] GC(0)   Other: 1.6ms
[2023-12-02T23:23:52.992+0000][gc,heap     ] GC(0) Eden regions: 51->0(44)
[2023-12-02T23:23:52.993+0000][gc,heap     ] GC(0) Survivor regions: 0->7(7)
[2023-12-02T23:23:52.993+0000][gc,heap     ] GC(0) Old regions: 0->1
[2023-12-02T23:23:52.993+0000][gc,heap     ] GC(0) Archive regions: 2->2
[2023-12-02T23:23:52.993+0000][gc,heap     ] GC(0) Humongous regions: 0->0
[2023-12-02T23:23:52.994+0000][gc,metaspace] GC(0) Metaspace: 18684K(18880K)->18684K(18880K) NonClass: 16540K(16640K)->16540K(16640K) Class: 2144K(2240K)->2144K(2240K)
[2023-12-02T23:23:52.994+0000][gc          ] GC(0) Pause Young (Normal) (G1 Evacuation Pause) 51M->8M(1024M) 10.161ms
[2023-12-02T23:23:52.994+0000][gc,cpu      ] GC(0) User=0.02s Sys=0.01s Real=0.01s
[2023-12-02T23:23:53.201+0000][gc,start    ] GC(1) Pause Young (Concurrent Start) (Metadata GC Threshold)
[2023-12-02T23:23:53.201+0000][gc,task     ] GC(1) Using 8 workers of 8 for evacuation
[2023-12-02T23:23:53.207+0000][gc,phases   ] GC(1)   Pre Evacuate Collection Set: 0.4ms
[2023-12-02T23:23:53.207+0000][gc,phases   ] GC(1)   Merge Heap Roots: 0.1ms
[2023-12-02T23:23:53.207+0000][gc,phases   ] GC(1)   Evacuate Collection Set: 3.5ms
[2023-12-02T23:23:53.207+0000][gc,phases   ] GC(1)   Post Evacuate Collection Set: 1.1ms
[2023-12-02T23:23:53.208+0000][gc,phases   ] GC(1)   Other: 0.3ms
[2023-12-02T23:23:53.208+0000][gc,heap     ] GC(1) Eden regions: 11->0(49)
[2023-12-02T23:23:53.208+0000][gc,heap     ] GC(1) Survivor regions: 7->2(7)
[2023-12-02T23:23:53.208+0000][gc,heap     ] GC(1) Old regions: 1->8
[2023-12-02T23:23:53.208+0000][gc,heap     ] GC(1) Archive regions: 2->2
[2023-12-02T23:23:53.208+0000][gc,heap     ] GC(1) Humongous regions: 0->0
[2023-12-02T23:23:53.209+0000][gc,metaspace] GC(1) Metaspace: 21209K(21504K)->21209K(21504K) NonClass: 18730K(18880K)->18730K(18880K) Class: 2478K(2624K)->2478K(2624K)
[2023-12-02T23:23:53.209+0000][gc          ] GC(1) Pause Young (Concurrent Start) (Metadata GC Threshold) 18M->9M(1024M) 7.736ms
[2023-12-02T23:23:53.209+0000][gc,cpu      ] GC(1) User=0.02s Sys=0.01s Real=0.00s
[2023-12-02T23:23:53.209+0000][gc          ] GC(2) Concurrent Mark Cycle
[2023-12-02T23:23:53.209+0000][gc,marking  ] GC(2) Concurrent Clear Claimed Marks
[2023-12-02T23:23:53.210+0000][gc,marking  ] GC(2) Concurrent Clear Claimed Marks 0.255ms
[2023-12-02T23:23:53.210+0000][gc,marking  ] GC(2) Concurrent Scan Root Regions
[2023-12-02T23:23:53.212+0000][gc,marking  ] GC(2) Concurrent Scan Root Regions 2.173ms
[2023-12-02T23:23:53.213+0000][gc,marking  ] GC(2) Concurrent Mark
[2023-12-02T23:23:53.213+0000][gc,marking  ] GC(2) Concurrent Mark From Roots
[2023-12-02T23:23:53.213+0000][gc,task     ] GC(2) Using 2 workers of 2 for marking
[2023-12-02T23:23:53.215+0000][gc,marking  ] GC(2) Concurrent Mark From Roots 2.281ms
[2023-12-02T23:23:53.215+0000][gc,marking  ] GC(2) Concurrent Preclean
[2023-12-02T23:23:53.216+0000][gc,marking  ] GC(2) Concurrent Preclean 0.210ms
[2023-12-02T23:23:53.216+0000][gc,start    ] GC(2) Pause Remark
[2023-12-02T23:23:53.218+0000][gc          ] GC(2) Pause Remark 9M->9M(1024M) 2.007ms
[2023-12-02T23:23:53.218+0000][gc,cpu      ] GC(2) User=0.01s Sys=0.00s Real=0.00s
[2023-12-02T23:23:53.218+0000][gc,marking  ] GC(2) Concurrent Mark 5.963ms
[2023-12-02T23:23:53.219+0000][gc,marking  ] GC(2) Concurrent Rebuild Remembered Sets
[2023-12-02T23:23:53.222+0000][gc,marking  ] GC(2) Concurrent Rebuild Remembered Sets 3.469ms
[2023-12-02T23:23:53.224+0000][gc,start    ] GC(2) Pause Cleanup
[2023-12-02T23:23:53.224+0000][gc          ] GC(2) Pause Cleanup 9M->9M(1024M) 0.438ms
[2023-12-02T23:23:53.224+0000][gc,cpu      ] GC(2) User=0.00s Sys=0.00s Real=0.00s
[2023-12-02T23:23:53.225+0000][gc,marking  ] GC(2) Concurrent Cleanup for Next Mark
[2023-12-02T23:23:53.229+0000][gc,marking  ] GC(2) Concurrent Cleanup for Next Mark 4.363ms
[2023-12-02T23:23:53.230+0000][gc          ] GC(2) Concurrent Mark Cycle 20.779ms
[2023-12-02T23:23:54.067+0000][gc,start    ] GC(3) Pause Young (Normal) (G1 Evacuation Pause)
[2023-12-02T23:23:54.067+0000][gc,task     ] GC(3) Using 8 workers of 8 for evacuation
[2023-12-02T23:23:54.073+0000][gc,phases   ] GC(3)   Pre Evacuate Collection Set: 0.3ms
[2023-12-02T23:23:54.074+0000][gc,phases   ] GC(3)   Merge Heap Roots: 0.1ms
[2023-12-02T23:23:54.074+0000][gc,phases   ] GC(3)   Evacuate Collection Set: 4.2ms
[2023-12-02T23:23:54.074+0000][gc,phases   ] GC(3)   Post Evacuate Collection Set: 1.0ms
[2023-12-02T23:23:54.074+0000][gc,phases   ] GC(3)   Other: 0.2ms
[2023-12-02T23:23:54.074+0000][gc,heap     ] GC(3) Eden regions: 49->0(45)
[2023-12-02T23:23:54.074+0000][gc,heap     ] GC(3) Survivor regions: 2->6(7)
[2023-12-02T23:23:54.074+0000][gc,heap     ] GC(3) Old regions: 8->8
[2023-12-02T23:23:54.075+0000][gc,heap     ] GC(3) Archive regions: 2->2
[2023-12-02T23:23:54.075+0000][gc,heap     ] GC(3) Humongous regions: 129->129
[2023-12-02T23:23:54.075+0000][gc,metaspace] GC(3) Metaspace: 30146K(30464K)->30146K(30464K) NonClass: 26831K(27008K)->26831K(27008K) Class: 3315K(3456K)->3315K(3456K)
[2023-12-02T23:23:54.075+0000][gc          ] GC(3) Pause Young (Normal) (G1 Evacuation Pause) 187M->142M(1024M) 8.012ms
[2023-12-02T23:23:54.075+0000][gc,cpu      ] GC(3) User=0.03s Sys=0.01s Real=0.01s
[2023-12-02T23:23:54.391+0000][gc,start    ] GC(4) Pause Young (Concurrent Start) (Metadata GC Threshold)
[2023-12-02T23:23:54.394+0000][gc,task     ] GC(4) Using 8 workers of 8 for evacuation
[2023-12-02T23:23:54.409+0000][gc,phases   ] GC(4)   Pre Evacuate Collection Set: 0.4ms
[2023-12-02T23:23:54.411+0000][gc,phases   ] GC(4)   Merge Heap Roots: 0.5ms
[2023-12-02T23:23:54.412+0000][gc,phases   ] GC(4)   Evacuate Collection Set: 9.7ms
[2023-12-02T23:23:54.412+0000][gc,phases   ] GC(4)   Post Evacuate Collection Set: 2.2ms
[2023-12-02T23:23:54.413+0000][gc,phases   ] GC(4)   Other: 2.6ms
[2023-12-02T23:23:54.413+0000][gc,heap     ] GC(4) Eden regions: 24->0(49)
[2023-12-02T23:23:54.413+0000][gc,heap     ] GC(4) Survivor regions: 6->2(7)
[2023-12-02T23:23:54.413+0000][gc,heap     ] GC(4) Old regions: 8->13
[2023-12-02T23:23:54.414+0000][gc,heap     ] GC(4) Archive regions: 2->2
[2023-12-02T23:23:54.414+0000][gc,heap     ] GC(4) Humongous regions: 129->129
[2023-12-02T23:23:54.414+0000][gc,metaspace] GC(4) Metaspace: 35604K(35968K)->35604K(35968K) NonClass: 31702K(31872K)->31702K(31872K) Class: 3901K(4096K)->3901K(4096K)
[2023-12-02T23:23:54.415+0000][gc          ] GC(4) Pause Young (Concurrent Start) (Metadata GC Threshold) 166M->144M(1024M) 23.196ms
[2023-12-02T23:23:54.415+0000][gc,cpu      ] GC(4) User=0.04s Sys=0.01s Real=0.02s
[2023-12-02T23:23:54.415+0000][gc          ] GC(5) Concurrent Mark Cycle
[2023-12-02T23:23:54.416+0000][gc,marking  ] GC(5) Concurrent Clear Claimed Marks
[2023-12-02T23:23:54.416+0000][gc,marking  ] GC(5) Concurrent Clear Claimed Marks 0.379ms
[2023-12-02T23:23:54.416+0000][gc,marking  ] GC(5) Concurrent Scan Root Regions
[2023-12-02T23:23:54.421+0000][gc,marking  ] GC(5) Concurrent Scan Root Regions 4.476ms
[2023-12-02T23:23:54.422+0000][gc,marking  ] GC(5) Concurrent Mark
[2023-12-02T23:23:54.422+0000][gc,marking  ] GC(5) Concurrent Mark From Roots
[2023-12-02T23:23:54.424+0000][gc,task     ] GC(5) Using 2 workers of 2 for marking
[2023-12-02T23:23:54.434+0000][gc,marking  ] GC(5) Concurrent Mark From Roots 11.398ms
[2023-12-02T23:23:54.434+0000][gc,marking  ] GC(5) Concurrent Preclean
[2023-12-02T23:23:54.435+0000][gc,marking  ] GC(5) Concurrent Preclean 0.944ms
[2023-12-02T23:23:54.436+0000][gc,start    ] GC(5) Pause Remark
[2023-12-02T23:23:54.438+0000][gc          ] GC(5) Pause Remark 146M->146M(1024M) 2.282ms
[2023-12-02T23:23:54.439+0000][gc,cpu      ] GC(5) User=0.01s Sys=0.00s Real=0.00s
[2023-12-02T23:23:54.439+0000][gc,marking  ] GC(5) Concurrent Mark 16.976ms
[2023-12-02T23:23:54.439+0000][gc,marking  ] GC(5) Concurrent Rebuild Remembered Sets
[2023-12-02T23:23:54.445+0000][gc,marking  ] GC(5) Concurrent Rebuild Remembered Sets 6.100ms
[2023-12-02T23:23:54.446+0000][gc,start    ] GC(5) Pause Cleanup
[2023-12-02T23:23:54.446+0000][gc          ] GC(5) Pause Cleanup 146M->146M(1024M) 0.453ms
[2023-12-02T23:23:54.447+0000][gc,cpu      ] GC(5) User=0.00s Sys=0.00s Real=0.00s
[2023-12-02T23:23:54.447+0000][gc,marking  ] GC(5) Concurrent Cleanup for Next Mark
[2023-12-02T23:23:54.455+0000][gc,marking  ] GC(5) Concurrent Cleanup for Next Mark 7.774ms
[2023-12-02T23:23:54.455+0000][gc          ] GC(5) Concurrent Mark Cycle 40.078ms
[2023-12-02T23:47:04.773+0000][gc,start    ] GC(6) Pause Young (Prepare Mixed) (G1 Evacuation Pause)
[2023-12-02T23:47:04.774+0000][gc,task     ] GC(6) Using 8 workers of 8 for evacuation
[2023-12-02T23:47:04.797+0000][gc,mmu      ] GC(6) MMU target violated: 21.0ms (20.0ms/21.0ms)
[2023-12-02T23:47:04.797+0000][gc,phases   ] GC(6)   Pre Evacuate Collection Set: 1.2ms
[2023-12-02T23:47:04.797+0000][gc,phases   ] GC(6)   Merge Heap Roots: 0.2ms
[2023-12-02T23:47:04.797+0000][gc,phases   ] GC(6)   Evacuate Collection Set: 18.0ms
[2023-12-02T23:47:04.798+0000][gc,phases   ] GC(6)   Post Evacuate Collection Set: 2.4ms
[2023-12-02T23:47:04.798+0000][gc,phases   ] GC(6)   Other: 0.8ms
[2023-12-02T23:47:04.798+0000][gc,heap     ] GC(6) Eden regions: 49->0(48)
[2023-12-02T23:47:04.798+0000][gc,heap     ] GC(6) Survivor regions: 2->3(7)
[2023-12-02T23:47:04.798+0000][gc,heap     ] GC(6) Old regions: 13->13
[2023-12-02T23:47:04.798+0000][gc,heap     ] GC(6) Archive regions: 2->2
[2023-12-02T23:47:04.798+0000][gc,heap     ] GC(6) Humongous regions: 195->129
[2023-12-02T23:47:04.798+0000][gc,metaspace] GC(6) Metaspace: 38420K(38912K)->38420K(38912K) NonClass: 34115K(34368K)->34115K(34368K) Class: 4305K(4544K)->4305K(4544K)
[2023-12-02T23:47:04.798+0000][gc          ] GC(6) Pause Young (Prepare Mixed) (G1 Evacuation Pause) 259M->145M(1024M) 25.323ms
[2023-12-02T23:47:04.798+0000][gc,cpu      ] GC(6) User=0.11s Sys=0.01s Real=0.03s
[2023-12-03T00:25:29.298+0000][gc,start    ] GC(7) Pause Young (Mixed) (G1 Evacuation Pause)
[2023-12-03T00:25:29.300+0000][gc,task     ] GC(7) Using 8 workers of 8 for evacuation
[2023-12-03T00:25:29.320+0000][gc,phases   ] GC(7)   Pre Evacuate Collection Set: 1.5ms
[2023-12-03T00:25:29.320+0000][gc,phases   ] GC(7)   Merge Heap Roots: 0.4ms
[2023-12-03T00:25:29.320+0000][gc,phases   ] GC(7)   Evacuate Collection Set: 16.1ms
[2023-12-03T00:25:29.320+0000][gc,phases   ] GC(7)   Post Evacuate Collection Set: 1.6ms
[2023-12-03T00:25:29.320+0000][gc,phases   ] GC(7)   Other: 0.7ms
[2023-12-03T00:25:29.321+0000][gc,heap     ] GC(7) Eden regions: 48->0(48)
[2023-12-03T00:25:29.321+0000][gc,heap     ] GC(7) Survivor regions: 3->3(7)
[2023-12-03T00:25:29.321+0000][gc,heap     ] GC(7) Old regions: 13->13
[2023-12-03T00:25:29.321+0000][gc,heap     ] GC(7) Archive regions: 2->2
[2023-12-03T00:25:29.321+0000][gc,heap     ] GC(7) Humongous regions: 129->129
[2023-12-03T00:25:29.321+0000][gc,metaspace] GC(7) Metaspace: 38657K(39104K)->38657K(39104K) NonClass: 34348K(34560K)->34348K(34560K) Class: 4309K(4544K)->4309K(4544K)
[2023-12-03T00:25:29.321+0000][gc          ] GC(7) Pause Young (Mixed) (G1 Evacuation Pause) 193M->145M(1024M) 23.474ms
[2023-12-03T00:25:29.321+0000][gc,cpu      ] GC(7) User=0.10s Sys=0.00s Real=0.03s
[2023-12-03T00:29:52.396+0000][gc,heap,exit] Heap
[2023-12-03T00:29:52.397+0000][gc,heap,exit]  garbage-first heap   total 1048576K, used 182002K [0x00000000c0000000, 0x0000000100000000)
[2023-12-03T00:29:52.397+0000][gc,heap,exit]   region size 1024K, 35 young (35840K), 3 survivors (3072K)
[2023-12-03T00:29:52.397+0000][gc,heap,exit]  Metaspace       used 41062K, committed 41600K, reserved 1114112K
[2023-12-03T00:29:52.397+0000][gc,heap,exit]   class space    used 4812K, committed 5056K, reserved 1048576K
