[2023-12-06T13:06:28.673+0000][gc,init] CardTable entry size: 512
[2023-12-06T13:06:28.674+0000][gc     ] Using G1
[2023-12-06T13:06:28.680+0000][gc,init] Version: 18.0.2.1+1-1 (release)
[2023-12-06T13:06:28.680+0000][gc,init] CPUs: 8 total, 8 available
[2023-12-06T13:06:28.680+0000][gc,init] Memory: 7851M
[2023-12-06T13:06:28.680+0000][gc,init] Large Page Support: Disabled
[2023-12-06T13:06:28.680+0000][gc,init] NUMA Support: Disabled
[2023-12-06T13:06:28.680+0000][gc,init] Compressed Oops: Enabled (32-bit)
[2023-12-06T13:06:28.681+0000][gc,init] Heap Region Size: 1M
[2023-12-06T13:06:28.681+0000][gc,init] Heap Min Capacity: 1G
[2023-12-06T13:06:28.681+0000][gc,init] Heap Initial Capacity: 1G
[2023-12-06T13:06:28.681+0000][gc,init] Heap Max Capacity: 1G
[2023-12-06T13:06:28.681+0000][gc,init] Pre-touch: Disabled
[2023-12-06T13:06:28.681+0000][gc,init] Parallel Workers: 8
[2023-12-06T13:06:28.681+0000][gc,init] Concurrent Workers: 2
[2023-12-06T13:06:28.681+0000][gc,init] Concurrent Refinement Workers: 8
[2023-12-06T13:06:28.681+0000][gc,init] Periodic GC: Disabled
[2023-12-06T13:06:28.682+0000][gc,metaspace] CDS archive(s) mapped at: [0x0000000800000000-0x0000000800bc0000-0x0000000800bc0000), size 12320768, SharedBaseAddress: 0x0000000800000000, ArchiveRelocationMode: 0.
[2023-12-06T13:06:28.682+0000][gc,metaspace] Compressed class space mapped at: 0x0000000800c00000-0x0000000840c00000, reserved size: 1073741824
[2023-12-06T13:06:28.682+0000][gc,metaspace] Narrow klass base: 0x0000000800000000, Narrow klass shift: 0, Narrow klass range: 0x100000000
[2023-12-06T13:06:28.994+0000][gc,heap,exit] Heap
[2023-12-06T13:06:28.994+0000][gc,heap,exit]  garbage-first heap   total 1048576K, used 24494K [0x00000000c0000000, 0x0000000100000000)
[2023-12-06T13:06:28.994+0000][gc,heap,exit]   region size 1024K, 24 young (24576K), 0 survivors (0K)
[2023-12-06T13:06:28.994+0000][gc,heap,exit]  Metaspace       used 9337K, committed 9600K, reserved 1114112K
[2023-12-06T13:06:28.994+0000][gc,heap,exit]   class space    used 1086K, committed 1216K, reserved 1048576K
