[2023-11-30T22:25:40.177+0000][gc,init] CardTable entry size: 512
[2023-11-30T22:25:40.177+0000][gc     ] Using G1
[2023-11-30T22:25:40.184+0000][gc,init] Version: 18.0.2.1+1-1 (release)
[2023-11-30T22:25:40.184+0000][gc,init] CPUs: 8 total, 8 available
[2023-11-30T22:25:40.184+0000][gc,init] Memory: 7851M
[2023-11-30T22:25:40.184+0000][gc,init] Large Page Support: Disabled
[2023-11-30T22:25:40.184+0000][gc,init] NUMA Support: Disabled
[2023-11-30T22:25:40.184+0000][gc,init] Compressed Oops: Enabled (32-bit)
[2023-11-30T22:25:40.184+0000][gc,init] Heap Region Size: 1M
[2023-11-30T22:25:40.184+0000][gc,init] Heap Min Capacity: 1G
[2023-11-30T22:25:40.184+0000][gc,init] Heap Initial Capacity: 1G
[2023-11-30T22:25:40.184+0000][gc,init] Heap Max Capacity: 1G
[2023-11-30T22:25:40.185+0000][gc,init] Pre-touch: Disabled
[2023-11-30T22:25:40.185+0000][gc,init] Parallel Workers: 8
[2023-11-30T22:25:40.185+0000][gc,init] Concurrent Workers: 2
[2023-11-30T22:25:40.185+0000][gc,init] Concurrent Refinement Workers: 8
[2023-11-30T22:25:40.185+0000][gc,init] Periodic GC: Disabled
[2023-11-30T22:25:40.185+0000][gc,metaspace] CDS archive(s) mapped at: [0x0000000800000000-0x0000000800bc0000-0x0000000800bc0000), size 12320768, SharedBaseAddress: 0x0000000800000000, ArchiveRelocationMode: 0.
[2023-11-30T22:25:40.185+0000][gc,metaspace] Compressed class space mapped at: 0x0000000800c00000-0x0000000840c00000, reserved size: 1073741824
[2023-11-30T22:25:40.186+0000][gc,metaspace] Narrow klass base: 0x0000000800000000, Narrow klass shift: 0, Narrow klass range: 0x100000000
[2023-11-30T22:25:40.780+0000][gc,start    ] GC(0) Pause Young (Normal) (G1 Evacuation Pause)
[2023-11-30T22:25:40.781+0000][gc,task     ] GC(0) Using 8 workers of 8 for evacuation
[2023-11-30T22:25:40.785+0000][gc,phases   ] GC(0)   Pre Evacuate Collection Set: 0.2ms
[2023-11-30T22:25:40.785+0000][gc,phases   ] GC(0)   Merge Heap Roots: 0.1ms
[2023-11-30T22:25:40.785+0000][gc,phases   ] GC(0)   Evacuate Collection Set: 3.0ms
[2023-11-30T22:25:40.785+0000][gc,phases   ] GC(0)   Post Evacuate Collection Set: 0.5ms
[2023-11-30T22:25:40.785+0000][gc,phases   ] GC(0)   Other: 0.9ms
[2023-11-30T22:25:40.785+0000][gc,heap     ] GC(0) Eden regions: 51->0(44)
[2023-11-30T22:25:40.786+0000][gc,heap     ] GC(0) Survivor regions: 0->7(7)
[2023-11-30T22:25:40.786+0000][gc,heap     ] GC(0) Old regions: 0->1
[2023-11-30T22:25:40.786+0000][gc,heap     ] GC(0) Archive regions: 2->2
[2023-11-30T22:25:40.786+0000][gc,heap     ] GC(0) Humongous regions: 0->0
[2023-11-30T22:25:40.786+0000][gc,metaspace] GC(0) Metaspace: 18700K(18944K)->18700K(18944K) NonClass: 16558K(16704K)->16558K(16704K) Class: 2141K(2240K)->2141K(2240K)
[2023-11-30T22:25:40.786+0000][gc          ] GC(0) Pause Young (Normal) (G1 Evacuation Pause) 51M->8M(1024M) 6.223ms
[2023-11-30T22:25:40.786+0000][gc,cpu      ] GC(0) User=0.01s Sys=0.01s Real=0.01s
[2023-11-30T22:25:40.890+0000][gc,start    ] GC(1) Pause Young (Concurrent Start) (Metadata GC Threshold)
[2023-11-30T22:25:40.890+0000][gc,task     ] GC(1) Using 8 workers of 8 for evacuation
[2023-11-30T22:25:40.937+0000][gc,mmu      ] GC(1) MMU target violated: 21.0ms (20.0ms/21.0ms)
[2023-11-30T22:25:40.937+0000][gc,phases   ] GC(1)   Pre Evacuate Collection Set: 0.4ms
[2023-11-30T22:25:40.937+0000][gc,phases   ] GC(1)   Merge Heap Roots: 0.0ms
[2023-11-30T22:25:40.938+0000][gc,phases   ] GC(1)   Evacuate Collection Set: 45.7ms
[2023-11-30T22:25:40.938+0000][gc,phases   ] GC(1)   Post Evacuate Collection Set: 0.6ms
[2023-11-30T22:25:40.938+0000][gc,phases   ] GC(1)   Other: 0.4ms
[2023-11-30T22:25:40.938+0000][gc,heap     ] GC(1) Eden regions: 10->0(49)
[2023-11-30T22:25:40.938+0000][gc,heap     ] GC(1) Survivor regions: 7->2(7)
[2023-11-30T22:25:40.938+0000][gc,heap     ] GC(1) Old regions: 1->8
[2023-11-30T22:25:40.938+0000][gc,heap     ] GC(1) Archive regions: 2->2
[2023-11-30T22:25:40.938+0000][gc,heap     ] GC(1) Humongous regions: 0->0
[2023-11-30T22:25:40.938+0000][gc,metaspace] GC(1) Metaspace: 21278K(21504K)->21278K(21504K) NonClass: 18786K(18880K)->18786K(18880K) Class: 2492K(2624K)->2492K(2624K)
[2023-11-30T22:25:40.939+0000][gc          ] GC(1) Pause Young (Concurrent Start) (Metadata GC Threshold) 18M->9M(1024M) 48.655ms
[2023-11-30T22:25:40.939+0000][gc,cpu      ] GC(1) User=0.06s Sys=0.30s Real=0.05s
[2023-11-30T22:25:40.939+0000][gc          ] GC(2) Concurrent Mark Cycle
[2023-11-30T22:25:40.939+0000][gc,marking  ] GC(2) Concurrent Clear Claimed Marks
[2023-11-30T22:25:40.939+0000][gc,marking  ] GC(2) Concurrent Clear Claimed Marks 0.282ms
[2023-11-30T22:25:40.940+0000][gc,marking  ] GC(2) Concurrent Scan Root Regions
[2023-11-30T22:25:40.941+0000][gc,marking  ] GC(2) Concurrent Scan Root Regions 1.574ms
[2023-11-30T22:25:40.941+0000][gc,marking  ] GC(2) Concurrent Mark
[2023-11-30T22:25:40.941+0000][gc,marking  ] GC(2) Concurrent Mark From Roots
[2023-11-30T22:25:40.942+0000][gc,task     ] GC(2) Using 2 workers of 2 for marking
[2023-11-30T22:25:40.944+0000][gc,marking  ] GC(2) Concurrent Mark From Roots 2.120ms
[2023-11-30T22:25:40.944+0000][gc,marking  ] GC(2) Concurrent Preclean
[2023-11-30T22:25:40.944+0000][gc,marking  ] GC(2) Concurrent Preclean 0.410ms
[2023-11-30T22:25:40.945+0000][gc,start    ] GC(2) Pause Remark
[2023-11-30T22:25:40.946+0000][gc          ] GC(2) Pause Remark 9M->9M(1024M) 1.184ms
[2023-11-30T22:25:40.946+0000][gc,cpu      ] GC(2) User=0.01s Sys=0.00s Real=0.00s
[2023-11-30T22:25:40.946+0000][gc,marking  ] GC(2) Concurrent Mark 4.741ms
[2023-11-30T22:25:40.946+0000][gc,marking  ] GC(2) Concurrent Rebuild Remembered Sets
[2023-11-30T22:25:40.948+0000][gc,marking  ] GC(2) Concurrent Rebuild Remembered Sets 1.835ms
[2023-11-30T22:25:40.949+0000][gc,start    ] GC(2) Pause Cleanup
[2023-11-30T22:25:40.949+0000][gc          ] GC(2) Pause Cleanup 10M->10M(1024M) 0.303ms
[2023-11-30T22:25:40.949+0000][gc,cpu      ] GC(2) User=0.00s Sys=0.00s Real=0.00s
[2023-11-30T22:25:40.949+0000][gc,marking  ] GC(2) Concurrent Cleanup for Next Mark
[2023-11-30T22:25:40.957+0000][gc,marking  ] GC(2) Concurrent Cleanup for Next Mark 7.239ms
[2023-11-30T22:25:40.957+0000][gc          ] GC(2) Concurrent Mark Cycle 17.958ms
[2023-11-30T22:25:41.519+0000][gc,start    ] GC(3) Pause Young (Normal) (G1 Evacuation Pause)
[2023-11-30T22:25:41.519+0000][gc,task     ] GC(3) Using 8 workers of 8 for evacuation
[2023-11-30T22:25:41.523+0000][gc,phases   ] GC(3)   Pre Evacuate Collection Set: 0.2ms
[2023-11-30T22:25:41.523+0000][gc,phases   ] GC(3)   Merge Heap Roots: 0.1ms
[2023-11-30T22:25:41.523+0000][gc,phases   ] GC(3)   Evacuate Collection Set: 2.2ms
[2023-11-30T22:25:41.523+0000][gc,phases   ] GC(3)   Post Evacuate Collection Set: 0.6ms
[2023-11-30T22:25:41.523+0000][gc,phases   ] GC(3)   Other: 0.2ms
[2023-11-30T22:25:41.523+0000][gc,heap     ] GC(3) Eden regions: 49->0(45)
[2023-11-30T22:25:41.523+0000][gc,heap     ] GC(3) Survivor regions: 2->6(7)
[2023-11-30T22:25:41.523+0000][gc,heap     ] GC(3) Old regions: 8->8
[2023-11-30T22:25:41.523+0000][gc,heap     ] GC(3) Archive regions: 2->2
[2023-11-30T22:25:41.524+0000][gc,heap     ] GC(3) Humongous regions: 129->129
[2023-11-30T22:25:41.524+0000][gc,metaspace] GC(3) Metaspace: 30312K(30592K)->30312K(30592K) NonClass: 26968K(27136K)->26968K(27136K) Class: 3344K(3456K)->3344K(3456K)
[2023-11-30T22:25:41.524+0000][gc          ] GC(3) Pause Young (Normal) (G1 Evacuation Pause) 187M->143M(1024M) 4.783ms
[2023-11-30T22:25:41.524+0000][gc,cpu      ] GC(3) User=0.01s Sys=0.00s Real=0.01s
[2023-11-30T22:25:41.781+0000][gc,start    ] GC(4) Pause Young (Concurrent Start) (Metadata GC Threshold)
[2023-11-30T22:25:41.781+0000][gc,task     ] GC(4) Using 8 workers of 8 for evacuation
[2023-11-30T22:25:41.784+0000][gc,phases   ] GC(4)   Pre Evacuate Collection Set: 0.3ms
[2023-11-30T22:25:41.785+0000][gc,phases   ] GC(4)   Merge Heap Roots: 0.1ms
[2023-11-30T22:25:41.785+0000][gc,phases   ] GC(4)   Evacuate Collection Set: 2.4ms
[2023-11-30T22:25:41.785+0000][gc,phases   ] GC(4)   Post Evacuate Collection Set: 0.4ms
[2023-11-30T22:25:41.785+0000][gc,phases   ] GC(4)   Other: 0.2ms
[2023-11-30T22:25:41.785+0000][gc,heap     ] GC(4) Eden regions: 23->0(49)
[2023-11-30T22:25:41.785+0000][gc,heap     ] GC(4) Survivor regions: 6->2(7)
[2023-11-30T22:25:41.785+0000][gc,heap     ] GC(4) Old regions: 8->13
[2023-11-30T22:25:41.785+0000][gc,heap     ] GC(4) Archive regions: 2->2
[2023-11-30T22:25:41.785+0000][gc,heap     ] GC(4) Humongous regions: 129->129
[2023-11-30T22:25:41.786+0000][gc,metaspace] GC(4) Metaspace: 35761K(36096K)->35761K(36096K) NonClass: 31821K(32000K)->31821K(32000K) Class: 3939K(4096K)->3939K(4096K)
[2023-11-30T22:25:41.786+0000][gc          ] GC(4) Pause Young (Concurrent Start) (Metadata GC Threshold) 166M->144M(1024M) 4.776ms
[2023-11-30T22:25:41.786+0000][gc,cpu      ] GC(4) User=0.02s Sys=0.00s Real=0.00s
[2023-11-30T22:25:41.786+0000][gc          ] GC(5) Concurrent Mark Cycle
[2023-11-30T22:25:41.786+0000][gc,marking  ] GC(5) Concurrent Clear Claimed Marks
[2023-11-30T22:25:41.787+0000][gc,marking  ] GC(5) Concurrent Clear Claimed Marks 0.218ms
[2023-11-30T22:25:41.787+0000][gc,marking  ] GC(5) Concurrent Scan Root Regions
[2023-11-30T22:25:41.788+0000][gc,marking  ] GC(5) Concurrent Scan Root Regions 1.704ms
[2023-11-30T22:25:41.789+0000][gc,marking  ] GC(5) Concurrent Mark
[2023-11-30T22:25:41.789+0000][gc,marking  ] GC(5) Concurrent Mark From Roots
[2023-11-30T22:25:41.789+0000][gc,task     ] GC(5) Using 2 workers of 2 for marking
[2023-11-30T22:25:41.792+0000][gc,marking  ] GC(5) Concurrent Mark From Roots 3.308ms
[2023-11-30T22:25:41.792+0000][gc,marking  ] GC(5) Concurrent Preclean
[2023-11-30T22:25:41.793+0000][gc,marking  ] GC(5) Concurrent Preclean 0.244ms
[2023-11-30T22:25:41.793+0000][gc,start    ] GC(5) Pause Remark
[2023-11-30T22:25:41.794+0000][gc          ] GC(5) Pause Remark 145M->145M(1024M) 1.338ms
[2023-11-30T22:25:41.794+0000][gc,cpu      ] GC(5) User=0.01s Sys=0.00s Real=0.00s
[2023-11-30T22:25:41.795+0000][gc,marking  ] GC(5) Concurrent Mark 5.907ms
[2023-11-30T22:25:41.795+0000][gc,marking  ] GC(5) Concurrent Rebuild Remembered Sets
[2023-11-30T22:25:41.798+0000][gc,marking  ] GC(5) Concurrent Rebuild Remembered Sets 2.970ms
[2023-11-30T22:25:41.798+0000][gc,start    ] GC(5) Pause Cleanup
[2023-11-30T22:25:41.799+0000][gc          ] GC(5) Pause Cleanup 145M->145M(1024M) 0.322ms
[2023-11-30T22:25:41.799+0000][gc,cpu      ] GC(5) User=0.00s Sys=0.00s Real=0.00s
[2023-11-30T22:25:41.799+0000][gc,marking  ] GC(5) Concurrent Cleanup for Next Mark
[2023-11-30T22:25:41.801+0000][gc,marking  ] GC(5) Concurrent Cleanup for Next Mark 2.259ms
[2023-11-30T22:25:41.801+0000][gc          ] GC(5) Concurrent Mark Cycle 15.373ms
[2023-11-30T22:26:50.854+0000][gc,heap,exit] Heap
[2023-11-30T22:26:50.855+0000][gc,heap,exit]  garbage-first heap   total 1048576K, used 208311K [0x00000000c0000000, 0x0000000100000000)
[2023-11-30T22:26:50.855+0000][gc,heap,exit]   region size 1024K, 31 young (31744K), 2 survivors (2048K)
[2023-11-30T22:26:50.856+0000][gc,heap,exit]  Metaspace       used 38791K, committed 39232K, reserved 1114112K
[2023-11-30T22:26:50.856+0000][gc,heap,exit]   class space    used 4468K, committed 4672K, reserved 1048576K
