[2023-12-06T12:43:13.626+0000][gc,init] CardTable entry size: 512
[2023-12-06T12:43:13.626+0000][gc     ] Using G1
[2023-12-06T12:43:13.630+0000][gc,init] Version: 18.0.2.1+1-1 (release)
[2023-12-06T12:43:13.630+0000][gc,init] CPUs: 8 total, 8 available
[2023-12-06T12:43:13.630+0000][gc,init] Memory: 7851M
[2023-12-06T12:43:13.630+0000][gc,init] Large Page Support: Disabled
[2023-12-06T12:43:13.630+0000][gc,init] NUMA Support: Disabled
[2023-12-06T12:43:13.630+0000][gc,init] Compressed Oops: Enabled (32-bit)
[2023-12-06T12:43:13.630+0000][gc,init] Heap Region Size: 1M
[2023-12-06T12:43:13.630+0000][gc,init] Heap Min Capacity: 512M
[2023-12-06T12:43:13.630+0000][gc,init] Heap Initial Capacity: 512M
[2023-12-06T12:43:13.631+0000][gc,init] Heap Max Capacity: 512M
[2023-12-06T12:43:13.631+0000][gc,init] Pre-touch: Disabled
[2023-12-06T12:43:13.631+0000][gc,init] Parallel Workers: 8
[2023-12-06T12:43:13.631+0000][gc,init] Concurrent Workers: 2
[2023-12-06T12:43:13.631+0000][gc,init] Concurrent Refinement Workers: 8
[2023-12-06T12:43:13.631+0000][gc,init] Periodic GC: Disabled
[2023-12-06T12:43:13.631+0000][gc,metaspace] CDS archive(s) mapped at: [0x0000000800000000-0x0000000800bc0000-0x0000000800bc0000), size 12320768, SharedBaseAddress: 0x0000000800000000, ArchiveRelocationMode: 0.
[2023-12-06T12:43:13.631+0000][gc,metaspace] Compressed class space mapped at: 0x0000000800c00000-0x0000000840c00000, reserved size: 1073741824
[2023-12-06T12:43:13.631+0000][gc,metaspace] Narrow klass base: 0x0000000800000000, Narrow klass shift: 0, Narrow klass range: 0x100000000
[2023-12-06T12:43:16.359+0000][gc,start    ] GC(0) Pause Young (Normal) (G1 Evacuation Pause)
[2023-12-06T12:43:16.359+0000][gc,task     ] GC(0) Using 8 workers of 8 for evacuation
[2023-12-06T12:43:16.365+0000][gc,phases   ] GC(0)   Pre Evacuate Collection Set: 0.1ms
[2023-12-06T12:43:16.365+0000][gc,phases   ] GC(0)   Merge Heap Roots: 0.1ms
[2023-12-06T12:43:16.365+0000][gc,phases   ] GC(0)   Evacuate Collection Set: 4.2ms
[2023-12-06T12:43:16.366+0000][gc,phases   ] GC(0)   Post Evacuate Collection Set: 1.0ms
[2023-12-06T12:43:16.366+0000][gc,phases   ] GC(0)   Other: 0.8ms
[2023-12-06T12:43:16.366+0000][gc,heap     ] GC(0) Eden regions: 25->0(21)
[2023-12-06T12:43:16.366+0000][gc,heap     ] GC(0) Survivor regions: 0->4(4)
[2023-12-06T12:43:16.366+0000][gc,heap     ] GC(0) Old regions: 0->4
[2023-12-06T12:43:16.366+0000][gc,heap     ] GC(0) Archive regions: 2->2
[2023-12-06T12:43:16.366+0000][gc,heap     ] GC(0) Humongous regions: 0->0
[2023-12-06T12:43:16.367+0000][gc,metaspace] GC(0) Metaspace: 8177K(8384K)->8177K(8384K) NonClass: 7311K(7424K)->7311K(7424K) Class: 865K(960K)->865K(960K)
[2023-12-06T12:43:16.367+0000][gc          ] GC(0) Pause Young (Normal) (G1 Evacuation Pause) 25M->8M(512M) 8.114ms
[2023-12-06T12:43:16.367+0000][gc,cpu      ] GC(0) User=0.02s Sys=0.01s Real=0.01s
[2023-12-07T05:05:25.943+0000][gc,start    ] GC(1) Pause Young (Normal) (G1 Evacuation Pause)
[2023-12-07T05:05:25.943+0000][gc,task     ] GC(1) Using 8 workers of 8 for evacuation
[2023-12-07T05:05:25.962+0000][gc,phases   ] GC(1)   Pre Evacuate Collection Set: 0.6ms
[2023-12-07T05:05:25.962+0000][gc,phases   ] GC(1)   Merge Heap Roots: 0.2ms
[2023-12-07T05:05:25.962+0000][gc,phases   ] GC(1)   Evacuate Collection Set: 16.2ms
[2023-12-07T05:05:25.963+0000][gc,phases   ] GC(1)   Post Evacuate Collection Set: 1.4ms
[2023-12-07T05:05:25.963+0000][gc,phases   ] GC(1)   Other: 0.4ms
[2023-12-07T05:05:25.963+0000][gc,heap     ] GC(1) Eden regions: 21->0(24)
[2023-12-07T05:05:25.963+0000][gc,heap     ] GC(1) Survivor regions: 4->1(4)
[2023-12-07T05:05:25.963+0000][gc,heap     ] GC(1) Old regions: 4->8
[2023-12-07T05:05:25.963+0000][gc,heap     ] GC(1) Archive regions: 2->2
[2023-12-07T05:05:25.963+0000][gc,heap     ] GC(1) Humongous regions: 0->0
[2023-12-07T05:05:25.964+0000][gc,metaspace] GC(1) Metaspace: 9037K(9280K)->9037K(9280K) NonClass: 8136K(8256K)->8136K(8256K) Class: 900K(1024K)->900K(1024K)
[2023-12-07T05:05:25.964+0000][gc          ] GC(1) Pause Young (Normal) (G1 Evacuation Pause) 29M->9M(512M) 21.116ms
[2023-12-07T05:05:25.964+0000][gc,cpu      ] GC(1) User=0.08s Sys=0.00s Real=0.02s
