[2023-12-05T14:06:05.007+0000][gc,init] CardTable entry size: 512
[2023-12-05T14:06:05.007+0000][gc     ] Using G1
[2023-12-05T14:06:05.011+0000][gc,init] Version: 18.0.2.1+1-1 (release)
[2023-12-05T14:06:05.011+0000][gc,init] CPUs: 8 total, 8 available
[2023-12-05T14:06:05.011+0000][gc,init] Memory: 7851M
[2023-12-05T14:06:05.011+0000][gc,init] Large Page Support: Disabled
[2023-12-05T14:06:05.011+0000][gc,init] NUMA Support: Disabled
[2023-12-05T14:06:05.011+0000][gc,init] Compressed Oops: Enabled (32-bit)
[2023-12-05T14:06:05.012+0000][gc,init] Heap Region Size: 1M
[2023-12-05T14:06:05.012+0000][gc,init] Heap Min Capacity: 512M
[2023-12-05T14:06:05.012+0000][gc,init] Heap Initial Capacity: 512M
[2023-12-05T14:06:05.012+0000][gc,init] Heap Max Capacity: 512M
[2023-12-05T14:06:05.012+0000][gc,init] Pre-touch: Disabled
[2023-12-05T14:06:05.012+0000][gc,init] Parallel Workers: 8
[2023-12-05T14:06:05.012+0000][gc,init] Concurrent Workers: 2
[2023-12-05T14:06:05.012+0000][gc,init] Concurrent Refinement Workers: 8
[2023-12-05T14:06:05.012+0000][gc,init] Periodic GC: Disabled
[2023-12-05T14:06:05.012+0000][gc,metaspace] CDS archive(s) mapped at: [0x0000000800000000-0x0000000800bc0000-0x0000000800bc0000), size 12320768, SharedBaseAddress: 0x0000000800000000, ArchiveRelocationMode: 0.
[2023-12-05T14:06:05.013+0000][gc,metaspace] Compressed class space mapped at: 0x0000000800c00000-0x0000000840c00000, reserved size: 1073741824
[2023-12-05T14:06:05.013+0000][gc,metaspace] Narrow klass base: 0x0000000800000000, Narrow klass shift: 0, Narrow klass range: 0x100000000
[2023-12-05T14:06:07.041+0000][gc,heap,exit] Heap
[2023-12-05T14:06:07.041+0000][gc,heap,exit]  garbage-first heap   total 524288K, used 25518K [0x00000000e0000000, 0x0000000100000000)
[2023-12-05T14:06:07.042+0000][gc,heap,exit]   region size 1024K, 25 young (25600K), 0 survivors (0K)
[2023-12-05T14:06:07.042+0000][gc,heap,exit]  Metaspace       used 7956K, committed 8192K, reserved 1114112K
[2023-12-05T14:06:07.042+0000][gc,heap,exit]   class space    used 852K, committed 960K, reserved 1048576K
