[2023-12-04T04:02:28.221+0000][gc,init] CardTable entry size: 512
[2023-12-04T04:02:28.221+0000][gc     ] Using G1
[2023-12-04T04:02:28.225+0000][gc,init] Version: 18.0.2.1+1-1 (release)
[2023-12-04T04:02:28.225+0000][gc,init] CPUs: 8 total, 8 available
[2023-12-04T04:02:28.225+0000][gc,init] Memory: 7851M
[2023-12-04T04:02:28.225+0000][gc,init] Large Page Support: Disabled
[2023-12-04T04:02:28.225+0000][gc,init] NUMA Support: Disabled
[2023-12-04T04:02:28.226+0000][gc,init] Compressed Oops: Enabled (32-bit)
[2023-12-04T04:02:28.226+0000][gc,init] Heap Region Size: 1M
[2023-12-04T04:02:28.226+0000][gc,init] Heap Min Capacity: 512M
[2023-12-04T04:02:28.226+0000][gc,init] Heap Initial Capacity: 512M
[2023-12-04T04:02:28.226+0000][gc,init] Heap Max Capacity: 512M
[2023-12-04T04:02:28.226+0000][gc,init] Pre-touch: Disabled
[2023-12-04T04:02:28.226+0000][gc,init] Parallel Workers: 8
[2023-12-04T04:02:28.226+0000][gc,init] Concurrent Workers: 2
[2023-12-04T04:02:28.226+0000][gc,init] Concurrent Refinement Workers: 8
[2023-12-04T04:02:28.226+0000][gc,init] Periodic GC: Disabled
[2023-12-04T04:02:28.227+0000][gc,metaspace] CDS archive(s) mapped at: [0x0000000800000000-0x0000000800bc0000-0x0000000800bc0000), size 12320768, SharedBaseAddress: 0x0000000800000000, ArchiveRelocationMode: 0.
[2023-12-04T04:02:28.227+0000][gc,metaspace] Compressed class space mapped at: 0x0000000800c00000-0x0000000840c00000, reserved size: 1073741824
[2023-12-04T04:02:28.227+0000][gc,metaspace] Narrow klass base: 0x0000000800000000, Narrow klass shift: 0, Narrow klass range: 0x100000000
[2023-12-04T04:02:33.883+0000][gc,start    ] GC(0) Pause Young (Normal) (G1 Evacuation Pause)
[2023-12-04T04:02:33.884+0000][gc,task     ] GC(0) Using 8 workers of 8 for evacuation
[2023-12-04T04:02:33.889+0000][gc,phases   ] GC(0)   Pre Evacuate Collection Set: 0.2ms
[2023-12-04T04:02:33.889+0000][gc,phases   ] GC(0)   Merge Heap Roots: 0.0ms
[2023-12-04T04:02:33.889+0000][gc,phases   ] GC(0)   Evacuate Collection Set: 3.5ms
[2023-12-04T04:02:33.889+0000][gc,phases   ] GC(0)   Post Evacuate Collection Set: 0.7ms
[2023-12-04T04:02:33.889+0000][gc,phases   ] GC(0)   Other: 0.6ms
[2023-12-04T04:02:33.889+0000][gc,heap     ] GC(0) Eden regions: 25->0(21)
[2023-12-04T04:02:33.890+0000][gc,heap     ] GC(0) Survivor regions: 0->4(4)
[2023-12-04T04:02:33.890+0000][gc,heap     ] GC(0) Old regions: 0->4
[2023-12-04T04:02:33.890+0000][gc,heap     ] GC(0) Archive regions: 2->2
[2023-12-04T04:02:33.890+0000][gc,heap     ] GC(0) Humongous regions: 0->0
[2023-12-04T04:02:33.890+0000][gc,metaspace] GC(0) Metaspace: 8216K(8512K)->8216K(8512K) NonClass: 7336K(7488K)->7336K(7488K) Class: 880K(1024K)->880K(1024K)
[2023-12-04T04:02:33.890+0000][gc          ] GC(0) Pause Young (Normal) (G1 Evacuation Pause) 25M->8M(512M) 6.901ms
[2023-12-04T04:02:33.890+0000][gc,cpu      ] GC(0) User=0.01s Sys=0.01s Real=0.01s
[2023-12-04T04:03:17.440+0000][gc,heap,exit] Heap
[2023-12-04T04:03:17.442+0000][gc,heap,exit]  garbage-first heap   total 524288K, used 15021K [0x00000000e0000000, 0x0000000100000000)
[2023-12-04T04:03:17.445+0000][gc,heap,exit]   region size 1024K, 11 young (11264K), 4 survivors (4096K)
[2023-12-04T04:03:17.449+0000][gc,heap,exit]  Metaspace       used 8758K, committed 8960K, reserved 1114112K
[2023-12-04T04:03:17.451+0000][gc,heap,exit]   class space    used 901K, committed 1024K, reserved 1048576K
