[2023-11-30T22:26:41.241+0000][gc,init] CardTable entry size: 512
[2023-11-30T22:26:41.242+0000][gc     ] Using G1
[2023-11-30T22:26:41.245+0000][gc,init] Version: 18.0.2.1+1-1 (release)
[2023-11-30T22:26:41.245+0000][gc,init] CPUs: 8 total, 8 available
[2023-11-30T22:26:41.245+0000][gc,init] Memory: 7851M
[2023-11-30T22:26:41.245+0000][gc,init] Large Page Support: Disabled
[2023-11-30T22:26:41.246+0000][gc,init] NUMA Support: Disabled
[2023-11-30T22:26:41.246+0000][gc,init] Compressed Oops: Enabled (32-bit)
[2023-11-30T22:26:41.246+0000][gc,init] Heap Region Size: 1M
[2023-11-30T22:26:41.246+0000][gc,init] Heap Min Capacity: 512M
[2023-11-30T22:26:41.246+0000][gc,init] Heap Initial Capacity: 512M
[2023-11-30T22:26:41.246+0000][gc,init] Heap Max Capacity: 512M
[2023-11-30T22:26:41.246+0000][gc,init] Pre-touch: Disabled
[2023-11-30T22:26:41.246+0000][gc,init] Parallel Workers: 8
[2023-11-30T22:26:41.246+0000][gc,init] Concurrent Workers: 2
[2023-11-30T22:26:41.246+0000][gc,init] Concurrent Refinement Workers: 8
[2023-11-30T22:26:41.247+0000][gc,init] Periodic GC: Disabled
[2023-11-30T22:26:41.247+0000][gc,metaspace] CDS archive(s) mapped at: [0x0000000800000000-0x0000000800bc0000-0x0000000800bc0000), size 12320768, SharedBaseAddress: 0x0000000800000000, ArchiveRelocationMode: 0.
[2023-11-30T22:26:41.247+0000][gc,metaspace] Compressed class space mapped at: 0x0000000800c00000-0x0000000840c00000, reserved size: 1073741824
[2023-11-30T22:26:41.247+0000][gc,metaspace] Narrow klass base: 0x0000000800000000, Narrow klass shift: 0, Narrow klass range: 0x100000000
[2023-11-30T22:26:42.798+0000][gc,start    ] GC(0) Pause Young (Normal) (G1 Evacuation Pause)
[2023-11-30T22:26:42.802+0000][gc,task     ] GC(0) Using 8 workers of 8 for evacuation
[2023-11-30T22:26:42.815+0000][gc,phases   ] GC(0)   Pre Evacuate Collection Set: 0.4ms
[2023-11-30T22:26:42.815+0000][gc,phases   ] GC(0)   Merge Heap Roots: 0.2ms
[2023-11-30T22:26:42.815+0000][gc,phases   ] GC(0)   Evacuate Collection Set: 10.2ms
[2023-11-30T22:26:42.816+0000][gc,phases   ] GC(0)   Post Evacuate Collection Set: 1.3ms
[2023-11-30T22:26:42.816+0000][gc,phases   ] GC(0)   Other: 3.8ms
[2023-11-30T22:26:42.816+0000][gc,heap     ] GC(0) Eden regions: 25->0(21)
[2023-11-30T22:26:42.816+0000][gc,heap     ] GC(0) Survivor regions: 0->4(4)
[2023-11-30T22:26:42.817+0000][gc,heap     ] GC(0) Old regions: 0->4
[2023-11-30T22:26:42.817+0000][gc,heap     ] GC(0) Archive regions: 2->2
[2023-11-30T22:26:42.817+0000][gc,heap     ] GC(0) Humongous regions: 0->0
[2023-11-30T22:26:42.817+0000][gc,metaspace] GC(0) Metaspace: 8182K(8384K)->8182K(8384K) NonClass: 7312K(7424K)->7312K(7424K) Class: 870K(960K)->870K(960K)
[2023-11-30T22:26:42.817+0000][gc          ] GC(0) Pause Young (Normal) (G1 Evacuation Pause) 25M->8M(512M) 19.602ms
[2023-11-30T22:26:42.818+0000][gc,cpu      ] GC(0) User=0.03s Sys=0.02s Real=0.01s
[2023-11-30T22:26:46.770+0000][gc,heap,exit] Heap
[2023-11-30T22:26:46.770+0000][gc,heap,exit]  garbage-first heap   total 524288K, used 9678K [0x00000000e0000000, 0x0000000100000000)
[2023-11-30T22:26:46.771+0000][gc,heap,exit]   region size 1024K, 5 young (5120K), 4 survivors (4096K)
[2023-11-30T22:26:46.771+0000][gc,heap,exit]  Metaspace       used 8187K, committed 8384K, reserved 1114112K
[2023-11-30T22:26:46.771+0000][gc,heap,exit]   class space    used 870K, committed 960K, reserved 1048576K
